Archive member included because of file (symbol)

../../wlan_bsp_cpu_high/mb_high/lib\libxil.a(xil_printf.o)
                              ./wlan_mac_high_framework/wlan_mac_eth_util.o (xil_printf)
../../wlan_bsp_cpu_high/mb_high/lib\libxil.a(_exception_handler.o)
                              c:/xilinx/14.4/ise_ds/edk/gnu/microblaze/nt64/bin/../lib/gcc/microblaze-xilinx-elf/4.6.2/../../../../microblaze-xilinx-elf/lib/bs/m/le/crt0.o (_exception_handler)
../../wlan_bsp_cpu_high/mb_high/lib\libxil.a(_program_clean.o)
                              c:/xilinx/14.4/ise_ds/edk/gnu/microblaze/nt64/bin/../lib/gcc/microblaze-xilinx-elf/4.6.2/../../../../microblaze-xilinx-elf/lib/bs/m/le/crtinit.o (_program_clean)
../../wlan_bsp_cpu_high/mb_high/lib\libxil.a(_program_init.o)
                              c:/xilinx/14.4/ise_ds/edk/gnu/microblaze/nt64/bin/../lib/gcc/microblaze-xilinx-elf/4.6.2/../../../../microblaze-xilinx-elf/lib/bs/m/le/crtinit.o (_program_init)
../../wlan_bsp_cpu_high/mb_high/lib\libxil.a(hw_exception_handler.o)
                              c:/xilinx/14.4/ise_ds/edk/gnu/microblaze/nt64/bin/../lib/gcc/microblaze-xilinx-elf/4.6.2/../../../../microblaze-xilinx-elf/lib/bs/m/le/crt0.o (_hw_exception_handler)
../../wlan_bsp_cpu_high/mb_high/lib\libxil.a(microblaze_interrupt_handler.o)
                              c:/xilinx/14.4/ise_ds/edk/gnu/microblaze/nt64/bin/../lib/gcc/microblaze-xilinx-elf/4.6.2/../../../../microblaze-xilinx-elf/lib/bs/m/le/crt0.o (_interrupt_handler)
../../wlan_bsp_cpu_high/mb_high/lib\libxil.a(microblaze_interrupts_g.o)
                              ../../wlan_bsp_cpu_high/mb_high/lib\libxil.a(microblaze_interrupt_handler.o) (MB_InterruptVectorTable)
../../wlan_bsp_cpu_high/mb_high/lib\libxil.a(outbyte.o)
                              ../../wlan_bsp_cpu_high/mb_high/lib\libxil.a(xil_printf.o) (outbyte)
../../wlan_bsp_cpu_high/mb_high/lib\libxil.a(xil_assert.o)
                              ./wlan_mac_high_framework/wlan_mac_fmc_pkt.o (Xil_Assert)
../../wlan_bsp_cpu_high/mb_high/lib\libxil.a(xil_exception.o)
                              ./wlan_mac_high_framework/wlan_mac_high.o (Xil_ExceptionInit)
../../wlan_bsp_cpu_high/mb_high/lib\libxil.a(xil_io.o)
                              ./wlan_mac_high_framework/wlan_mac_eth_util.o (Xil_EndianSwap16)
../../wlan_bsp_cpu_high/mb_high/lib\libxil.a(xaxicdma.o)
                              ./wlan_mac_high_framework/wlan_mac_high.o (XAxiCdma_CfgInitialize)
../../wlan_bsp_cpu_high/mb_high/lib\libxil.a(xaxicdma_bdring.o)
                              ../../wlan_bsp_cpu_high/mb_high/lib\libxil.a(xaxicdma.o) (XAxiCdma_BdRingGetCurrBd)
../../wlan_bsp_cpu_high/mb_high/lib\libxil.a(xaxicdma_intr.o)
                              ../../wlan_bsp_cpu_high/mb_high/lib\libxil.a(xaxicdma.o) (XAxiCdma_IntrGetEnabled)
../../wlan_bsp_cpu_high/mb_high/lib\libxil.a(xaxicdma_sinit.o)
                              ./wlan_mac_high_framework/wlan_mac_high.o (XAxiCdma_LookupConfig)
../../wlan_bsp_cpu_high/mb_high/lib\libxil.a(xaxiethernet.o)
                              ./wlan_mac_high_framework/wlan_mac_eth_util.o (XAxiEthernet_Start)
../../wlan_bsp_cpu_high/mb_high/lib\libxil.a(xaxiethernet_sinit.o)
                              ./wlan_mac_high_framework/wlan_mac_eth_util.o (XAxiEthernet_LookupConfig)
../../wlan_bsp_cpu_high/mb_high/lib\libxil.a(xaxidma.o)
                              ./wlan_mac_high_framework/wlan_mac_eth_util.o (XAxiDma_CfgInitialize)
../../wlan_bsp_cpu_high/mb_high/lib\libxil.a(xaxidma_bd.o)
                              ./wlan_mac_high_framework/wlan_mac_eth_util.o (XAxiDma_BdSetLength)
../../wlan_bsp_cpu_high/mb_high/lib\libxil.a(xaxidma_bdring.o)
                              ./wlan_mac_high_framework/wlan_mac_eth_util.o (XAxiDma_BdRingCreate)
../../wlan_bsp_cpu_high/mb_high/lib\libxil.a(xaxidma_sinit.o)
                              ./wlan_mac_high_framework/wlan_mac_eth_util.o (XAxiDma_LookupConfig)
../../wlan_bsp_cpu_high/mb_high/lib\libxil.a(xintc.o)
                              ./wlan_mac_high_framework/wlan_mac_high.o (XIntc_Initialize)
../../wlan_bsp_cpu_high/mb_high/lib\libxil.a(xintc_g.o)
                              ../../wlan_bsp_cpu_high/mb_high/lib\libxil.a(xintc.o) (XIntc_ConfigTable)
../../wlan_bsp_cpu_high/mb_high/lib\libxil.a(xintc_intr.o)
                              ./wlan_mac_high_framework/wlan_mac_high.o (XIntc_InterruptHandler)
../../wlan_bsp_cpu_high/mb_high/lib\libxil.a(xintc_l.o)
                              ../../wlan_bsp_cpu_high/mb_high/lib\libxil.a(microblaze_interrupts_g.o) (XIntc_DeviceInterruptHandler)
../../wlan_bsp_cpu_high/mb_high/lib\libxil.a(xgpio.o)
                              ./wlan_mac_high_framework/wlan_mac_high.o (XGpio_SetDataDirection)
../../wlan_bsp_cpu_high/mb_high/lib\libxil.a(xgpio_intr.o)
                              ./wlan_mac_high_framework/wlan_mac_high.o (XGpio_InterruptGlobalEnable)
../../wlan_bsp_cpu_high/mb_high/lib\libxil.a(xgpio_sinit.o)
[...]
Memory Configuration

Name             Origin             Length             Attributes
mb_high_ilmb_bram_cntlr_0_mb_high_dlmb_bram_cntlr_0 0x00000050         0x0001ffb0
mb_high_ilmb_bram_cntlr_1_mb_high_dlmb_bram_cntlr_1 0x00020000         0x00020000
mb_high_init_bram_ctrl_S_AXI_BASEADDR 0x50000000         0x00001000
pkt_buff_tx_bram_ctrl_S_AXI_BASEADDR 0xbf570000         0x00010000
pkt_buff_rx_bram_ctrl_S_AXI_BASEADDR 0xbf560000         0x00010000
mb_high_aux_bram_ctrl_S_AXI_BASEADDR 0xbf540000         0x00010000
ddr3_sodimm_S_AXI_BASEADDR 0xc0000000         0x40000000
*default*        0x00000000         0xffffffff

Linker script and memory map

LOAD c:/xilinx/14.4/ise_ds/edk/gnu/microblaze/nt64/bin/../lib/gcc/microblaze-xilinx-elf/4.6.2/../../../../microblaze-xilinx-elf/lib/bs/m/le/crt0.o
LOAD c:/xilinx/14.4/ise_ds/edk/gnu/microblaze/nt64/bin/../lib/gcc/microblaze-xilinx-elf/4.6.2/bs/m/le/crti.o
LOAD c:/xilinx/14.4/ise_ds/edk/gnu/microblaze/nt64/bin/../lib/gcc/microblaze-xilinx-elf/4.6.2/bs/m/le/crtbegin.o
LOAD c:/xilinx/14.4/ise_ds/edk/gnu/microblaze/nt64/bin/../lib/gcc/microblaze-xilinx-elf/4.6.2/../../../../microblaze-xilinx-elf/lib/bs/m/le/crtinit.o
                [0x00000400]                _STACK_SIZE = DEFINED (_STACK_SIZE)?_STACK_SIZE:0x400
                [0x00001fa0]                _HEAP_SIZE = DEFINED (_HEAP_SIZE)?_HEAP_SIZE:0x1fa0

.vectors.reset  0x00000000        0x8
 *(.vectors.reset)
 .vectors.reset
                0x00000000        0x8 c:/xilinx/14.4/ise_ds/edk/gnu/microblaze/nt64/bin/../lib/gcc/microblaze-xilinx-elf/4.6.2/../../../../microblaze-xilinx-elf/lib/bs/m/le/crt0.o
                0x00000000                _start

.vectors.sw_exception
                0x00000008        0x8
 *(.vectors.sw_exception)
 .vectors.sw_exception
                0x00000008        0x8 c:/xilinx/14.4/ise_ds/edk/gnu/microblaze/nt64/bin/../lib/gcc/microblaze-xilinx-elf/4.6.2/../../../../microblaze-xilinx-elf/lib/bs/m/le/crt0.o

.vectors.interrupt
                0x00000010        0x8
 *(.vectors.interrupt)
 .vectors.interrupt
                0x00000010        0x8 c:/xilinx/14.4/ise_ds/edk/gnu/microblaze/nt64/bin/../lib/gcc/microblaze-xilinx-elf/4.6.2/../../../../microblaze-xilinx-elf/lib/bs/m/le/crt0.o

.vectors.hw_exception
                0x00000020        0x8
 *(.vectors.hw_exception)
 .vectors.hw_exception
                0x00000020        0x8 c:/xilinx/14.4/ise_ds/edk/gnu/microblaze/nt64/bin/../lib/gcc/microblaze-xilinx-elf/4.6.2/../../../../microblaze-xilinx-elf/lib/bs/m/le/crt0.o

.text           0x00000050    0x1e650
 *(.text)
 .text          0x00000050       0x34 c:/xilinx/14.4/ise_ds/edk/gnu/microblaze/nt64/bin/../lib/gcc/microblaze-xilinx-elf/4.6.2/../../../../microblaze-xilinx-elf/lib/bs/m/le/crt0.o
                0x00000050                _start1
                0x00000080                _exit
 .text          0x00000084        0x0 c:/xilinx/14.4/ise_ds/edk/gnu/microblaze/nt64/bin/../lib/gcc/microblaze-xilinx-elf/4.6.2/bs/m/le/crti.o
 .text          0x00000084      0x118 c:/xilinx/14.4/ise_ds/edk/gnu/microblaze/nt64/bin/../lib/gcc/microblaze-xilinx-elf/4.6.2/bs/m/le/crtbegin.o
 .text          0x0000019c       0xb0 c:/xilinx/14.4/ise_ds/edk/gnu/microblaze/nt64/bin/../lib/gcc/microblaze-xilinx-elf/4.6.2/../../../../microblaze-xilinx-elf/lib/bs/m/le/crtinit.o
                0x0000019c                _crtinit
 .text          0x0000024c       0x64 ./wlan_mac_high_framework/wlan_exp_common.o
                0x0000024c                wlan_mac_exp_configure
 .text          0x000002b0        0x0 ./wlan_mac_high_framework/wlan_exp_node.o
 .text          0x000002b0        0x0 ./wlan_mac_high_framework/wlan_exp_transport.o
 .text          0x000002b0      0x32c ./wlan_mac_high_framework/wlan_mac_dl_list.o
                0x000002b0                dl_node_insertAfter
                0x0000034c                dl_node_insertBefore
                0x000003e8                dl_node_insertBeginning
                0x00000488                dl_node_insertEnd
                0x000004f4                dl_node_remove
                0x000005a0                dl_list_init
 .text          0x000005dc     0x159c ./wlan_mac_high_framework/wlan_mac_eth_util.o
                0x000005dc                wlan_eth_init
                0x000007b0                wlan_mac_util_set_eth_rx_callback
                0x000007e0                wlan_mac_util_set_transmit_callback
                0x00000810                set_eth_mac_addr
                0x00000880                wlan_mac_util_set_eth_encap_mode
                0x000008b4                eth_bd_total_size
                0x000008dc                wlan_eth_setup_interrupt
                0x00000990                RxIntrHandler
                0x00000a3c                wlan_eth_dma_init
                0x00000f28                wlan_mpdu_eth_send
                0x00001068                wlan_eth_dma_send
                0x00001228                wlan_poll_eth
                0x00001510                wlan_eth_encap
                0x000018f4                wlan_eth_dma_update
 .text          0x00001b78      0xf38 ./wlan_mac_high_framework/wlan_mac_event_log.o
                0x00001b78                event_log_init
                0x00001c18                event_log_reset
                0x00001c8c                event_log_config_wrap
                0x00001cf8                event_log_get_data
                0x00001e58                event_log_get_size
                0x00001ed4                event_log_get_current_index
                0x00001f08                event_log_get_oldest_event_index
                0x00001f3c                event_log_update_type
                0x00002028                event_log_update_timestamp
                0x00002148                event_log_increment_head_address
                0x000022f4                event_log_get_next_empty_address
                0x00002654                event_log_get_next_empty_event
                0x00002788                print_event_log
                0x00002a3c                print_event_log_size
 .text          0x00002ab0      0x608 ./wlan_mac_high_framework/wlan_mac_events.o
                0x00002ab0                get_next_empty_rx_ofdm_event
                0x00002aec                get_next_empty_rx_dsss_event
                0x00002b28                get_next_empty_tx_event
                0x00002b64                get_next_empty_bad_fcs_event
                0x00002ba0                print_event
 .text          0x000030b8      0xbc0 ./wlan_mac_high_framework/wlan_mac_fmc_pkt.o
                0x000030b8                fmc_ipc_rx
                0x000035b0                wlan_fmc_pkt_eth_send
                0x00003680                wlan_XMbox_Read
                0x00003940                wlan_XMbox_WriteBlocking
                0x00003b58                wlan_fmc_pkt_init
                0x00003b7c                wlan_fmc_pkt_mailbox_setup_interrupt
                0x00003ba4                FMCMailboxIntrHandler
 .text          0x00003c78     0x29a4 ./wlan_mac_high_framework/wlan_mac_high.o
                0x00003c78                wlan_mac_high_heap_init
                0x00003dc8                wlan_mac_high_init
                0x00004204                wlan_mac_high_interrupt_init
                0x000044b4                wlan_mac_high_interrupt_start
                0x000044f4                wlan_mac_high_interrupt_stop
                0x00004530                wlan_mac_high_get_hw_info
                0x00004558                wlan_mac_high_print_hw_info
                0x00004748                wlan_mac_high_uart_rx_handler
                0x000047b4                wlan_mac_high_find_station_info_AID
                0x00004840                wlan_mac_high_find_station_info_ADDR
                0x000048e0                wlan_mac_high_find_statistics_ADDR
                0x00004980                wlan_mac_high_gpio_handler
                0x00004a5c                wlan_mac_high_set_pb_u_callback
                0x00004a8c                wlan_mac_high_set_pb_m_callback
                0x00004abc                wlan_mac_high_set_pb_d_callback
                0x00004aec                wlan_mac_high_set_uart_rx_callback
                0x00004b1c                wlan_mac_high_set_mpdu_tx_done_callback
                0x00004b4c                wlan_mac_high_set_fcs_bad_rx_callback
                0x00004b7c                wlan_mac_high_set_mpdu_rx_callback
                0x00004bac                wlan_mac_high_set_mpdu_accept_callback
                0x00004bdc                wlan_mac_high_set_check_queue_callback
                0x00004c0c                wlan_mac_high_gpio_timestamp_init
                0x00004c84                get_usec_timestamp
                0x00004d4c                wlan_mac_high_process_tx_done
                0x00004df0                wlan_mac_high_display_mallinfo
                0x00005078                wlan_mac_high_malloc
                0x000050f8                wlan_mac_high_calloc
                0x00005164                wlan_mac_high_realloc
                0x000051ec                wlan_mac_high_free
                0x0000523c                wlan_mac_high_get_tx_rate
                0x000052c8                wlan_mac_high_write_hex_display
                0x00005370                wlan_mac_high_write_hex_display_dots
                0x00005414                wlan_mac_high_memory_test
                0x00005670                wlan_mac_high_is_tx_buffer_empty
                0x000056d8                wlan_mac_high_cdma_start_transfer
                0x00005760                wlan_mac_high_cdma_finish_transfer
                0x000057a4                wlan_mac_high_mpdu_transmit
                0x00005948                wlan_mac_high_get_eth_mac_addr
                0x00005970                wlan_mac_high_get_eeprom_mac_addr
                0x00005998                wlan_mac_high_valid_tagged_rate
                0x00005aa0                wlan_mac_high_tagged_rate_to_readable_rate
                0x00005cec                wlan_mac_high_setup_tx_header
                0x00005d30                wlan_mac_high_setup_tx_queue
                0x00005dc8                str2num
                0x00005eb0                usleep
                0x00005f3c                wlan_mac_high_ipc_rx
                0x00005f90                wlan_mac_high_process_ipc_msg
                0x00006430                wlan_mac_high_set_channel
                0x000064b8                wlan_mac_high_set_dsss
                0x00006540                wlan_mac_high_set_backoff_slot_value
                0x000065ac                wlan_mac_high_is_cpu_low_initialized
                0x000065e8                wlan_mac_high_is_cpu_low_ready
 .text          0x0000661c      0xbfc ./wlan_mac_high_framework/wlan_mac_ltg.o
                0x0000661c                wlan_mac_ltg_sched_init
                0x00006684                wlan_mac_ltg_sched_set_callback
                0x000066b4                ltg_sched_configure
                0x0000697c                ltg_sched_start
                0x000069ec                ltg_sched_start_l
                0x00006b9c                ltg_sched_check
                0x00006ca8                ltg_sched_stop
                0x00006d00                ltg_sched_stop_l
                0x00006d7c                ltg_sched_get_state
                0x00006eb0                ltg_sched_get_params
                0x00006f18                ltg_sched_get_callback_arg
                0x00006f7c                ltg_sched_remove
                0x0000709c                ltg_sched_create
                0x000070d4                ltg_sched_destroy_params
                0x0000714c                ltg_sched_destroy
                0x00007194                ltg_sched_find_tg_schedule
 .text          0x00007218     0x127c ./wlan_mac_high_framework/wlan_mac_packet_types.o
                0x00007218                wlan_create_beacon_probe_frame
                0x000075d8                wlan_create_probe_req_frame
                0x00007890                wlan_create_auth_frame
                0x00007a44                wlan_create_deauth_frame
                0x00007bd0                wlan_create_reassoc_assoc_req_frame
                0x00007f20                wlan_create_association_response_frame
                0x00008180                wlan_create_data_frame
                0x000082dc                rate_union
 .text          0x00008494      0x814 ./wlan_mac_high_framework/wlan_mac_queue.o
                0x00008494                queue_dram_present
                0x000084c8                queue_init
                0x000086a4                queue_total_size
                0x000086cc                purge_queue
                0x00008764                enqueue_after_end
                0x000088e8                dequeue_from_beginning
                0x00008a24                queue_num_free
                0x00008a4c                queue_num_queued
                0x00008aac                queue_checkout
                0x00008b80                queue_checkin
                0x00008c0c                wlan_mac_queue_poll
 .text          0x00008ca8      0xa30 ./wlan_mac_high_framework/wlan_mac_schedule.o
                0x00008ca8                wlan_mac_schedule_init
                0x00008da0                wlan_mac_schedule_setup_interrupt
                0x00008e28                wlan_mac_schedule_event_repeated
                0x00009000                wlan_mac_remove_schedule
                0x00009120                timer_handler
                0x00009494                find_schedule
                0x00009594                XTmrCtr_CustomInterruptHandler
 .text          0x000096d8      0x8c8 ./wlan_mac_common/wlan_mac_ipc_util.o
                0x000096d8                nullCallback
                0x000096fc                wlan_lib_init
                0x00009818                wlan_lib_mailbox_setup_interrupt
                0x000098f8                wlan_lib_mailbox_set_rx_callback
                0x00009928                MailboxIntrHandler
                0x000099d4                wlan_lib_mac_rate_to_mbps
                0x00009ab8                lock_pkt_buf_tx
                0x00009b34                lock_pkt_buf_rx
                0x00009bb8                unlock_pkt_buf_tx
                0x00009c34                unlock_pkt_buf_rx
                0x00009cb8                status_pkt_buf_tx
                0x00009d30                status_pkt_buf_rx
                0x00009db0                ipc_mailbox_write_msg
                0x00009e5c                ipc_mailbox_read_isempty
                0x00009e98                ipc_mailbox_read_msg
 .text          0x00009fa0        0x0 ./src/wlan_exp_node_sta.o
 .text          0x00009fa0     0x2360 ./src/wlan_mac_sta.o
                0x00009fa0                main
                0x0000a3c4                check_tx_queue
                0x0000a470                mpdu_transmit_done
                0x0000a598                attempt_association
                0x0000a7b8                attempt_authentication
                0x0000a990                start_active_scan
                0x0000aa54                stop_active_scan
                0x0000aac8                probe_req_transmit
                0x0000acc4                ethernet_receive
                0x0000ae70                mpdu_rx_process
                0x0000b96c                ltg_event
                0x0000bb80                print_ap_list
                0x0000c178                bad_fcs_rx_process
                0x0000c1dc                reset_station_statistics
                0x0000c238                get_ap_list
 .text          0x0000c300     0x1474 ./src/wlan_mac_sta_uart_menu.o
                0x0000c300                uart_rx
                0x0000d214                print_ltg_interval_menu
                0x0000d250                print_menu
                0x0000d2f0                print_station_status
                0x0000d734                ltg_cleanup
 .text          0x0000d774      0x604 ../../wlan_bsp_cpu_high/mb_high/lib\libxil.a(xil_printf.o)
                0x0000d960                xil_printf
 .text          0x0000dd78        0x8 ../../wlan_bsp_cpu_high/mb_high/lib\libxil.a(_exception_handler.o)
                0x0000dd78                _exception_handler
 .text          0x0000dd80        0x8 ../../wlan_bsp_cpu_high/mb_high/lib\libxil.a(_program_clean.o)
                0x0000dd80                _program_clean
 .text          0x0000dd88        0x8 ../../wlan_bsp_cpu_high/mb_high/lib\libxil.a(_program_init.o)
                0x0000dd88                _program_init
 .text          0x0000dd90      0x460 ../../wlan_bsp_cpu_high/mb_high/lib\libxil.a(hw_exception_handler.o)
                0x0000dd90                _hw_exception_handler
 .text          0x0000e1f0       0xb8 ../../wlan_bsp_cpu_high/mb_high/lib\libxil.a(microblaze_interrupt_handler.o)
                0x0000e1f0                _interrupt_handler
                0x0000e1f0                __interrupt_handler
                0x0000e294                microblaze_register_handler
 .text          0x0000e2a8        0x0 ../../wlan_bsp_cpu_high/mb_high/lib\libxil.a(microblaze_interrupts_g.o)
 .text          0x0000e2a8       0x2c ../../wlan_bsp_cpu_high/mb_high/lib\libxil.a(outbyte.o)
                0x0000e2a8                outbyte
 .text          0x0000e2d4       0x48 ../../wlan_bsp_cpu_high/mb_high/lib\libxil.a(xil_assert.o)
                0x0000e2d4                Xil_Assert
                0x0000e30c                Xil_AssertSetCallback
 .text          0x0000e31c       0xe8 ../../wlan_bsp_cpu_high/mb_high/lib\libxil.a(xil_exception.o)
                0x0000e324                Xil_ExceptionInit
                0x0000e32c                Xil_ExceptionEnable
                0x0000e358                Xil_ExceptionDisable
                0x0000e384                Xil_ExceptionRegisterHandler
                0x0000e3bc                Xil_ExceptionRemoveHandler
 .text          0x0000e404      0x118 ../../wlan_bsp_cpu_high/mb_high/lib\libxil.a(xil_io.o)
                0x0000e404                Xil_EndianSwap16
                0x0000e420                Xil_EndianSwap32
                0x0000e458                Xil_In16BE
                0x0000e480                Xil_In32BE
                0x0000e4bc                Xil_Out16BE
                0x0000e4dc                Xil_Out32BE
 .text          0x0000e51c      0x570 ../../wlan_bsp_cpu_high/mb_high/lib\libxil.a(xaxicdma.o)
                0x0000e51c                XAxiCdma_GetError
                0x0000e52c                XAxiCdma_Reset
                0x0000e554                XAxiCdma_ResetIsDone
                0x0000e56c                XAxiCdma_CfgInitialize
                0x0000e64c                XAxiCdma_IsBusy
                0x0000e664                XAxiCdma_IsSimpleMode
                0x0000e67c                XAxiCdma_SwitchMode
                0x0000e788                XAxiCdma_SimpleTransfer
                0x0000e8e4                XAxiCdma_SetCoalesce
                0x0000e978                XAxiCdma_GetCoalesce
                0x0000e9b0                XAxiCdma_DumpRegisters
 .text          0x0000ea8c      0xab8 ../../wlan_bsp_cpu_high/mb_high/lib\libxil.a(xaxicdma_bdring.o)
                0x0000ea8c                XAxiCdma_BdRingCntCalc
                0x0000eac8                XAxiCdma_BdRingMemCalc
                0x0000eadc                XAxiCdma_BdRingGetCnt
                0x0000eae4                XAxiCdma_BdRingGetFreeCnt
                0x0000eaec                XAxiCdma_BdRingSnapShotCurrBd
                0x0000eb3c                XAxiCdma_BdRingGetCurrBd
                0x0000eb4c                XAxiCdma_BdRingNext
                0x0000eb94                XAxiCdma_BdRingPrev
                0x0000ebdc                XAxiCdma_BdRingCreate
                0x0000ee20                XAxiCdma_BdRingClone
                0x0000eee8                XAxiCdma_BdRingAlloc
                0x0000ef50                XAxiCdma_BdRingUnAlloc
                0x0000efd8                XAxiCdma_BdRingToHw
                0x0000f258                XAxiCdma_BdRingFromHw
                0x0000f3b0                XAxiCdma_BdRingFree
                0x0000f490                XAxiCdma_BdRingStartTransfer
 .text          0x0000f544      0x194 ../../wlan_bsp_cpu_high/mb_high/lib\libxil.a(xaxicdma_intr.o)
                0x0000f544                XAxiCdma_IntrEnable
                0x0000f560                XAxiCdma_IntrGetEnabled
                0x0000f570                XAxiCdma_IntrDisable
                0x0000f590                XAxiCdma_IntrHandler
 .text          0x0000f6d8       0x24 ../../wlan_bsp_cpu_high/mb_high/lib\libxil.a(xaxicdma_sinit.o)
                0x0000f6d8                XAxiCdma_LookupConfig
 .text          0x0000f6fc     0x135c ../../wlan_bsp_cpu_high/mb_high/lib\libxil.a(xaxiethernet.o)
                0x0000f7e0                XAxiEthernet_Start
                0x0000f8dc                XAxiEthernet_Stop
                0x0000f9a4                XAxiEthernet_SetMacAddress
                0x0000fb24                XAxiEthernet_GetMacAddress
                0x0000fc58                XAxiEthernet_SetOptions
                0x0000ff08                XAxiEthernet_ClearOptions
                0x000101b0                XAxiEthernet_GetOptions
                0x0001024c                XAxiEthernet_GetOperatingSpeed
                0x00010330                XAxiEthernet_SetOperatingSpeed
                0x000104b0                XAxiEthernet_SetBadFrmRcvOption
                0x000104c8                XAxiEthernet_ClearBadFrmRcvOption
                0x000104e0                XAxiEthernet_DisableControlFrameLenCheck
                0x000104fc                XAxiEthernet_EnableControlFrameLenCheck
                0x00010518                XAxiEthernet_PhySetMdioDivisor
                0x000105e0                XAxiEthernet_Reset
                0x00010784                XAxiEthernet_CfgInitialize
                0x00010844                XAxiEthernet_PhyRead
                0x00010950                XAxiEthernet_PhyWrite
 .text          0x00010a58       0x40 ../../wlan_bsp_cpu_high/mb_high/lib\libxil.a(xaxiethernet_sinit.o)
                0x00010a58                XAxiEthernet_LookupConfig
 .text          0x00010a98      0x758 ../../wlan_bsp_cpu_high/mb_high/lib\libxil.a(xaxidma.o)
                0x00010a98                XAxiDma_Reset
                0x00010ba8                XAxiDma_ResetIsDone
                0x00010bec                XAxiDma_CfgInitialize
                0x00010dcc                XAxiDma_Pause
                0x00010e60                XAxiDma_Resume
                0x00011074                XAxiDma_Busy
                0x00011094                XAxiDma_SelectKeyHole
                0x000110c4                XAxiDma_SimpleTransfer
 .text          0x000111f0      0x280 ../../wlan_bsp_cpu_high/mb_high/lib\libxil.a(xaxidma_bd.o)
                0x000111f0                XAxiDma_BdSetLength
                0x00011224                XAxiDma_BdSetBufAddr
                0x00011284                XAxiDma_BdSetAppWord
                0x000112b8                XAxiDma_BdGetAppWord
                0x000112f0                XAxiDma_BdSetCtrl
                0x00011310                XAxiDma_DumpBd
 .text          0x00011470      0xd48 ../../wlan_bsp_cpu_high/mb_high/lib\libxil.a(xaxidma_bdring.o)
                0x00011470                XAxiDma_UpdateBdRingCDesc
                0x00011560                XAxiDma_BdRingCreate
                0x00011738                XAxiDma_BdRingClone
                0x00011810                XAxiDma_StartBdRingHw
                0x00011914                XAxiDma_BdRingStart
                0x00011948                XAxiDma_BdRingSetCoalesce
                0x000119b4                XAxiDma_BdRingGetCoalesce
                0x000119d8                XAxiDma_BdRingAlloc
                0x00011a50                XAxiDma_BdRingUnAlloc
                0x00011af4                XAxiDma_BdRingToHw
                0x00011d24                XAxiDma_BdRingFromHw
                0x00011ea8                XAxiDma_BdRingFree
                0x00011f24                XAxiDma_BdRingCheck
                0x00012094                XAxiDma_BdRingDumpRegs
 .text          0x000121b8       0x24 ../../wlan_bsp_cpu_high/mb_high/lib\libxil.a(xaxidma_sinit.o)
                0x000121b8                XAxiDma_LookupConfig
 .text          0x000121dc      0xc18 ../../wlan_bsp_cpu_high/mb_high/lib\libxil.a(xintc.o)
                0x00012234                XIntc_Initialize
                0x000123c4                XIntc_Start
                0x000124b4                XIntc_Stop
                0x00012544                XIntc_Connect
                0x00012654                XIntc_Disconnect
                0x00012758                XIntc_Enable
                0x00012834                XIntc_Disable
                0x00012914                XIntc_Acknowledge
                0x000129e8                XIntc_LookupConfig
                0x00012a0c                XIntc_ConnectFastHandler
                0x00012c10                XIntc_SetNormalIntrMode
 .text          0x00012df4        0x0 ../../wlan_bsp_cpu_high/mb_high/lib\libxil.a(xintc_g.o)
 .text          0x00012df4       0x7c ../../wlan_bsp_cpu_high/mb_high/lib\libxil.a(xintc_intr.o)
                0x00012df4                XIntc_VoidInterruptHandler
                0x00012e14                XIntc_InterruptHandler
 .text          0x00012e70      0x1e8 ../../wlan_bsp_cpu_high/mb_high/lib\libxil.a(xintc_l.o)
                0x00012e70                XIntc_DeviceInterruptHandler
                0x00012f68                XIntc_LowLevelInterruptHandler
                0x00012f84                XIntc_SetIntrSvcOption
                0x00012fac                XIntc_RegisterHandler
                0x00012fe0                XIntc_RegisterFastHandler
 .text          0x00013058      0x41c ../../wlan_bsp_cpu_high/mb_high/lib\libxil.a(xgpio.o)
                0x00013058                XGpio_CfgInitialize
                0x000130cc                XGpio_SetDataDirection
                0x000131a8                XGpio_GetDataDirection
                0x000132a0                XGpio_DiscreteRead
                0x00013398                XGpio_DiscreteWrite
 .text          0x00013474      0x5d8 ../../wlan_bsp_cpu_high/mb_high/lib\libxil.a(xgpio_intr.o)
                0x00013474                XGpio_InterruptGlobalEnable
                0x00013540                XGpio_InterruptGlobalDisable
                0x00013604                XGpio_InterruptEnable
                0x000136d0                XGpio_InterruptDisable
                0x000137a0                XGpio_InterruptClear
                0x0001386c                XGpio_InterruptGetEnabled
                0x0001395c                XGpio_InterruptGetStatus
 .text          0x00013a4c       0xe8 ../../wlan_bsp_cpu_high/mb_high/lib\libxil.a(xgpio_sinit.o)
                0x00013a4c                XGpio_LookupConfig
                0x00013a8c                XGpio_Initialize
 .text          0x00013b34      0x7cc ../../wlan_bsp_cpu_high/mb_high/lib\libxil.a(xtmrctr.o)
                0x00013b34                XTmrCtr_Initialize
                0x00013c6c                XTmrCtr_Start
                0x00013d5c                XTmrCtr_Stop
                0x00013e38                XTmrCtr_GetValue
                0x00013f2c                XTmrCtr_SetResetValue
                0x00014004                XTmrCtr_GetCaptureValue
                0x000140f8                XTmrCtr_Reset
                0x000141e4                XTmrCtr_IsExpired
                0x000142dc                XTmrCtr_LookupConfig
 .text          0x00014300        0x0 ../../wlan_bsp_cpu_high/mb_high/lib\libxil.a(xtmrctr_g.o)
 .text          0x00014300      0x1c8 ../../wlan_bsp_cpu_high/mb_high/lib\libxil.a(xtmrctr_intr.o)
                0x00014300                XTmrCtr_SetHandler
                0x000143b8                XTmrCtr_InterruptHandler
 .text          0x000144c8        0x0 ../../wlan_bsp_cpu_high/mb_high/lib\libxil.a(xtmrctr_l.o)
 .text          0x000144c8      0x240 ../../wlan_bsp_cpu_high/mb_high/lib\libxil.a(xtmrctr_options.o)
                0x000144c8                XTmrCtr_SetOptions
                0x000145e8                XTmrCtr_GetOptions
 .text          0x00014708      0x5e8 ../../wlan_bsp_cpu_high/mb_high/lib\libxil.a(xuartlite.o)
                0x0001473c                XUartLite_CfgInitialize
                0x000147d8                XUartLite_ResetFifos
                0x00014870                XUartLite_IsSending
                0x000148e4                XUartLite_SendBuffer
                0x0001498c                XUartLite_Send
                0x00014ad8                XUartLite_ReceiveBuffer
                0x00014ba4                XUartLite_Recv
 .text          0x00014cf0      0x384 ../../wlan_bsp_cpu_high/mb_high/lib\libxil.a(xuartlite_intr.o)
                0x00014cf0                XUartLite_SetRecvHandler
                0x00014da8                XUartLite_SetSendHandler
                0x00014e60                XUartLite_InterruptHandler
                0x00014f58                XUartLite_DisableInterrupt
                0x00014fe4                XUartLite_EnableInterrupt
 .text          0x00015074       0x38 ../../wlan_bsp_cpu_high/mb_high/lib\libxil.a(xuartlite_l.o)
                0x00015074                XUartLite_SendByte
                0x00015090                XUartLite_RecvByte
 .text          0x000150ac       0xb0 ../../wlan_bsp_cpu_high/mb_high/lib\libxil.a(xuartlite_sinit.o)
                0x000150ac                XUartLite_LookupConfig
                0x000150d0                XUartLite_Initialize
 .text          0x0001515c      0x188 ../../wlan_bsp_cpu_high/mb_high/lib\libxil.a(xuartlite_stats.o)
                0x0001515c                XUartLite_GetStats
                0x00015244                XUartLite_ClearStats
 .text          0x000152e4      0xd28 ../../wlan_bsp_cpu_high/mb_high/lib\libxil.a(xmbox.o)
                0x000152e4                XMbox_CfgInitialize
                0x00015414                XMbox_Read
                0x00015614                XMbox_ReadBlocking
                0x00015758                XMbox_Write
                0x00015954                XMbox_WriteBlocking
                0x00015a98                XMbox_IsEmpty
                0x00015b1c                XMbox_IsFull
                0x00015ba0                XMbox_Flush
                0x00015c34                XMbox_SetInterruptEnable
                0x00015cb8                XMbox_GetInterruptEnable
                0x00015d50                XMbox_GetInterruptStatus
                0x00015de8                XMbox_ClearInterrupt
                0x00015e6c                XMbox_SetSendThreshold
                0x00015ef0                XMbox_SetReceiveThreshold
                0x00015f74                XMbox_GetStatus
 .text          0x0001600c       0x24 ../../wlan_bsp_cpu_high/mb_high/lib\libxil.a(xmbox_sinit.o)
                0x0001600c                XMbox_LookupConfig
 .text          0x00016030      0x6ec ../../wlan_bsp_cpu_high/mb_high/lib\libxil.a(xmutex.o)
                0x00016030                XMutex_CfgInitialize
                0x00016180                XMutex_Lock
                0x00016228                XMutex_Trylock
                0x000162f4                XMutex_Unlock
                0x000163c0                XMutex_IsLocked
                0x00016464                XMutex_GetStatus
                0x0001655c                XMutex_GetUser
                0x00016658                XMutex_SetUser
 .text          0x0001671c       0x24 ../../wlan_bsp_cpu_high/mb_high/lib\libxil.a(xmutex_sinit.o)
                0x0001671c                XMutex_LookupConfig
 .text          0x00016740       0x50 ../../wlan_bsp_cpu_high/mb_high/lib\libxil.a(xbasic_types.o)
                0x00016740                XAssert
                0x00016778                XAssertSetCallback
                0x00016788                XNullHandler
 .text          0x00016790       0x14 ../../wlan_bsp_cpu_high/mb_high/lib\libxil.a(microblaze_disable_exceptions.o)
                0x00016790                microblaze_disable_exceptions
 .text          0x000167a4       0x20 ../../wlan_bsp_cpu_high/mb_high/lib\libxil.a(microblaze_disable_interrupts.o)
                0x000167a4                microblaze_disable_interrupts
 .text          0x000167c4       0x14 ../../wlan_bsp_cpu_high/mb_high/lib\libxil.a(microblaze_enable_exceptions.o)
                0x000167c4                microblaze_enable_exceptions
 .text          0x000167d8       0x20 ../../wlan_bsp_cpu_high/mb_high/lib\libxil.a(microblaze_enable_interrupts.o)
                0x000167d8                microblaze_enable_interrupts
 .text          0x000167f8       0x30 ../../wlan_bsp_cpu_high/mb_high/lib\libxil.a(microblaze_invalidate_dcache_range.o)
                0x000167f8                microblaze_invalidate_dcache_range
 .text          0x00016828      0x2fc ../../wlan_bsp_cpu_high/mb_high/lib\libxil.a(xaxicdma_bd.o)
                0x00016828                XAxiCdma_BdClear
                0x00016850                XAxiCdma_BdClone
                0x0001691c                XAxiCdma_BdGetNextPtr
                0x00016924                XAxiCdma_BdSetNextPtr
                0x0001692c                XAxiCdma_BdGetSts
                0x00016940                XAxiCdma_BdClearSts
                0x00016948                XAxiCdma_BdSetSrcBufAddr
                0x00016978                XAxiCdma_BdGetSrcBufAddr
                0x00016980                XAxiCdma_BdSetDstBufAddr
                0x000169b0                XAxiCdma_BdGetDstBufAddr
                0x000169b8                XAxiCdma_BdSetLength
                0x000169e4                XAxiCdma_BdGetLength
                0x000169ec                XAxiCdma_BdSetPhysAddr
                0x000169f4                XAxiCdma_BdSetIsLite
                0x000169fc                XAxiCdma_BdSetHasDRE
                0x00016a04                XAxiCdma_BdSetWordLen
                0x00016a0c                XAxiCdma_BdSetMaxLen
                0x00016a14                XAxiCdma_BdGetPhysAddr
                0x00016a1c                XAxiCdma_DumpBd
 .text          0x00016b24        0x0 ../../wlan_bsp_cpu_high/mb_high/lib\libxil.a(xaxicdma_g.o)
 .text          0x00016b24        0x0 ../../wlan_bsp_cpu_high/mb_high/lib\libxil.a(xaxiethernet_g.o)
 .text          0x00016b24        0x0 ../../wlan_bsp_cpu_high/mb_high/lib\libxil.a(xaxidma_g.o)
 .text          0x00016b24        0x0 ../../wlan_bsp_cpu_high/mb_high/lib\libxil.a(xgpio_g.o)
 .text          0x00016b24        0x0 ../../wlan_bsp_cpu_high/mb_high/lib\libxil.a(xuartlite_g.o)
 .text          0x00016b24        0x0 ../../wlan_bsp_cpu_high/mb_high/lib\libxil.a(xmbox_g.o)
 .text          0x00016b24        0x0 ../../wlan_bsp_cpu_high/mb_high/lib\libxil.a(xmutex_g.o)
 .text          0x00016b24       0x9c c:/xilinx/14.4/ise_ds/edk/gnu/microblaze/nt64/bin/../lib/gcc/microblaze-xilinx-elf/4.6.2/bs/m/le\libgcc.a(modsi3.o)
                0x00016b24                __modsi3
 .text          0x00016bc0       0xa8 c:/xilinx/14.4/ise_ds/edk/gnu/microblaze/nt64/bin/../lib/gcc/microblaze-xilinx-elf/4.6.2/bs/m/le\libgcc.a(udivsi3.o)
                0x00016bc0                __udivsi3
 .text          0x00016c68       0xbc c:/xilinx/14.4/ise_ds/edk/gnu/microblaze/nt64/bin/../lib/gcc/microblaze-xilinx-elf/4.6.2/bs/m/le\libgcc.a(umodsi3.o)
                0x00016c68                __umodsi3
 .text          0x00016d24        0x0 ../../wlan_bsp_cpu_high/mb_high/lib\libc.a(lib_a-ctype_.o)
 .text          0x00016d24       0x40 ../../wlan_bsp_cpu_high/mb_high/lib\libc.a(lib_a-exit.o)
                0x00016d24                exit
 .text          0x00016d64        0x0 ../../wlan_bsp_cpu_high/mb_high/lib\libc.a(lib_a-impure.o)
 .text          0x00016d64       0x58 ../../wlan_bsp_cpu_high/mb_high/lib\libc.a(lib_a-malloc.o)
                0x00016d64                malloc
                0x00016d90                free
 .text          0x00016dbc      0x8b0 ../../wlan_bsp_cpu_high/mb_high/lib\libc.a(lib_a-mallocr.o)
                0x00016dbc                _malloc_r
 .text          0x0001766c       0xa0 ../../wlan_bsp_cpu_high/mb_high/lib\libc.a(lib_a-memcmp.o)
                0x0001766c                memcmp
 .text          0x0001770c      0x1bc ../../wlan_bsp_cpu_high/mb_high/lib\libc.a(lib_a-memcpy.o)
                0x0001770c                memcpy
 .text          0x000178c8      0x20c ../../wlan_bsp_cpu_high/mb_high/lib\libc.a(lib_a-memmove.o)
                0x000178c8                memmove
 .text          0x00017ad4      0x1e4 ../../wlan_bsp_cpu_high/mb_high/lib\libc.a(lib_a-memset.o)
                0x00017ad4                memset
 .text          0x00017cb8       0x10 ../../wlan_bsp_cpu_high/mb_high/lib\libc.a(lib_a-mlock.o)
                0x00017cb8                __malloc_lock
                0x00017cc0                __malloc_unlock
 .text          0x00017cc8      0x154 ../../wlan_bsp_cpu_high/mb_high/lib\libc.a(lib_a-mstats.o)
                0x00017cc8                mallinfo
                0x00017cfc                malloc_stats
                0x00017d24                mallopt
                0x00017d54                _mstats_r
                0x00017db4                mstats
 .text          0x00017e1c      0x1dc ../../wlan_bsp_cpu_high/mb_high/lib\libc.a(lib_a-rand.o)
                0x00017e1c                srand
                0x00017edc                rand
 .text          0x00017ff8       0x30 ../../wlan_bsp_cpu_high/mb_high/lib\libc.a(lib_a-realloc.o)
                0x00017ff8                realloc
 .text          0x00018028      0x67c ../../wlan_bsp_cpu_high/mb_high/lib\libc.a(lib_a-reallocr.o)
                0x00018028                _realloc_r
 .text          0x000186a4       0x5c ../../wlan_bsp_cpu_high/mb_high/lib\libc.a(lib_a-sbrkr.o)
                0x000186a4                _sbrk_r
 .text          0x00018700       0xb0 ../../wlan_bsp_cpu_high/mb_high/lib\libc.a(lib_a-strcmp.o)
                0x00018700                strcmp
 .text          0x000187b0       0x90 ../../wlan_bsp_cpu_high/mb_high/lib\libc.a(lib_a-strcpy.o)
                0x000187b0                strcpy
 .text          0x00018840       0x5c ../../wlan_bsp_cpu_high/mb_high/lib\libc.a(lib_a-strlen.o)
                0x00018840                strlen
 .text          0x0001889c      0x2e4 ../../wlan_bsp_cpu_high/mb_high/lib\libc.a(lib_a-__call_atexit.o)
                0x0001889c                __call_exitprocs
 .text          0x00018b80      0x48c ../../wlan_bsp_cpu_high/mb_high/lib\libc.a(lib_a-findfp.o)
                0x00018b90                _cleanup_r
                0x00018bb8                __sfmoreglue
                0x00018c28                _cleanup
                0x00018c58                __sinit
                0x00018e3c                __sfp
                0x00018f8c                __sfp_lock_acquire
                0x00018f94                __sfp_lock_release
                0x00018f9c                __sinit_lock_acquire
                0x00018fa4                __sinit_lock_release
                0x00018fac                __fp_lock_all
                0x00018fdc                __fp_unlock_all
 .text          0x0001900c       0x78 ../../wlan_bsp_cpu_high/mb_high/lib\libc.a(lib_a-fiprintf.o)
                0x0001900c                _fiprintf_r
                0x0001903c                fiprintf
 .text          0x00019084      0x430 ../../wlan_bsp_cpu_high/mb_high/lib\libc.a(lib_a-freer.o)
                0x00019084                _malloc_trim_r
                0x000191d0                _free_r
 .text          0x000194b4      0x190 ../../wlan_bsp_cpu_high/mb_high/lib\libc.a(lib_a-fwalk.o)
                0x000194b4                _fwalk
                0x00019574                _fwalk_reent
 .text          0x00019644      0x1c4 ../../wlan_bsp_cpu_high/mb_high/lib\libc.a(lib_a-mallinfor.o)
                0x00019644                __malloc_update_mallinfo
                0x000196dc                _mallinfo_r
 .text          0x00019808      0x12c ../../wlan_bsp_cpu_high/mb_high/lib\libc.a(lib_a-malloptr.o)
                0x00019808                _mallopt_r
 .text          0x00019934       0xd4 ../../wlan_bsp_cpu_high/mb_high/lib\libc.a(lib_a-mallstatsr.o)
                0x00019934                _malloc_stats_r
 .text          0x00019a08      0x374 ../../wlan_bsp_cpu_high/mb_high/lib\libc.a(lib_a-reent.o)
                0x00019a08                cleanup_glue
                0x00019b54                _reclaim_reent
                0x00019cf4                _wrapup_reent
 .text          0x00019d7c      0x184 ../../wlan_bsp_cpu_high/mb_high/lib\libc.a(lib_a-stdio.o)
                0x00019d7c                __sread
                0x00019dd8                __seofread
                0x00019de0                __swrite
                0x00019e78                __sseek
                0x00019edc                __sclose
 .text          0x00019f00     0x1c94 ../../wlan_bsp_cpu_high/mb_high/lib\libc.a(lib_a-vfiprintf.o)
                0x00019f00                __sprint_r
                0x00019ffc                _vfiprintf_r
                0x0001bb60                vfiprintf
 .text          0x0001bb94       0x64 ../../wlan_bsp_cpu_high/mb_high/lib\libc.a(lib_a-writer.o)
                0x0001bb94                _write_r
 .text          0x0001bbf8      0x1e4 ../../wlan_bsp_cpu_high/mb_high/lib\libc.a(lib_a-wsetup.o)
                0x0001bbf8                __swsetup_r
 .text          0x0001bddc       0x5c ../../wlan_bsp_cpu_high/mb_high/lib\libc.a(lib_a-closer.o)
                0x0001bddc                _close_r
 .text          0x0001be38      0x1ac ../../wlan_bsp_cpu_high/mb_high/lib\libc.a(lib_a-fclose.o)
                0x0001be38                _fclose_r
                0x0001bfbc                fclose
 .text          0x0001bfe4      0x448 ../../wlan_bsp_cpu_high/mb_high/lib\libc.a(lib_a-fflush.o)
                0x0001bfe4                __sflush_r
                0x0001c248                _fflush_r
                0x0001c2fc                fflush
 .text          0x0001c42c      0x2b8 ../../wlan_bsp_cpu_high/mb_high/lib\libc.a(lib_a-fputwc.o)
                0x0001c5c8                _fputwc_r
                0x0001c608                fputwc
 .text          0x0001c6e4      0x568 ../../wlan_bsp_cpu_high/mb_high/lib\libc.a(lib_a-fvwrite.o)
                0x0001c6e4                __sfvwrite_r
 .text          0x0001cc4c      0x184 ../../wlan_bsp_cpu_high/mb_high/lib\libc.a(lib_a-locale.o)
                0x0001cc4c                _setlocale_r
                0x0001cce0                __locale_charset
                0x0001ccf0                __locale_mb_cur_max
                0x0001cd00                __locale_msgcharset
                0x0001cd10                __locale_cjk_lang
                0x0001cd18                _localeconv_r
                0x0001cd28                setlocale
                0x0001cdc0                localeconv
 .text          0x0001cdd0       0x64 ../../wlan_bsp_cpu_high/mb_high/lib\libc.a(lib_a-lseekr.o)
                0x0001cdd0                _lseek_r
 .text          0x0001ce34      0x1e4 ../../wlan_bsp_cpu_high/mb_high/lib\libc.a(lib_a-makebuf.o)
                0x0001ce34                __smakebuf_r
 .text          0x0001d018       0xf8 ../../wlan_bsp_cpu_high/mb_high/lib\libc.a(lib_a-memchr.o)
                0x0001d018                memchr
 .text          0x0001d110       0x64 ../../wlan_bsp_cpu_high/mb_high/lib\libc.a(lib_a-readr.o)
                0x0001d110                _read_r
 .text          0x0001d174      0x208 ../../wlan_bsp_cpu_high/mb_high/lib\libc.a(lib_a-wbuf.o)
                0x0001d174                __swbuf_r
                0x0001d350                __swbuf
 .text          0x0001d37c      0x198 ../../wlan_bsp_cpu_high/mb_high/lib\libc.a(lib_a-wcrtomb.o)
                0x0001d37c                _wcrtomb_r
                0x0001d434                wcrtomb
 .text          0x0001d514       0x90 ../../wlan_bsp_cpu_high/mb_high/lib\libc.a(lib_a-wctomb_r.o)
                0x0001d514                __ascii_wctomb
                0x0001d548                _wctomb_r
 .text          0x0001d5a4       0x60 ../../wlan_bsp_cpu_high/mb_high/lib\libc.a(lib_a-fstatr.o)
                0x0001d5a4                _fstat_r
 .text          0x0001d604       0x5c ../../wlan_bsp_cpu_high/mb_high/lib\libc.a(lib_a-isattyr.o)
                0x0001d604                _isatty_r
 .text          0x0001d660       0x14 ../../wlan_bsp_cpu_high/mb_high/lib\libxil.a(fstat.o)
                0x0001d660                fstat
 .text          0x0001d674        0x8 ../../wlan_bsp_cpu_high/mb_high/lib\libxil.a(isatty.o)
                0x0001d674                isatty
 .text          0x0001d67c       0x2c ../../wlan_bsp_cpu_high/mb_high/lib\libxil.a(lseek.o)
                0x0001d67c                lseek
 .text          0x0001d6a8       0x64 ../../wlan_bsp_cpu_high/mb_high/lib\libxil.a(sbrk.o)
                0x0001d6a8                sbrk
 .text          0x0001d70c       0x94 ../../wlan_bsp_cpu_high/mb_high/lib\libxil.a(write.o)
                0x0001d70c                write
 .text          0x0001d7a0       0x8c ../../wlan_bsp_cpu_high/mb_high/lib\libxil.a(read.o)
                0x0001d7a0                read
 .text          0x0001d82c        0x8 ../../wlan_bsp_cpu_high/mb_high/lib\libxil.a(close.o)
                0x0001d82c                close
 .text          0x0001d834       0x10 ../../wlan_bsp_cpu_high/mb_high/lib\libxil.a(errno.o)
                0x0001d834                __errno
 .text          0x0001d844       0x2c ../../wlan_bsp_cpu_high/mb_high/lib\libxil.a(inbyte.o)
                0x0001d844                inbyte
 .text          0x0001d870       0x70 c:/xilinx/14.4/ise_ds/edk/gnu/microblaze/nt64/bin/../lib/gcc/microblaze-xilinx-elf/4.6.2/bs/m/le\libgcc.a(_muldi3.o)
                0x0001d870                __muldi3
 .text          0x0001d8e0      0x6d8 c:/xilinx/14.4/ise_ds/edk/gnu/microblaze/nt64/bin/../lib/gcc/microblaze-xilinx-elf/4.6.2/bs/m/le\libgcc.a(_udivdi3.o)
                0x0001d8e0                __udivdi3
 .text          0x0001dfb8      0x69c c:/xilinx/14.4/ise_ds/edk/gnu/microblaze/nt64/bin/../lib/gcc/microblaze-xilinx-elf/4.6.2/bs/m/le\libgcc.a(_umoddi3.o)
                0x0001dfb8                __umoddi3
 .text          0x0001e654        0x0 c:/xilinx/14.4/ise_ds/edk/gnu/microblaze/nt64/bin/../lib/gcc/microblaze-xilinx-elf/4.6.2/bs/m/le\libgcc.a(_clz.o)
 .text          0x0001e654       0x4c c:/xilinx/14.4/ise_ds/edk/gnu/microblaze/nt64/bin/../lib/gcc/microblaze-xilinx-elf/4.6.2/bs/m/le/crtend.o
 .text          0x0001e6a0        0x0 c:/xilinx/14.4/ise_ds/edk/gnu/microblaze/nt64/bin/../lib/gcc/microblaze-xilinx-elf/4.6.2/bs/m/le/crtn.o
 *(.text.*)
 *(.gnu.linkonce.t.*)

.init           0x0001e6a0       0x3c
 *(.init)
 .init          0x0001e6a0       0x18 c:/xilinx/14.4/ise_ds/edk/gnu/microblaze/nt64/bin/../lib/gcc/microblaze-xilinx-elf/4.6.2/bs/m/le/crti.o
                0x0001e6a0                __init
 .init          0x0001e6b8        0xc c:/xilinx/14.4/ise_ds/edk/gnu/microblaze/nt64/bin/../lib/gcc/microblaze-xilinx-elf/4.6.2/bs/m/le/crtbegin.o
 .init          0x0001e6c4        0xc c:/xilinx/14.4/ise_ds/edk/gnu/microblaze/nt64/bin/../lib/gcc/microblaze-xilinx-elf/4.6.2/bs/m/le/crtend.o
 .init          0x0001e6d0        0xc c:/xilinx/14.4/ise_ds/edk/gnu/microblaze/nt64/bin/../lib/gcc/microblaze-xilinx-elf/4.6.2/bs/m/le/crtn.o

.fini           0x0001e6dc       0x20
 *(.fini)
 .fini          0x0001e6dc        0x8 c:/xilinx/14.4/ise_ds/edk/gnu/microblaze/nt64/bin/../lib/gcc/microblaze-xilinx-elf/4.6.2/bs/m/le/crti.o
                0x0001e6dc                __fini
 .fini          0x0001e6e4        0xc c:/xilinx/14.4/ise_ds/edk/gnu/microblaze/nt64/bin/../lib/gcc/microblaze-xilinx-elf/4.6.2/bs/m/le/crtbegin.o
 .fini          0x0001e6f0        0xc c:/xilinx/14.4/ise_ds/edk/gnu/microblaze/nt64/bin/../lib/gcc/microblaze-xilinx-elf/4.6.2/bs/m/le/crtn.o

.ctors          0x00020000        0x8
                0x00020000                __CTOR_LIST__ = .
                0x00020000                ___CTORS_LIST___ = .
 *crtbegin.o(.ctors)
 .ctors         0x00020000        0x4 c:/xilinx/14.4/ise_ds/edk/gnu/microblaze/nt64/bin/../lib/gcc/microblaze-xilinx-elf/4.6.2/bs/m/le/crtbegin.o
 *(EXCLUDE_FILE(*crtend.o) .ctors)
 *(SORT(.ctors.*))
 *(.ctors)
 .ctors         0x00020004        0x4 c:/xilinx/14.4/ise_ds/edk/gnu/microblaze/nt64/bin/../lib/gcc/microblaze-xilinx-elf/4.6.2/bs/m/le/crtend.o
                0x00020008                __CTOR_END__ = .
                0x00020008                ___CTORS_END___ = .

.dtors          0x00020008        0x8
                0x00020008                __DTOR_LIST__ = .
                0x00020008                ___DTORS_LIST___ = .
 *crtbegin.o(.dtors)
 .dtors         0x00020008        0x4 c:/xilinx/14.4/ise_ds/edk/gnu/microblaze/nt64/bin/../lib/gcc/microblaze-xilinx-elf/4.6.2/bs/m/le/crtbegin.o
 *(EXCLUDE_FILE(*crtend.o) .dtors)
 *(SORT(.dtors.*))
 *(.dtors)
 .dtors         0x0002000c        0x4 c:/xilinx/14.4/ise_ds/edk/gnu/microblaze/nt64/bin/../lib/gcc/microblaze-xilinx-elf/4.6.2/bs/m/le/crtend.o
                0x0002000c                __DTOR_END__
                0x00020010                PROVIDE (__DTOR_END__, .)
                0x00020010                PROVIDE (___DTORS_END___, .)

.rodata         0x00020010     0x2dc8
                0x00020010                __rodata_start = .
 *(.rodata)
 .rodata        0x00020010      0x386 ./wlan_mac_high_framework/wlan_mac_eth_util.o
 *fill*         0x00020396        0x2 00
 .rodata        0x00020398      0x252 ./wlan_mac_high_framework/wlan_mac_event_log.o
 *fill*         0x000205ea        0x2 00
 .rodata        0x000205ec      0x22a ./wlan_mac_high_framework/wlan_mac_events.o
 *fill*         0x00020816        0x2 00
 .rodata        0x00020818      0x152 ./wlan_mac_high_framework/wlan_mac_fmc_pkt.o
 *fill*         0x0002096a        0x2 00
 .rodata        0x0002096c      0xa44 ./wlan_mac_high_framework/wlan_mac_high.o
 .rodata        0x000213b0       0xe5 ./wlan_mac_high_framework/wlan_mac_ltg.o
 *fill*         0x00021495        0x3 00
 .rodata        0x00021498        0x8 ./wlan_mac_high_framework/wlan_mac_packet_types.o
 .rodata        0x000214a0       0xb5 ./wlan_mac_high_framework/wlan_mac_queue.o
 *fill*         0x00021555        0x3 00
 .rodata        0x00021558       0xa2 ./wlan_mac_high_framework/wlan_mac_schedule.o
 *fill*         0x000215fa        0x2 00
 .rodata        0x000215fc      0x3a7 ./src/wlan_mac_sta.o
 *fill*         0x000219a3        0x1 00
 .rodata        0x000219a4      0x83d ./src/wlan_mac_sta_uart_menu.o
 *fill*         0x000221e1        0x3 00
 .rodata        0x000221e4      0x164 ../../wlan_bsp_cpu_high/mb_high/lib\libxil.a(xil_printf.o)
 .rodata        0x00022348       0xc7 ../../wlan_bsp_cpu_high/mb_high/lib\libxil.a(xaxicdma.o)
 *fill*         0x0002240f        0x1 00
 .rodata        0x00022410        0xf ../../wlan_bsp_cpu_high/mb_high/lib\libxil.a(xaxiethernet.o)
 *fill*         0x0002241f        0x1 00
 .rodata        0x00022420      0x12f ../../wlan_bsp_cpu_high/mb_high/lib\libxil.a(xaxidma_bd.o)
 *fill*         0x0002254f        0x1 00
 .rodata        0x00022550       0x6b ../../wlan_bsp_cpu_high/mb_high/lib\libxil.a(xaxidma_bdring.o)
 *fill*         0x000225bb        0x1 00
 .rodata        0x000225bc        0x8 ../../wlan_bsp_cpu_high/mb_high/lib\libxil.a(xintc.o)
 .rodata        0x000225c4        0xd ../../wlan_bsp_cpu_high/mb_high/lib\libxil.a(xintc_intr.o)
 *fill*         0x000225d1        0x3 00
 .rodata        0x000225d4        0x8 ../../wlan_bsp_cpu_high/mb_high/lib\libxil.a(xgpio.o)
 .rodata        0x000225dc        0xd ../../wlan_bsp_cpu_high/mb_high/lib\libxil.a(xgpio_intr.o)
 *fill*         0x000225e9        0x3 00
 .rodata        0x000225ec        0xe ../../wlan_bsp_cpu_high/mb_high/lib\libxil.a(xgpio_sinit.o)
 *fill*         0x000225fa        0x2 00
 .rodata        0x000225fc        0xa ../../wlan_bsp_cpu_high/mb_high/lib\libxil.a(xtmrctr.o)
 *fill*         0x00022606        0x2 00
 .rodata        0x00022608        0xf ../../wlan_bsp_cpu_high/mb_high/lib\libxil.a(xtmrctr_intr.o)
 *fill*         0x00022617        0x1 00
 .rodata        0x00022618       0x4c ../../wlan_bsp_cpu_high/mb_high/lib\libxil.a(xtmrctr_options.o)
 .rodata        0x00022664        0xc ../../wlan_bsp_cpu_high/mb_high/lib\libxil.a(xuartlite.o)
 .rodata        0x00022670       0x11 ../../wlan_bsp_cpu_high/mb_high/lib\libxil.a(xuartlite_intr.o)
 *fill*         0x00022681        0x3 00
 .rodata        0x00022684       0x12 ../../wlan_bsp_cpu_high/mb_high/lib\libxil.a(xuartlite_sinit.o)
 *fill*         0x00022696        0x2 00
 .rodata        0x00022698       0x12 ../../wlan_bsp_cpu_high/mb_high/lib\libxil.a(xuartlite_stats.o)
 *fill*         0x000226aa        0x2 00
 .rodata        0x000226ac        0x8 ../../wlan_bsp_cpu_high/mb_high/lib\libxil.a(xmbox.o)
 .rodata        0x000226b4        0x9 ../../wlan_bsp_cpu_high/mb_high/lib\libxil.a(xmutex.o)
 *fill*         0x000226bd        0x3 00
 .rodata        0x000226c0       0xeb ../../wlan_bsp_cpu_high/mb_high/lib\libxil.a(xaxicdma_bd.o)
 *fill*         0x000227ab        0x1 00
 .rodata        0x000227ac      0x284 ../../wlan_bsp_cpu_high/mb_high/lib\libc.a(lib_a-ctype_.o)
                0x000227ac                _ctype_
 .rodata        0x00022a30        0x6 ../../wlan_bsp_cpu_high/mb_high/lib\libc.a(lib_a-impure.o)
                0x00022a30                _global_impure_ptr
 *fill*         0x00022a36        0x2 00
 .rodata        0x00022a38       0x21 ../../wlan_bsp_cpu_high/mb_high/lib\libc.a(lib_a-mstats.o)
 *fill*         0x00022a59        0x3 00
 .rodata        0x00022a5c       0x60 ../../wlan_bsp_cpu_high/mb_high/lib\libc.a(lib_a-findfp.o)
                0x00022a5c                __sf_fake_stderr
                0x00022a7c                __sf_fake_stdout
                0x00022a9c                __sf_fake_stdin
 .rodata        0x00022abc       0x51 ../../wlan_bsp_cpu_high/mb_high/lib\libc.a(lib_a-mallstatsr.o)
 *fill*         0x00022b0d        0x3 00
 .rodata        0x00022b10      0x1b4 ../../wlan_bsp_cpu_high/mb_high/lib\libc.a(lib_a-vfiprintf.o)
 .rodata        0x00022cc4       0x12 ../../wlan_bsp_cpu_high/mb_high/lib\libc.a(lib_a-locale.o)
 *fill*         0x00022cd6        0x2 00
 .rodata        0x00022cd8      0x100 c:/xilinx/14.4/ise_ds/edk/gnu/microblaze/nt64/bin/../lib/gcc/microblaze-xilinx-elf/4.6.2/bs/m/le\libgcc.a(_clz.o)
                0x00022cd8                __clz_tab
 *(.rodata.*)
 *(.gnu.linkonce.r.*)
                0x00022dd8                __rodata_end = .

.rela.dyn       0x00022dd8        0x0
 .rela.text     0x00000000        0x0 c:/xilinx/14.4/ise_ds/edk/gnu/microblaze/nt64/bin/../lib/gcc/microblaze-xilinx-elf/4.6.2/../../../../microblaze-xilinx-elf/lib/bs/m/le/crt0.o
 .rela.vectors.sw_exception
                0x00000000        0x0 c:/xilinx/14.4/ise_ds/edk/gnu/microblaze/nt64/bin/../lib/gcc/microblaze-xilinx-elf/4.6.2/../../../../microblaze-xilinx-elf/lib/bs/m/le/crt0.o
 .rela.vectors.interrupt
                0x00000000        0x0 c:/xilinx/14.4/ise_ds/edk/gnu/microblaze/nt64/bin/../lib/gcc/microblaze-xilinx-elf/4.6.2/../../../../microblaze-xilinx-elf/lib/bs/m/le/crt0.o
 .rela.vectors.hw_exception
                0x00000000        0x0 c:/xilinx/14.4/ise_ds/edk/gnu/microblaze/nt64/bin/../lib/gcc/microblaze-xilinx-elf/4.6.2/../../../../microblaze-xilinx-elf/lib/bs/m/le/crt0.o
 .rela.data     0x00000000        0x0 c:/xilinx/14.4/ise_ds/edk/gnu/microblaze/nt64/bin/../lib/gcc/microblaze-xilinx-elf/4.6.2/../../../../microblaze-xilinx-elf/lib/bs/m/le/crt0.o

.sdata2         0x00022dd8        0x0
                0x00022dd8                . = ALIGN (0x8)
                0x00022dd8                __sdata2_start = .
 *(.sdata2)
 *(.sdata2.*)
 *(.gnu.linkonce.s2.*)
                0x00022dd8                . = ALIGN (0x8)
                0x00022dd8                __sdata2_end = .

.sbss2          0x00022dd8        0x0
                0x00022dd8                __sbss2_start = .
 *(.sbss2)
 *(.sbss2.*)
 *(.gnu.linkonce.sb2.*)
                0x00022dd8                __sbss2_end = .

.data           0x00022dd8      0x750
                0x00022dd8                . = ALIGN (0x4)
                0x00022dd8                __data_start = .
 *(.data)
 .data          0x00022dd8        0x0 c:/xilinx/14.4/ise_ds/edk/gnu/microblaze/nt64/bin/../lib/gcc/microblaze-xilinx-elf/4.6.2/../../../../microblaze-xilinx-elf/lib/bs/m/le/crt0.o
 .data          0x00022dd8        0x0 c:/xilinx/14.4/ise_ds/edk/gnu/microblaze/nt64/bin/../lib/gcc/microblaze-xilinx-elf/4.6.2/bs/m/le/crti.o
 .data          0x00022dd8        0x8 c:/xilinx/14.4/ise_ds/edk/gnu/microblaze/nt64/bin/../lib/gcc/microblaze-xilinx-elf/4.6.2/bs/m/le/crtbegin.o
                0x00022ddc                __dso_handle
 .data          0x00022de0        0x0 c:/xilinx/14.4/ise_ds/edk/gnu/microblaze/nt64/bin/../lib/gcc/microblaze-xilinx-elf/4.6.2/../../../../microblaze-xilinx-elf/lib/bs/m/le/crtinit.o
 .data          0x00022de0        0x0 ./wlan_mac_high_framework/wlan_exp_common.o
 .data          0x00022de0        0x0 ./wlan_mac_high_framework/wlan_exp_node.o
 .data          0x00022de0        0x0 ./wlan_mac_high_framework/wlan_exp_transport.o
 .data          0x00022de0        0x0 ./wlan_mac_high_framework/wlan_mac_dl_list.o
 .data          0x00022de0        0x0 ./wlan_mac_high_framework/wlan_mac_eth_util.o
 .data          0x00022de0        0x0 ./wlan_mac_high_framework/wlan_mac_event_log.o
 .data          0x00022de0        0x0 ./wlan_mac_high_framework/wlan_mac_events.o
 .data          0x00022de0        0x0 ./wlan_mac_high_framework/wlan_mac_fmc_pkt.o
 .data          0x00022de0        0x0 ./wlan_mac_high_framework/wlan_mac_high.o
 .data          0x00022de0        0x0 ./wlan_mac_high_framework/wlan_mac_ltg.o
 .data          0x00022de0        0x0 ./wlan_mac_high_framework/wlan_mac_packet_types.o
 .data          0x00022de0        0x0 ./wlan_mac_high_framework/wlan_mac_queue.o
 .data          0x00022de0        0x0 ./wlan_mac_high_framework/wlan_mac_schedule.o
 .data          0x00022de0        0x0 ./wlan_mac_common/wlan_mac_ipc_util.o
 .data          0x00022de0        0x0 ./src/wlan_exp_node_sta.o
 .data          0x00022de0        0xe ./src/wlan_mac_sta.o
 *fill*         0x00022dee        0x2 00
 .data          0x00022df0        0x4 ./src/wlan_mac_sta_uart_menu.o
                0x00022df0                num_slots
 .data          0x00022df4        0x0 ../../wlan_bsp_cpu_high/mb_high/lib\libxil.a(xil_printf.o)
 .data          0x00022df4        0x0 ../../wlan_bsp_cpu_high/mb_high/lib\libxil.a(_exception_handler.o)
 .data          0x00022df4        0x0 ../../wlan_bsp_cpu_high/mb_high/lib\libxil.a(_program_clean.o)
 .data          0x00022df4        0x0 ../../wlan_bsp_cpu_high/mb_high/lib\libxil.a(_program_init.o)
 .data          0x00022df4       0x48 ../../wlan_bsp_cpu_high/mb_high/lib\libxil.a(hw_exception_handler.o)
                0x00022dfc                MB_ExceptionVectorTable
 .data          0x00022e3c        0x0 ../../wlan_bsp_cpu_high/mb_high/lib\libxil.a(microblaze_interrupt_handler.o)
 .data          0x00022e3c        0x8 ../../wlan_bsp_cpu_high/mb_high/lib\libxil.a(microblaze_interrupts_g.o)
                0x00022e3c                MB_InterruptVectorTable
 .data          0x00022e44        0x0 ../../wlan_bsp_cpu_high/mb_high/lib\libxil.a(outbyte.o)
 .data          0x00022e44        0x4 ../../wlan_bsp_cpu_high/mb_high/lib\libxil.a(xil_assert.o)
                0x00022e44                Xil_AssertWait
 .data          0x00022e48        0x0 ../../wlan_bsp_cpu_high/mb_high/lib\libxil.a(xil_exception.o)
 .data          0x00022e48        0x0 ../../wlan_bsp_cpu_high/mb_high/lib\libxil.a(xil_io.o)
 .data          0x00022e48        0x0 ../../wlan_bsp_cpu_high/mb_high/lib\libxil.a(xaxicdma.o)
 .data          0x00022e48        0x0 ../../wlan_bsp_cpu_high/mb_high/lib\libxil.a(xaxicdma_bdring.o)
 .data          0x00022e48        0x0 ../../wlan_bsp_cpu_high/mb_high/lib\libxil.a(xaxicdma_intr.o)
 .data          0x00022e48        0x0 ../../wlan_bsp_cpu_high/mb_high/lib\libxil.a(xaxicdma_sinit.o)
 .data          0x00022e48        0x0 ../../wlan_bsp_cpu_high/mb_high/lib\libxil.a(xaxiethernet.o)
 .data          0x00022e48        0x0 ../../wlan_bsp_cpu_high/mb_high/lib\libxil.a(xaxiethernet_sinit.o)
 .data          0x00022e48        0x0 ../../wlan_bsp_cpu_high/mb_high/lib\libxil.a(xaxidma.o)
 .data          0x00022e48        0x0 ../../wlan_bsp_cpu_high/mb_high/lib\libxil.a(xaxidma_bd.o)
 .data          0x00022e48        0x0 ../../wlan_bsp_cpu_high/mb_high/lib\libxil.a(xaxidma_bdring.o)
 .data          0x00022e48        0x0 ../../wlan_bsp_cpu_high/mb_high/lib\libxil.a(xaxidma_sinit.o)
 .data          0x00022e48        0x0 ../../wlan_bsp_cpu_high/mb_high/lib\libxil.a(xintc.o)
 .data          0x00022e48       0x68 ../../wlan_bsp_cpu_high/mb_high/lib\libxil.a(xintc_g.o)
                0x00022e48                XIntc_ConfigTable
 .data          0x00022eb0        0x0 ../../wlan_bsp_cpu_high/mb_high/lib\libxil.a(xintc_intr.o)
 .data          0x00022eb0        0x0 ../../wlan_bsp_cpu_high/mb_high/lib\libxil.a(xintc_l.o)
 .data          0x00022eb0        0x0 ../../wlan_bsp_cpu_high/mb_high/lib\libxil.a(xgpio.o)
 .data          0x00022eb0        0x0 ../../wlan_bsp_cpu_high/mb_high/lib\libxil.a(xgpio_intr.o)
 .data          0x00022eb0        0x0 ../../wlan_bsp_cpu_high/mb_high/lib\libxil.a(xgpio_sinit.o)
 .data          0x00022eb0        0x0 ../../wlan_bsp_cpu_high/mb_high/lib\libxil.a(xtmrctr.o)
 .data          0x00022eb0        0x8 ../../wlan_bsp_cpu_high/mb_high/lib\libxil.a(xtmrctr_g.o)
                0x00022eb0                XTmrCtr_ConfigTable
 .data          0x00022eb8        0x0 ../../wlan_bsp_cpu_high/mb_high/lib\libxil.a(xtmrctr_intr.o)
 .data          0x00022eb8        0x2 ../../wlan_bsp_cpu_high/mb_high/lib\libxil.a(xtmrctr_l.o)
                0x00022eb8                XTmrCtr_Offsets
 .data          0x00022eba        0x0 ../../wlan_bsp_cpu_high/mb_high/lib\libxil.a(xtmrctr_options.o)
 .data          0x00022eba        0x0 ../../wlan_bsp_cpu_high/mb_high/lib\libxil.a(xuartlite.o)
 .data          0x00022eba        0x0 ../../wlan_bsp_cpu_high/mb_high/lib\libxil.a(xuartlite_intr.o)
 .data          0x00022eba        0x0 ../../wlan_bsp_cpu_high/mb_high/lib\libxil.a(xuartlite_l.o)
 .data          0x00022eba        0x0 ../../wlan_bsp_cpu_high/mb_high/lib\libxil.a(xuartlite_sinit.o)
 .data          0x00022eba        0x0 ../../wlan_bsp_cpu_high/mb_high/lib\libxil.a(xuartlite_stats.o)
 .data          0x00022eba        0x0 ../../wlan_bsp_cpu_high/mb_high/lib\libxil.a(xmbox.o)
 .data          0x00022eba        0x0 ../../wlan_bsp_cpu_high/mb_high/lib\libxil.a(xmbox_sinit.o)
 .data          0x00022eba        0x0 ../../wlan_bsp_cpu_high/mb_high/lib\libxil.a(xmutex.o)
 .data          0x00022eba        0x0 ../../wlan_bsp_cpu_high/mb_high/lib\libxil.a(xmutex_sinit.o)
 *fill*         0x00022eba        0x2 00
 .data          0x00022ebc        0x4 ../../wlan_bsp_cpu_high/mb_high/lib\libxil.a(xbasic_types.o)
                0x00022ebc                XWaitInAssert
 .data          0x00022ec0        0x0 ../../wlan_bsp_cpu_high/mb_high/lib\libxil.a(microblaze_disable_exceptions.o)
 .data          0x00022ec0        0x0 ../../wlan_bsp_cpu_high/mb_high/lib\libxil.a(microblaze_disable_interrupts.o)
 .data          0x00022ec0        0x0 ../../wlan_bsp_cpu_high/mb_high/lib\libxil.a(microblaze_enable_exceptions.o)
 .data          0x00022ec0        0x0 ../../wlan_bsp_cpu_high/mb_high/lib\libxil.a(microblaze_enable_interrupts.o)
 .data          0x00022ec0        0x0 ../../wlan_bsp_cpu_high/mb_high/lib\libxil.a(microblaze_invalidate_dcache_range.o)
 .data          0x00022ec0        0x0 ../../wlan_bsp_cpu_high/mb_high/lib\libxil.a(xaxicdma_bd.o)
 .data          0x00022ec0       0x18 ../../wlan_bsp_cpu_high/mb_high/lib\libxil.a(xaxicdma_g.o)
                0x00022ec0                XAxiCdma_ConfigTable
 .data          0x00022ed8       0x48 ../../wlan_bsp_cpu_high/mb_high/lib\libxil.a(xaxiethernet_g.o)
                0x00022ed8                XAxiEthernet_ConfigTable
 .data          0x00022f20       0x30 ../../wlan_bsp_cpu_high/mb_high/lib\libxil.a(xaxidma_g.o)
                0x00022f20                XAxiDma_ConfigTable
 .data          0x00022f50       0x20 ../../wlan_bsp_cpu_high/mb_high/lib\libxil.a(xgpio_g.o)
                0x00022f50                XGpio_ConfigTable
 .data          0x00022f70       0x10 ../../wlan_bsp_cpu_high/mb_high/lib\libxil.a(xuartlite_g.o)
                0x00022f70                XUartLite_ConfigTable
 .data          0x00022f80        0xc ../../wlan_bsp_cpu_high/mb_high/lib\libxil.a(xmbox_g.o)
                0x00022f80                XMbox_ConfigTable
 .data          0x00022f8c       0x10 ../../wlan_bsp_cpu_high/mb_high/lib\libxil.a(xmutex_g.o)
                0x00022f8c                XMutex_ConfigTable
 .data          0x00022f9c        0x0 c:/xilinx/14.4/ise_ds/edk/gnu/microblaze/nt64/bin/../lib/gcc/microblaze-xilinx-elf/4.6.2/bs/m/le\libgcc.a(modsi3.o)
 .data          0x00022f9c        0x0 c:/xilinx/14.4/ise_ds/edk/gnu/microblaze/nt64/bin/../lib/gcc/microblaze-xilinx-elf/4.6.2/bs/m/le\libgcc.a(udivsi3.o)
 .data          0x00022f9c        0x0 c:/xilinx/14.4/ise_ds/edk/gnu/microblaze/nt64/bin/../lib/gcc/microblaze-xilinx-elf/4.6.2/bs/m/le\libgcc.a(umodsi3.o)
 .data          0x00022f9c        0x4 ../../wlan_bsp_cpu_high/mb_high/lib\libc.a(lib_a-ctype_.o)
                0x00022f9c                __ctype_ptr__
 .data          0x00022fa0        0x0 ../../wlan_bsp_cpu_high/mb_high/lib\libc.a(lib_a-exit.o)
 .data          0x00022fa0       0xf4 ../../wlan_bsp_cpu_high/mb_high/lib\libc.a(lib_a-impure.o)
                0x00022fa0                _impure_ptr
 .data          0x00023094        0x0 ../../wlan_bsp_cpu_high/mb_high/lib\libc.a(lib_a-malloc.o)
 .data          0x00023094      0x410 ../../wlan_bsp_cpu_high/mb_high/lib\libc.a(lib_a-mallocr.o)
                0x00023094                __malloc_sbrk_base
                0x00023098                __malloc_trim_threshold
                0x0002309c                __malloc_av_
 .data          0x000234a4        0x0 ../../wlan_bsp_cpu_high/mb_high/lib\libc.a(lib_a-memcmp.o)
 .data          0x000234a4        0x0 ../../wlan_bsp_cpu_high/mb_high/lib\libc.a(lib_a-memcpy.o)
 .data          0x000234a4        0x0 ../../wlan_bsp_cpu_high/mb_high/lib\libc.a(lib_a-memmove.o)
 .data          0x000234a4        0x0 ../../wlan_bsp_cpu_high/mb_high/lib\libc.a(lib_a-memset.o)
 .data          0x000234a4        0x0 ../../wlan_bsp_cpu_high/mb_high/lib\libc.a(lib_a-mlock.o)
 .data          0x000234a4        0x0 ../../wlan_bsp_cpu_high/mb_high/lib\libc.a(lib_a-mstats.o)
 .data          0x000234a4        0x0 ../../wlan_bsp_cpu_high/mb_high/lib\libc.a(lib_a-rand.o)
 .data          0x000234a4        0x0 ../../wlan_bsp_cpu_high/mb_high/lib\libc.a(lib_a-realloc.o)
 .data          0x000234a4        0x0 ../../wlan_bsp_cpu_high/mb_high/lib\libc.a(lib_a-reallocr.o)
 .data          0x000234a4        0x0 ../../wlan_bsp_cpu_high/mb_high/lib\libc.a(lib_a-sbrkr.o)
 .data          0x000234a4        0x0 ../../wlan_bsp_cpu_high/mb_high/lib\libc.a(lib_a-strcmp.o)
 .data          0x000234a4        0x0 ../../wlan_bsp_cpu_high/mb_high/lib\libc.a(lib_a-strcpy.o)
 .data          0x000234a4        0x0 ../../wlan_bsp_cpu_high/mb_high/lib\libc.a(lib_a-strlen.o)
 .data          0x000234a4        0x0 ../../wlan_bsp_cpu_high/mb_high/lib\libc.a(lib_a-__call_atexit.o)
 .data          0x000234a4        0x0 ../../wlan_bsp_cpu_high/mb_high/lib\libc.a(lib_a-findfp.o)
 .data          0x000234a4        0x0 ../../wlan_bsp_cpu_high/mb_high/lib\libc.a(lib_a-fiprintf.o)
 .data          0x000234a4        0x0 ../../wlan_bsp_cpu_high/mb_high/lib\libc.a(lib_a-freer.o)
 .data          0x000234a4        0x0 ../../wlan_bsp_cpu_high/mb_high/lib\libc.a(lib_a-fwalk.o)
 .data          0x000234a4        0x0 ../../wlan_bsp_cpu_high/mb_high/lib\libc.a(lib_a-mallinfor.o)
 .data          0x000234a4        0x0 ../../wlan_bsp_cpu_high/mb_high/lib\libc.a(lib_a-malloptr.o)
 .data          0x000234a4        0x0 ../../wlan_bsp_cpu_high/mb_high/lib\libc.a(lib_a-mallstatsr.o)
 .data          0x000234a4        0x0 ../../wlan_bsp_cpu_high/mb_high/lib\libc.a(lib_a-reent.o)
 .data          0x000234a4        0x0 ../../wlan_bsp_cpu_high/mb_high/lib\libc.a(lib_a-stdio.o)
 .data          0x000234a4        0x0 ../../wlan_bsp_cpu_high/mb_high/lib\libc.a(lib_a-vfiprintf.o)
 .data          0x000234a4        0x0 ../../wlan_bsp_cpu_high/mb_high/lib\libc.a(lib_a-writer.o)
 .data          0x000234a4        0x0 ../../wlan_bsp_cpu_high/mb_high/lib\libc.a(lib_a-wsetup.o)
 .data          0x000234a4        0x0 ../../wlan_bsp_cpu_high/mb_high/lib\libc.a(lib_a-closer.o)
 .data          0x000234a4        0x0 ../../wlan_bsp_cpu_high/mb_high/lib\libc.a(lib_a-fclose.o)
 .data          0x000234a4        0x0 ../../wlan_bsp_cpu_high/mb_high/lib\libc.a(lib_a-fflush.o)
 .data          0x000234a4        0x0 ../../wlan_bsp_cpu_high/mb_high/lib\libc.a(lib_a-fputwc.o)
 .data          0x000234a4        0x0 ../../wlan_bsp_cpu_high/mb_high/lib\libc.a(lib_a-fvwrite.o)
 .data          0x000234a4       0x7c ../../wlan_bsp_cpu_high/mb_high/lib\libc.a(lib_a-locale.o)
                0x000234a4                __mb_cur_max
 .data          0x00023520        0x0 ../../wlan_bsp_cpu_high/mb_high/lib\libc.a(lib_a-lseekr.o)
 .data          0x00023520        0x0 ../../wlan_bsp_cpu_high/mb_high/lib\libc.a(lib_a-makebuf.o)
 .data          0x00023520        0x0 ../../wlan_bsp_cpu_high/mb_high/lib\libc.a(lib_a-memchr.o)
 .data          0x00023520        0x0 ../../wlan_bsp_cpu_high/mb_high/lib\libc.a(lib_a-readr.o)
 .data          0x00023520        0x0 ../../wlan_bsp_cpu_high/mb_high/lib\libc.a(lib_a-wbuf.o)
 .data          0x00023520        0x0 ../../wlan_bsp_cpu_high/mb_high/lib\libc.a(lib_a-wcrtomb.o)
 .data          0x00023520        0x4 ../../wlan_bsp_cpu_high/mb_high/lib\libc.a(lib_a-wctomb_r.o)
                0x00023520                __wctomb
 .data          0x00023524        0x0 ../../wlan_bsp_cpu_high/mb_high/lib\libc.a(lib_a-fstatr.o)
 .data          0x00023524        0x0 ../../wlan_bsp_cpu_high/mb_high/lib\libc.a(lib_a-isattyr.o)
 .data          0x00023524        0x0 ../../wlan_bsp_cpu_high/mb_high/lib\libxil.a(fstat.o)
 .data          0x00023524        0x0 ../../wlan_bsp_cpu_high/mb_high/lib\libxil.a(isatty.o)
 .data          0x00023524        0x0 ../../wlan_bsp_cpu_high/mb_high/lib\libxil.a(lseek.o)
 .data          0x00023524        0x0 ../../wlan_bsp_cpu_high/mb_high/lib\libxil.a(sbrk.o)
 .data          0x00023524        0x0 ../../wlan_bsp_cpu_high/mb_high/lib\libxil.a(write.o)
 .data          0x00023524        0x0 ../../wlan_bsp_cpu_high/mb_high/lib\libxil.a(read.o)
 .data          0x00023524        0x0 ../../wlan_bsp_cpu_high/mb_high/lib\libxil.a(close.o)
 .data          0x00023524        0x0 ../../wlan_bsp_cpu_high/mb_high/lib\libxil.a(errno.o)
 .data          0x00023524        0x0 ../../wlan_bsp_cpu_high/mb_high/lib\libxil.a(inbyte.o)
 .data          0x00023524        0x0 c:/xilinx/14.4/ise_ds/edk/gnu/microblaze/nt64/bin/../lib/gcc/microblaze-xilinx-elf/4.6.2/bs/m/le\libgcc.a(_muldi3.o)
 .data          0x00023524        0x0 c:/xilinx/14.4/ise_ds/edk/gnu/microblaze/nt64/bin/../lib/gcc/microblaze-xilinx-elf/4.6.2/bs/m/le\libgcc.a(_udivdi3.o)
 .data          0x00023524        0x0 c:/xilinx/14.4/ise_ds/edk/gnu/microblaze/nt64/bin/../lib/gcc/microblaze-xilinx-elf/4.6.2/bs/m/le\libgcc.a(_umoddi3.o)
 .data          0x00023524        0x0 c:/xilinx/14.4/ise_ds/edk/gnu/microblaze/nt64/bin/../lib/gcc/microblaze-xilinx-elf/4.6.2/bs/m/le\libgcc.a(_clz.o)
 .data          0x00023524        0x4 c:/xilinx/14.4/ise_ds/edk/gnu/microblaze/nt64/bin/../lib/gcc/microblaze-xilinx-elf/4.6.2/bs/m/le/crtend.o
 .data          0x00023528        0x0 c:/xilinx/14.4/ise_ds/edk/gnu/microblaze/nt64/bin/../lib/gcc/microblaze-xilinx-elf/4.6.2/bs/m/le/crtn.o
 *(.data.*)
 *(.gnu.linkonce.d.*)
                0x00023528                __data_end = .

.got
 *(.got)

.got1
 *(.got1)

.got2
 *(.got2)

.eh_frame       0x00023528       0x7c
 *(.eh_frame)
 .eh_frame      0x00023528        0x0 c:/xilinx/14.4/ise_ds/edk/gnu/microblaze/nt64/bin/../lib/gcc/microblaze-xilinx-elf/4.6.2/bs/m/le/crtbegin.o
 .eh_frame      0x00023528       0x3c c:/xilinx/14.4/ise_ds/edk/gnu/microblaze/nt64/bin/../lib/gcc/microblaze-xilinx-elf/4.6.2/bs/m/le\libgcc.a(_udivdi3.o)
 .eh_frame      0x00023564       0x3c c:/xilinx/14.4/ise_ds/edk/gnu/microblaze/nt64/bin/../lib/gcc/microblaze-xilinx-elf/4.6.2/bs/m/le\libgcc.a(_umoddi3.o)
 .eh_frame      0x000235a0        0x4 c:/xilinx/14.4/ise_ds/edk/gnu/microblaze/nt64/bin/../lib/gcc/microblaze-xilinx-elf/4.6.2/bs/m/le/crtend.o

.jcr            0x000235a4        0x4
 *(.jcr)
 .jcr           0x000235a4        0x0 c:/xilinx/14.4/ise_ds/edk/gnu/microblaze/nt64/bin/../lib/gcc/microblaze-xilinx-elf/4.6.2/bs/m/le/crtbegin.o
 .jcr           0x000235a4        0x4 c:/xilinx/14.4/ise_ds/edk/gnu/microblaze/nt64/bin/../lib/gcc/microblaze-xilinx-elf/4.6.2/bs/m/le/crtend.o

.gcc_except_table
 *(.gcc_except_table)

.sdata          0x000235a8        0x0
                0x000235a8                . = ALIGN (0x8)
                0x000235a8                __sdata_start = .
 *(.sdata)
 *(.sdata.*)
 *(.gnu.linkonce.s.*)
                0x000235a8                __sdata_end = .

.sbss           0x000235a8        0x0
                0x000235a8                . = ALIGN (0x4)
                0x000235a8                __sbss_start = .
 *(.sbss)
 *(.sbss.*)
 *(.gnu.linkonce.sb.*)
                0x000235a8                . = ALIGN (0x8)
                0x000235a8                __sbss_end = .

.tdata          0x000235a8        0x0
                0x000235a8                __tdata_start = .
 *(.tdata)
 *(.tdata.*)
 *(.gnu.linkonce.td.*)
                0x000235a8                __tdata_end = .

.tbss           0x000235a8        0x0
                0x000235a8                __tbss_start = .
 *(.tbss)
 *(.tbss.*)
 *(.gnu.linkonce.tb.*)
                0x000235a8                __tbss_end = .

.bss            0x000235a8      0xba0
                0x000235a8                . = ALIGN (0x4)
                0x000235a8                __bss_start = .
 *(.bss)
 .bss           0x000235a8        0x0 c:/xilinx/14.4/ise_ds/edk/gnu/microblaze/nt64/bin/../lib/gcc/microblaze-xilinx-elf/4.6.2/../../../../microblaze-xilinx-elf/lib/bs/m/le/crt0.o
 .bss           0x000235a8        0x0 c:/xilinx/14.4/ise_ds/edk/gnu/microblaze/nt64/bin/../lib/gcc/microblaze-xilinx-elf/4.6.2/bs/m/le/crti.o
 .bss           0x000235a8       0x20 c:/xilinx/14.4/ise_ds/edk/gnu/microblaze/nt64/bin/../lib/gcc/microblaze-xilinx-elf/4.6.2/bs/m/le/crtbegin.o
 .bss           0x000235c8        0x0 c:/xilinx/14.4/ise_ds/edk/gnu/microblaze/nt64/bin/../lib/gcc/microblaze-xilinx-elf/4.6.2/../../../../microblaze-xilinx-elf/lib/bs/m/le/crtinit.o
 .bss           0x000235c8        0x0 ./wlan_mac_high_framework/wlan_exp_common.o
 .bss           0x000235c8        0x0 ./wlan_mac_high_framework/wlan_exp_node.o
 .bss           0x000235c8        0x0 ./wlan_mac_high_framework/wlan_exp_transport.o
 .bss           0x000235c8        0x0 ./wlan_mac_high_framework/wlan_mac_dl_list.o
 .bss           0x000235c8      0x684 ./wlan_mac_high_framework/wlan_mac_eth_util.o
 .bss           0x00023c4c       0x21 ./wlan_mac_high_framework/wlan_mac_event_log.o
 .bss           0x00023c6d        0x0 ./wlan_mac_high_framework/wlan_mac_events.o
 *fill*         0x00023c6d        0x3 00
 .bss           0x00023c70        0x4 ./wlan_mac_high_framework/wlan_mac_fmc_pkt.o
 .bss           0x00023c74       0x34 ./wlan_mac_high_framework/wlan_mac_high.o
 .bss           0x00023ca8       0x15 ./wlan_mac_high_framework/wlan_mac_ltg.o
 .bss           0x00023cbd        0x0 ./wlan_mac_high_framework/wlan_mac_packet_types.o
 *fill*         0x00023cbd        0x3 00
 .bss           0x00023cc0       0x13 ./wlan_mac_high_framework/wlan_mac_queue.o
 *fill*         0x00023cd3        0x1 00
 .bss           0x00023cd4       0x34 ./wlan_mac_high_framework/wlan_mac_schedule.o
 .bss           0x00023d08        0x4 ./wlan_mac_common/wlan_mac_ipc_util.o
 .bss           0x00023d0c        0x0 ./src/wlan_exp_node_sta.o
 .bss           0x00023d0c       0x10 ./src/wlan_mac_sta.o
 .bss           0x00023d1c       0x31 ./src/wlan_mac_sta_uart_menu.o
 .bss           0x00023d4d        0x0 ../../wlan_bsp_cpu_high/mb_high/lib\libxil.a(xil_printf.o)
 .bss           0x00023d4d        0x0 ../../wlan_bsp_cpu_high/mb_high/lib\libxil.a(_exception_handler.o)
 .bss           0x00023d4d        0x0 ../../wlan_bsp_cpu_high/mb_high/lib\libxil.a(_program_clean.o)
 .bss           0x00023d4d        0x0 ../../wlan_bsp_cpu_high/mb_high/lib\libxil.a(_program_init.o)
 .bss           0x00023d4d        0x0 ../../wlan_bsp_cpu_high/mb_high/lib\libxil.a(hw_exception_handler.o)
 .bss           0x00023d4d        0x0 ../../wlan_bsp_cpu_high/mb_high/lib\libxil.a(microblaze_interrupt_handler.o)
 .bss           0x00023d4d        0x0 ../../wlan_bsp_cpu_high/mb_high/lib\libxil.a(microblaze_interrupts_g.o)
 .bss           0x00023d4d        0x0 ../../wlan_bsp_cpu_high/mb_high/lib\libxil.a(outbyte.o)
 *fill*         0x00023d4d        0x3 00
 .bss           0x00023d50        0x4 ../../wlan_bsp_cpu_high/mb_high/lib\libxil.a(xil_assert.o)
 .bss           0x00023d54        0x0 ../../wlan_bsp_cpu_high/mb_high/lib\libxil.a(xil_exception.o)
 .bss           0x00023d54        0x0 ../../wlan_bsp_cpu_high/mb_high/lib\libxil.a(xil_io.o)
 .bss           0x00023d54        0x0 ../../wlan_bsp_cpu_high/mb_high/lib\libxil.a(xaxicdma.o)
 .bss           0x00023d54        0x0 ../../wlan_bsp_cpu_high/mb_high/lib\libxil.a(xaxicdma_bdring.o)
 .bss           0x00023d54        0x0 ../../wlan_bsp_cpu_high/mb_high/lib\libxil.a(xaxicdma_intr.o)
 .bss           0x00023d54        0x0 ../../wlan_bsp_cpu_high/mb_high/lib\libxil.a(xaxicdma_sinit.o)
 .bss           0x00023d54        0x0 ../../wlan_bsp_cpu_high/mb_high/lib\libxil.a(xaxiethernet.o)
 .bss           0x00023d54        0x0 ../../wlan_bsp_cpu_high/mb_high/lib\libxil.a(xaxiethernet_sinit.o)
 .bss           0x00023d54        0x0 ../../wlan_bsp_cpu_high/mb_high/lib\libxil.a(xaxidma.o)
 .bss           0x00023d54        0x0 ../../wlan_bsp_cpu_high/mb_high/lib\libxil.a(xaxidma_bd.o)
 .bss           0x00023d54        0x0 ../../wlan_bsp_cpu_high/mb_high/lib\libxil.a(xaxidma_bdring.o)
 .bss           0x00023d54        0x0 ../../wlan_bsp_cpu_high/mb_high/lib\libxil.a(xaxidma_sinit.o)
 .bss           0x00023d54        0x0 ../../wlan_bsp_cpu_high/mb_high/lib\libxil.a(xintc.o)
 .bss           0x00023d54        0x0 ../../wlan_bsp_cpu_high/mb_high/lib\libxil.a(xintc_g.o)
 .bss           0x00023d54        0x0 ../../wlan_bsp_cpu_high/mb_high/lib\libxil.a(xintc_intr.o)
 .bss           0x00023d54        0x0 ../../wlan_bsp_cpu_high/mb_high/lib\libxil.a(xintc_l.o)
 .bss           0x00023d54        0x0 ../../wlan_bsp_cpu_high/mb_high/lib\libxil.a(xgpio.o)
 .bss           0x00023d54        0x0 ../../wlan_bsp_cpu_high/mb_high/lib\libxil.a(xgpio_intr.o)
 .bss           0x00023d54        0x0 ../../wlan_bsp_cpu_high/mb_high/lib\libxil.a(xgpio_sinit.o)
 .bss           0x00023d54        0x0 ../../wlan_bsp_cpu_high/mb_high/lib\libxil.a(xtmrctr.o)
 .bss           0x00023d54        0x0 ../../wlan_bsp_cpu_high/mb_high/lib\libxil.a(xtmrctr_g.o)
 .bss           0x00023d54        0x0 ../../wlan_bsp_cpu_high/mb_high/lib\libxil.a(xtmrctr_intr.o)
 .bss           0x00023d54        0x0 ../../wlan_bsp_cpu_high/mb_high/lib\libxil.a(xtmrctr_l.o)
 .bss           0x00023d54        0x0 ../../wlan_bsp_cpu_high/mb_high/lib\libxil.a(xtmrctr_options.o)
 .bss           0x00023d54        0x0 ../../wlan_bsp_cpu_high/mb_high/lib\libxil.a(xuartlite.o)
 .bss           0x00023d54        0x0 ../../wlan_bsp_cpu_high/mb_high/lib\libxil.a(xuartlite_intr.o)
 .bss           0x00023d54        0x0 ../../wlan_bsp_cpu_high/mb_high/lib\libxil.a(xuartlite_l.o)
 .bss           0x00023d54        0x0 ../../wlan_bsp_cpu_high/mb_high/lib\libxil.a(xuartlite_sinit.o)
 .bss           0x00023d54        0x0 ../../wlan_bsp_cpu_high/mb_high/lib\libxil.a(xuartlite_stats.o)
 .bss           0x00023d54        0x0 ../../wlan_bsp_cpu_high/mb_high/lib\libxil.a(xmbox.o)
 .bss           0x00023d54        0x0 ../../wlan_bsp_cpu_high/mb_high/lib\libxil.a(xmbox_sinit.o)
 .bss           0x00023d54        0x0 ../../wlan_bsp_cpu_high/mb_high/lib\libxil.a(xmutex.o)
 .bss           0x00023d54        0x0 ../../wlan_bsp_cpu_high/mb_high/lib\libxil.a(xmutex_sinit.o)
 .bss           0x00023d54        0x4 ../../wlan_bsp_cpu_high/mb_high/lib\libxil.a(xbasic_types.o)
 .bss           0x00023d58        0x0 ../../wlan_bsp_cpu_high/mb_high/lib\libxil.a(microblaze_disable_exceptions.o)
 .bss           0x00023d58        0x0 ../../wlan_bsp_cpu_high/mb_high/lib\libxil.a(microblaze_disable_interrupts.o)
 .bss           0x00023d58        0x0 ../../wlan_bsp_cpu_high/mb_high/lib\libxil.a(microblaze_enable_exceptions.o)
 .bss           0x00023d58        0x0 ../../wlan_bsp_cpu_high/mb_high/lib\libxil.a(microblaze_enable_interrupts.o)
 .bss           0x00023d58        0x0 ../../wlan_bsp_cpu_high/mb_high/lib\libxil.a(microblaze_invalidate_dcache_range.o)
 .bss           0x00023d58        0x0 ../../wlan_bsp_cpu_high/mb_high/lib\libxil.a(xaxicdma_bd.o)
 .bss           0x00023d58        0x0 ../../wlan_bsp_cpu_high/mb_high/lib\libxil.a(xaxicdma_g.o)
 .bss           0x00023d58        0x0 ../../wlan_bsp_cpu_high/mb_high/lib\libxil.a(xaxiethernet_g.o)
 .bss           0x00023d58        0x0 ../../wlan_bsp_cpu_high/mb_high/lib\libxil.a(xaxidma_g.o)
 .bss           0x00023d58        0x0 ../../wlan_bsp_cpu_high/mb_high/lib\libxil.a(xgpio_g.o)
 .bss           0x00023d58        0x0 ../../wlan_bsp_cpu_high/mb_high/lib\libxil.a(xuartlite_g.o)
 .bss           0x00023d58        0x0 ../../wlan_bsp_cpu_high/mb_high/lib\libxil.a(xmbox_g.o)
 .bss           0x00023d58        0x0 ../../wlan_bsp_cpu_high/mb_high/lib\libxil.a(xmutex_g.o)
 .bss           0x00023d58        0x0 c:/xilinx/14.4/ise_ds/edk/gnu/microblaze/nt64/bin/../lib/gcc/microblaze-xilinx-elf/4.6.2/bs/m/le\libgcc.a(modsi3.o)
 .bss           0x00023d58        0x0 c:/xilinx/14.4/ise_ds/edk/gnu/microblaze/nt64/bin/../lib/gcc/microblaze-xilinx-elf/4.6.2/bs/m/le\libgcc.a(udivsi3.o)
 .bss           0x00023d58        0x0 c:/xilinx/14.4/ise_ds/edk/gnu/microblaze/nt64/bin/../lib/gcc/microblaze-xilinx-elf/4.6.2/bs/m/le\libgcc.a(umodsi3.o)
 .bss           0x00023d58        0x0 ../../wlan_bsp_cpu_high/mb_high/lib\libc.a(lib_a-ctype_.o)
 .bss           0x00023d58        0x0 ../../wlan_bsp_cpu_high/mb_high/lib\libc.a(lib_a-exit.o)
 .bss           0x00023d58        0x0 ../../wlan_bsp_cpu_high/mb_high/lib\libc.a(lib_a-impure.o)
 .bss           0x00023d58        0x0 ../../wlan_bsp_cpu_high/mb_high/lib\libc.a(lib_a-malloc.o)
 .bss           0x00023d58       0x34 ../../wlan_bsp_cpu_high/mb_high/lib\libc.a(lib_a-mallocr.o)
                0x00023d58                __malloc_current_mallinfo
                0x00023d80                __malloc_max_total_mem
                0x00023d84                __malloc_max_sbrked_mem
                0x00023d88                __malloc_top_pad
 .bss           0x00023d8c        0x0 ../../wlan_bsp_cpu_high/mb_high/lib\libc.a(lib_a-memcmp.o)
 .bss           0x00023d8c        0x0 ../../wlan_bsp_cpu_high/mb_high/lib\libc.a(lib_a-memcpy.o)
 .bss           0x00023d8c        0x0 ../../wlan_bsp_cpu_high/mb_high/lib\libc.a(lib_a-memmove.o)
 .bss           0x00023d8c        0x0 ../../wlan_bsp_cpu_high/mb_high/lib\libc.a(lib_a-memset.o)
 .bss           0x00023d8c        0x0 ../../wlan_bsp_cpu_high/mb_high/lib\libc.a(lib_a-mlock.o)
 .bss           0x00023d8c        0x0 ../../wlan_bsp_cpu_high/mb_high/lib\libc.a(lib_a-mstats.o)
 .bss           0x00023d8c        0x0 ../../wlan_bsp_cpu_high/mb_high/lib\libc.a(lib_a-rand.o)
 .bss           0x00023d8c        0x0 ../../wlan_bsp_cpu_high/mb_high/lib\libc.a(lib_a-realloc.o)
 .bss           0x00023d8c        0x0 ../../wlan_bsp_cpu_high/mb_high/lib\libc.a(lib_a-reallocr.o)
 .bss           0x00023d8c        0x0 ../../wlan_bsp_cpu_high/mb_high/lib\libc.a(lib_a-sbrkr.o)
 .bss           0x00023d8c        0x0 ../../wlan_bsp_cpu_high/mb_high/lib\libc.a(lib_a-strcmp.o)
 .bss           0x00023d8c        0x0 ../../wlan_bsp_cpu_high/mb_high/lib\libc.a(lib_a-strcpy.o)
 .bss           0x00023d8c        0x0 ../../wlan_bsp_cpu_high/mb_high/lib\libc.a(lib_a-strlen.o)
 .bss           0x00023d8c        0x0 ../../wlan_bsp_cpu_high/mb_high/lib\libc.a(lib_a-__call_atexit.o)
 .bss           0x00023d8c        0x0 ../../wlan_bsp_cpu_high/mb_high/lib\libc.a(lib_a-findfp.o)
 .bss           0x00023d8c        0x0 ../../wlan_bsp_cpu_high/mb_high/lib\libc.a(lib_a-fiprintf.o)
 .bss           0x00023d8c        0x0 ../../wlan_bsp_cpu_high/mb_high/lib\libc.a(lib_a-freer.o)
 .bss           0x00023d8c        0x0 ../../wlan_bsp_cpu_high/mb_high/lib\libc.a(lib_a-fwalk.o)
 .bss           0x00023d8c        0x0 ../../wlan_bsp_cpu_high/mb_high/lib\libc.a(lib_a-mallinfor.o)
 .bss           0x00023d8c        0x0 ../../wlan_bsp_cpu_high/mb_high/lib\libc.a(lib_a-malloptr.o)
 .bss           0x00023d8c        0x0 ../../wlan_bsp_cpu_high/mb_high/lib\libc.a(lib_a-mallstatsr.o)
 .bss           0x00023d8c        0x0 ../../wlan_bsp_cpu_high/mb_high/lib\libc.a(lib_a-reent.o)
 .bss           0x00023d8c        0x0 ../../wlan_bsp_cpu_high/mb_high/lib\libc.a(lib_a-stdio.o)
 .bss           0x00023d8c        0x0 ../../wlan_bsp_cpu_high/mb_high/lib\libc.a(lib_a-vfiprintf.o)
 .bss           0x00023d8c        0x0 ../../wlan_bsp_cpu_high/mb_high/lib\libc.a(lib_a-writer.o)
 .bss           0x00023d8c        0x0 ../../wlan_bsp_cpu_high/mb_high/lib\libc.a(lib_a-wsetup.o)
 .bss           0x00023d8c        0x0 ../../wlan_bsp_cpu_high/mb_high/lib\libc.a(lib_a-closer.o)
 .bss           0x00023d8c        0x0 ../../wlan_bsp_cpu_high/mb_high/lib\libc.a(lib_a-fclose.o)
 .bss           0x00023d8c        0x0 ../../wlan_bsp_cpu_high/mb_high/lib\libc.a(lib_a-fflush.o)
 .bss           0x00023d8c        0x0 ../../wlan_bsp_cpu_high/mb_high/lib\libc.a(lib_a-fputwc.o)
 .bss           0x00023d8c        0x0 ../../wlan_bsp_cpu_high/mb_high/lib\libc.a(lib_a-fvwrite.o)
 .bss           0x00023d8c        0xc ../../wlan_bsp_cpu_high/mb_high/lib\libc.a(lib_a-locale.o)
                0x00023d8c                _PathLocale
                0x00023d90                __mlocale_changed
                0x00023d94                __nlocale_changed
 .bss           0x00023d98        0x0 ../../wlan_bsp_cpu_high/mb_high/lib\libc.a(lib_a-lseekr.o)
 .bss           0x00023d98        0x0 ../../wlan_bsp_cpu_high/mb_high/lib\libc.a(lib_a-makebuf.o)
 .bss           0x00023d98        0x0 ../../wlan_bsp_cpu_high/mb_high/lib\libc.a(lib_a-memchr.o)
 .bss           0x00023d98        0x0 ../../wlan_bsp_cpu_high/mb_high/lib\libc.a(lib_a-readr.o)
 .bss           0x00023d98        0x0 ../../wlan_bsp_cpu_high/mb_high/lib\libc.a(lib_a-wbuf.o)
 .bss           0x00023d98        0x0 ../../wlan_bsp_cpu_high/mb_high/lib\libc.a(lib_a-wcrtomb.o)
 .bss           0x00023d98        0x0 ../../wlan_bsp_cpu_high/mb_high/lib\libc.a(lib_a-wctomb_r.o)
 .bss           0x00023d98        0x0 ../../wlan_bsp_cpu_high/mb_high/lib\libc.a(lib_a-fstatr.o)
 .bss           0x00023d98        0x0 ../../wlan_bsp_cpu_high/mb_high/lib\libc.a(lib_a-isattyr.o)
 .bss           0x00023d98        0x0 ../../wlan_bsp_cpu_high/mb_high/lib\libxil.a(fstat.o)
 .bss           0x00023d98        0x0 ../../wlan_bsp_cpu_high/mb_high/lib\libxil.a(isatty.o)
 .bss           0x00023d98        0x0 ../../wlan_bsp_cpu_high/mb_high/lib\libxil.a(lseek.o)
 .bss           0x00023d98        0x4 ../../wlan_bsp_cpu_high/mb_high/lib\libxil.a(sbrk.o)
 .bss           0x00023d9c        0x0 ../../wlan_bsp_cpu_high/mb_high/lib\libxil.a(write.o)
 .bss           0x00023d9c        0x0 ../../wlan_bsp_cpu_high/mb_high/lib\libxil.a(read.o)
 .bss           0x00023d9c        0x0 ../../wlan_bsp_cpu_high/mb_high/lib\libxil.a(close.o)
 .bss           0x00023d9c        0x0 ../../wlan_bsp_cpu_high/mb_high/lib\libxil.a(errno.o)
 .bss           0x00023d9c        0x0 ../../wlan_bsp_cpu_high/mb_high/lib\libxil.a(inbyte.o)
 .bss           0x00023d9c        0x0 c:/xilinx/14.4/ise_ds/edk/gnu/microblaze/nt64/bin/../lib/gcc/microblaze-xilinx-elf/4.6.2/bs/m/le\libgcc.a(_muldi3.o)
 .bss           0x00023d9c        0x0 c:/xilinx/14.4/ise_ds/edk/gnu/microblaze/nt64/bin/../lib/gcc/microblaze-xilinx-elf/4.6.2/bs/m/le\libgcc.a(_udivdi3.o)
 .bss           0x00023d9c        0x0 c:/xilinx/14.4/ise_ds/edk/gnu/microblaze/nt64/bin/../lib/gcc/microblaze-xilinx-elf/4.6.2/bs/m/le\libgcc.a(_umoddi3.o)
 .bss           0x00023d9c        0x0 c:/xilinx/14.4/ise_ds/edk/gnu/microblaze/nt64/bin/../lib/gcc/microblaze-xilinx-elf/4.6.2/bs/m/le\libgcc.a(_clz.o)
 .bss           0x00023d9c        0x0 c:/xilinx/14.4/ise_ds/edk/gnu/microblaze/nt64/bin/../lib/gcc/microblaze-xilinx-elf/4.6.2/bs/m/le/crtend.o
 .bss           0x00023d9c        0x0 c:/xilinx/14.4/ise_ds/edk/gnu/microblaze/nt64/bin/../lib/gcc/microblaze-xilinx-elf/4.6.2/bs/m/le/crtn.o
 *(.bss.*)
 *(.gnu.linkonce.b.*)
 *(COMMON)
 COMMON         0x00023d9c        0x4 ./wlan_mac_high_framework/wlan_exp_common.o
                0x00023d9c                hw_info_ptr
 COMMON         0x00023da0       0x1c ./wlan_mac_high_framework/wlan_mac_eth_util.o
                0x00023da0                eth_mac_addr
                0x00023da6                eth_encap_mode
                0x00023da8                ETH_A_NUM_RX_BD
                0x00023dac                eth_rx_callback
                0x00023db0                eth_sta_mac_addr
                0x00023db8                transmit_callback
 COMMON         0x00023dbc        0x1 ./wlan_mac_high_framework/wlan_mac_event_log.o
                0x00023dbc                enable_event_logging
 *fill*         0x00023dbd        0x3 00
 COMMON         0x00023dc0       0x18 ./wlan_mac_high_framework/wlan_mac_fmc_pkt.o
                0x00023dc0                ipc_msg_from_fmc
                0x00023dc8                fmc_ipc_mailbox
 COMMON         0x00023dd8      0x269 ./wlan_mac_high_framework/wlan_mac_high.o
                0x00023dd8                UartLite
                0x00023e24                pb_d_callback
                0x00023e28                cdma_inst
                0x00023f8c                check_queue_callback
                0x00023f90                ipc_msg_from_low
                0x00023f98                hw_info
                0x00023fb8                pb_u_callback
                0x00023fbc                tx_pkt_buf
                0x00023fc0                ipc_msg_from_low_payload
                0x00024010                uart_callback
                0x00024014                fcs_bad_rx_callback
                0x00024018                mpdu_tx_accept_callback
                0x0002401c                pb_m_callback
                0x00024020                mpdu_rx_callback
                0x00024024                mpdu_tx_done_callback
                0x00024028                dram_present
                0x0002402c                InterruptController
                0x00024040                uart_rx_buffer
 *fill*         0x00024041        0x3 00
 COMMON         0x00024044        0x8 ./wlan_mac_high_framework/wlan_mac_queue.o
                0x00024044                PQUEUE_BUFFER_SPACE_BASE
                0x00024048                PQUEUE_LEN
 COMMON         0x0002404c       0x28 ./wlan_mac_common/wlan_mac_ipc_util.o
                0x0002404c                mailbox_rx_callback
                0x00024050                ipc_mailbox
                0x00024060                pkt_buf_mutex
 COMMON         0x00024074       0x9f ./src/wlan_mac_sta.o
                0x00024074                access_point_basic_rates
                0x00024080                max_queue_size
                0x00024084                default_tx_gain_target
                0x00024088                access_point
                0x000240b0                num_ap_list
                0x000240b4                active_scan_schedule_id
                0x000240b8                association_state
                0x000240bc                tx_header_common
                0x000240cc                mac_param_chan
                0x000240d0                access_point_num_basic_rates
                0x000240d1                default_unicast_rate
                0x000240d4                ap_list
                0x000240d8                mac_param_chan_save
                0x000240dc                pause_queue
                0x000240e0                access_point_ssid
                0x000240e4                access_point_stat
                0x00024110                repeated_active_scan_scheduled
                0x00024111                uart_mode
                0x00024112                active_scan
 *fill*         0x00024113        0x1 00
 COMMON         0x00024114        0x4 ../../wlan_bsp_cpu_high/mb_high/lib\libxil.a(xil_assert.o)
                0x00024114                Xil_AssertStatus
 COMMON         0x00024118       0x28 ../../wlan_bsp_cpu_high/mb_high/lib\libxil.a(xintc.o)
                0x00024118                XIntc_BitPosMask
 COMMON         0x00024140        0x4 ../../wlan_bsp_cpu_high/mb_high/lib\libxil.a(xbasic_types.o)
                0x00024140                XAssertStatus
 COMMON         0x00024144        0x4 ../../wlan_bsp_cpu_high/mb_high/lib\libc.a(lib_a-reent.o)
                0x00024144                errno
                0x00024148                . = ALIGN (0x4)
                0x00024148                __bss_end = .
                0x000235a8                _SDA_BASE_ = (__sdata_start + ((__sbss_end - __sdata_start) / 0x2))
                0x00022dd8                _SDA2_BASE_ = (__sdata2_start + ((__sbss2_end - __sdata2_start) / 0x2))

.heap           0x00024148     0x1fa0
                0x00024148                . = ALIGN (0x8)