Archive member included because of file (symbol)

../../wlan_bsp_cpu_high/mb_high/lib\libxil.a(xil_printf.o)
                              ./wlan_mac_high_framework/wlan_mac_eth_util.o (xil_printf)
../../wlan_bsp_cpu_high/mb_high/lib\libxil.a(_exception_handler.o)
                              c:/xilinx/14.4/ise_ds/edk/gnu/microblaze/nt64/bin/../lib/gcc/microblaze-xilinx-elf/4.6.2/../../../../microblaze-xilinx-elf/lib/bs/m/le/crt0.o (_exception_handler)
../../wlan_bsp_cpu_high/mb_high/lib\libxil.a(_program_clean.o)
                              c:/xilinx/14.4/ise_ds/edk/gnu/microblaze/nt64/bin/../lib/gcc/microblaze-xilinx-elf/4.6.2/../../../../microblaze-xilinx-elf/lib/bs/m/le/crtinit.o (_program_clean)
../../wlan_bsp_cpu_high/mb_high/lib\libxil.a(_program_init.o)
                              c:/xilinx/14.4/ise_ds/edk/gnu/microblaze/nt64/bin/../lib/gcc/microblaze-xilinx-elf/4.6.2/../../../../microblaze-xilinx-elf/lib/bs/m/le/crtinit.o (_program_init)
../../wlan_bsp_cpu_high/mb_high/lib\libxil.a(hw_exception_handler.o)
                              c:/xilinx/14.4/ise_ds/edk/gnu/microblaze/nt64/bin/../lib/gcc/microblaze-xilinx-elf/4.6.2/../../../../microblaze-xilinx-elf/lib/bs/m/le/crt0.o (_hw_exception_handler)
../../wlan_bsp_cpu_high/mb_high/lib\libxil.a(microblaze_interrupt_handler.o)
                              c:/xilinx/14.4/ise_ds/edk/gnu/microblaze/nt64/bin/../lib/gcc/microblaze-xilinx-elf/4.6.2/../../../../microblaze-xilinx-elf/lib/bs/m/le/crt0.o (_interrupt_handler)
../../wlan_bsp_cpu_high/mb_high/lib\libxil.a(microblaze_interrupts_g.o)
                              ../../wlan_bsp_cpu_high/mb_high/lib\libxil.a(microblaze_interrupt_handler.o) (MB_InterruptVectorTable)
../../wlan_bsp_cpu_high/mb_high/lib\libxil.a(outbyte.o)
                              ../../wlan_bsp_cpu_high/mb_high/lib\libxil.a(xil_printf.o) (outbyte)
../../wlan_bsp_cpu_high/mb_high/lib\libxil.a(xil_assert.o)
                              ./wlan_mac_high_framework/wlan_mac_fmc_pkt.o (Xil_Assert)
../../wlan_bsp_cpu_high/mb_high/lib\libxil.a(xil_exception.o)
                              ./wlan_mac_high_framework/wlan_mac_high.o (Xil_ExceptionInit)
../../wlan_bsp_cpu_high/mb_high/lib\libxil.a(xil_io.o)
                              ./wlan_mac_high_framework/wlan_mac_eth_util.o (Xil_EndianSwap16)
../../wlan_bsp_cpu_high/mb_high/lib\libxil.a(xaxicdma.o)
                              ./wlan_mac_high_framework/wlan_mac_high.o (XAxiCdma_CfgInitialize)
../../wlan_bsp_cpu_high/mb_high/lib\libxil.a(xaxicdma_bdring.o)
                              ../../wlan_bsp_cpu_high/mb_high/lib\libxil.a(xaxicdma.o) (XAxiCdma_BdRingGetCurrBd)
../../wlan_bsp_cpu_high/mb_high/lib\libxil.a(xaxicdma_intr.o)
                              ../../wlan_bsp_cpu_high/mb_high/lib\libxil.a(xaxicdma.o) (XAxiCdma_IntrGetEnabled)
../../wlan_bsp_cpu_high/mb_high/lib\libxil.a(xaxicdma_sinit.o)
                              ./wlan_mac_high_framework/wlan_mac_high.o (XAxiCdma_LookupConfig)
../../wlan_bsp_cpu_high/mb_high/lib\libxil.a(xaxiethernet.o)
                              ./wlan_mac_high_framework/wlan_mac_eth_util.o (XAxiEthernet_Start)
../../wlan_bsp_cpu_high/mb_high/lib\libxil.a(xaxiethernet_sinit.o)
                              ./wlan_mac_high_framework/wlan_mac_eth_util.o (XAxiEthernet_LookupConfig)
../../wlan_bsp_cpu_high/mb_high/lib\libxil.a(xaxidma.o)
                              ./wlan_mac_high_framework/wlan_mac_eth_util.o (XAxiDma_CfgInitialize)
../../wlan_bsp_cpu_high/mb_high/lib\libxil.a(xaxidma_bd.o)
                              ./wlan_mac_high_framework/wlan_mac_eth_util.o (XAxiDma_BdSetLength)
../../wlan_bsp_cpu_high/mb_high/lib\libxil.a(xaxidma_bdring.o)
                              ./wlan_mac_high_framework/wlan_mac_eth_util.o (XAxiDma_BdRingCreate)
../../wlan_bsp_cpu_high/mb_high/lib\libxil.a(xaxidma_sinit.o)
                              ./wlan_mac_high_framework/wlan_mac_eth_util.o (XAxiDma_LookupConfig)
../../wlan_bsp_cpu_high/mb_high/lib\libxil.a(xintc.o)
                              ./wlan_mac_high_framework/wlan_mac_high.o (XIntc_Initialize)
../../wlan_bsp_cpu_high/mb_high/lib\libxil.a(xintc_g.o)
                              ../../wlan_bsp_cpu_high/mb_high/lib\libxil.a(xintc.o) (XIntc_ConfigTable)
../../wlan_bsp_cpu_high/mb_high/lib\libxil.a(xintc_intr.o)
                              ./wlan_mac_high_framework/wlan_mac_high.o (XIntc_InterruptHandler)
../../wlan_bsp_cpu_high/mb_high/lib\libxil.a(xintc_l.o)
                              ../../wlan_bsp_cpu_high/mb_high/lib\libxil.a(microblaze_interrupts_g.o) (XIntc_DeviceInterruptHandler)
../../wlan_bsp_cpu_high/mb_high/lib\libxil.a(xgpio.o)
                              ./wlan_mac_high_framework/wlan_mac_high.o (XGpio_SetDataDirection)
../../wlan_bsp_cpu_high/mb_high/lib\libxil.a(xgpio_intr.o)
                              ./wlan_mac_high_framework/wlan_mac_high.o (XGpio_InterruptGlobalEnable)
../../wlan_bsp_cpu_high/mb_high/lib\libxil.a(xgpio_sinit.o)
[...]
Memory Configuration

Name             Origin             Length             Attributes
mb_high_ilmb_bram_cntlr_0_mb_high_dlmb_bram_cntlr_0 0x00000050         0x0001ffb0
mb_high_ilmb_bram_cntlr_1_mb_high_dlmb_bram_cntlr_1 0x00020000         0x00020000
mb_high_init_bram_ctrl_S_AXI_BASEADDR 0x50000000         0x00001000
pkt_buff_tx_bram_ctrl_S_AXI_BASEADDR 0xbf570000         0x00010000
pkt_buff_rx_bram_ctrl_S_AXI_BASEADDR 0xbf560000         0x00010000
mb_high_aux_bram_ctrl_S_AXI_BASEADDR 0xbf540000         0x00010000
ddr3_sodimm_S_AXI_BASEADDR 0xc0000000         0x40000000
*default*        0x00000000         0xffffffff

Linker script and memory map

LOAD c:/xilinx/14.4/ise_ds/edk/gnu/microblaze/nt64/bin/../lib/gcc/microblaze-xilinx-elf/4.6.2/../../../../microblaze-xilinx-elf/lib/bs/m/le/crt0.o
LOAD c:/xilinx/14.4/ise_ds/edk/gnu/microblaze/nt64/bin/../lib/gcc/microblaze-xilinx-elf/4.6.2/bs/m/le/crti.o
LOAD c:/xilinx/14.4/ise_ds/edk/gnu/microblaze/nt64/bin/../lib/gcc/microblaze-xilinx-elf/4.6.2/bs/m/le/crtbegin.o
LOAD c:/xilinx/14.4/ise_ds/edk/gnu/microblaze/nt64/bin/../lib/gcc/microblaze-xilinx-elf/4.6.2/../../../../microblaze-xilinx-elf/lib/bs/m/le/crtinit.o
                [0x00000400]                _STACK_SIZE = DEFINED (_STACK_SIZE)?_STACK_SIZE:0x400
                [0x00001fa0]                _HEAP_SIZE = DEFINED (_HEAP_SIZE)?_HEAP_SIZE:0x1fa0

.vectors.reset  0x00000000        0x8
 *(.vectors.reset)
 .vectors.reset
                0x00000000        0x8 c:/xilinx/14.4/ise_ds/edk/gnu/microblaze/nt64/bin/../lib/gcc/microblaze-xilinx-elf/4.6.2/../../../../microblaze-xilinx-elf/lib/bs/m/le/crt0.o
                0x00000000                _start

.vectors.sw_exception
                0x00000008        0x8
 *(.vectors.sw_exception)
 .vectors.sw_exception
                0x00000008        0x8 c:/xilinx/14.4/ise_ds/edk/gnu/microblaze/nt64/bin/../lib/gcc/microblaze-xilinx-elf/4.6.2/../../../../microblaze-xilinx-elf/lib/bs/m/le/crt0.o

.vectors.interrupt
                0x00000010        0x8
 *(.vectors.interrupt)
 .vectors.interrupt
                0x00000010        0x8 c:/xilinx/14.4/ise_ds/edk/gnu/microblaze/nt64/bin/../lib/gcc/microblaze-xilinx-elf/4.6.2/../../../../microblaze-xilinx-elf/lib/bs/m/le/crt0.o

.vectors.hw_exception
                0x00000020        0x8
 *(.vectors.hw_exception)
 .vectors.hw_exception
                0x00000020        0x8 c:/xilinx/14.4/ise_ds/edk/gnu/microblaze/nt64/bin/../lib/gcc/microblaze-xilinx-elf/4.6.2/../../../../microblaze-xilinx-elf/lib/bs/m/le/crt0.o

.text           0x00000050    0x1ee3c
 *(.text)
 .text          0x00000050       0x34 c:/xilinx/14.4/ise_ds/edk/gnu/microblaze/nt64/bin/../lib/gcc/microblaze-xilinx-elf/4.6.2/../../../../microblaze-xilinx-elf/lib/bs/m/le/crt0.o
                0x00000050                _start1
                0x00000080                _exit
 .text          0x00000084        0x0 c:/xilinx/14.4/ise_ds/edk/gnu/microblaze/nt64/bin/../lib/gcc/microblaze-xilinx-elf/4.6.2/bs/m/le/crti.o
 .text          0x00000084      0x118 c:/xilinx/14.4/ise_ds/edk/gnu/microblaze/nt64/bin/../lib/gcc/microblaze-xilinx-elf/4.6.2/bs/m/le/crtbegin.o
 .text          0x0000019c       0xb0 c:/xilinx/14.4/ise_ds/edk/gnu/microblaze/nt64/bin/../lib/gcc/microblaze-xilinx-elf/4.6.2/../../../../microblaze-xilinx-elf/lib/bs/m/le/crtinit.o
                0x0000019c                _crtinit
 .text          0x0000024c       0x64 ./wlan_mac_high_framework/wlan_exp_common.o
                0x0000024c                wlan_mac_exp_configure
 .text          0x000002b0        0x0 ./wlan_mac_high_framework/wlan_exp_node.o
 .text          0x000002b0        0x0 ./wlan_mac_high_framework/wlan_exp_transport.o
 .text          0x000002b0      0x32c ./wlan_mac_high_framework/wlan_mac_dl_list.o
                0x000002b0                dl_node_insertAfter
                0x0000034c                dl_node_insertBefore
                0x000003e8                dl_node_insertBeginning
                0x00000488                dl_node_insertEnd
                0x000004f4                dl_node_remove
                0x000005a0                dl_list_init
 .text          0x000005dc     0x159c ./wlan_mac_high_framework/wlan_mac_eth_util.o
                0x000005dc                wlan_eth_init
                0x000007b0                wlan_mac_util_set_eth_rx_callback
                0x000007e0                wlan_mac_util_set_transmit_callback
                0x00000810                set_eth_mac_addr
                0x00000880                wlan_mac_util_set_eth_encap_mode
                0x000008b4                eth_bd_total_size
                0x000008dc                wlan_eth_setup_interrupt
                0x00000990                RxIntrHandler
                0x00000a3c                wlan_eth_dma_init
                0x00000f28                wlan_mpdu_eth_send
                0x00001068                wlan_eth_dma_send
                0x00001228                wlan_poll_eth
                0x00001510                wlan_eth_encap
                0x000018f4                wlan_eth_dma_update
 .text          0x00001b78      0xf38 ./wlan_mac_high_framework/wlan_mac_event_log.o
                0x00001b78                event_log_init
                0x00001c18                event_log_reset
                0x00001c8c                event_log_config_wrap
                0x00001cf8                event_log_get_data
                0x00001e58                event_log_get_size
                0x00001ed4                event_log_get_current_index
                0x00001f08                event_log_get_oldest_event_index
                0x00001f3c                event_log_update_type
                0x00002028                event_log_update_timestamp
                0x00002148                event_log_increment_head_address
                0x000022f4                event_log_get_next_empty_address
                0x00002654                event_log_get_next_empty_event
                0x00002788                print_event_log
                0x00002a3c                print_event_log_size
 .text          0x00002ab0      0x608 ./wlan_mac_high_framework/wlan_mac_events.o
                0x00002ab0                get_next_empty_rx_ofdm_event
                0x00002aec                get_next_empty_rx_dsss_event
                0x00002b28                get_next_empty_tx_event
                0x00002b64                get_next_empty_bad_fcs_event
                0x00002ba0                print_event
 .text          0x000030b8      0xbc0 ./wlan_mac_high_framework/wlan_mac_fmc_pkt.o
                0x000030b8                fmc_ipc_rx
                0x000035b0                wlan_fmc_pkt_eth_send
                0x00003680                wlan_XMbox_Read
                0x00003940                wlan_XMbox_WriteBlocking
                0x00003b58                wlan_fmc_pkt_init
                0x00003b7c                wlan_fmc_pkt_mailbox_setup_interrupt
                0x00003ba4                FMCMailboxIntrHandler
 .text          0x00003c78     0x29a4 ./wlan_mac_high_framework/wlan_mac_high.o
                0x00003c78                wlan_mac_high_heap_init
                0x00003dc8                wlan_mac_high_init
                0x00004204                wlan_mac_high_interrupt_init
                0x000044b4                wlan_mac_high_interrupt_start
                0x000044f4                wlan_mac_high_interrupt_stop
                0x00004530                wlan_mac_high_get_hw_info
                0x00004558                wlan_mac_high_print_hw_info
                0x00004748                wlan_mac_high_uart_rx_handler
                0x000047b4                wlan_mac_high_find_station_info_AID
                0x00004840                wlan_mac_high_find_station_info_ADDR
                0x000048e0                wlan_mac_high_find_statistics_ADDR
                0x00004980                wlan_mac_high_gpio_handler
                0x00004a5c                wlan_mac_high_set_pb_u_callback
                0x00004a8c                wlan_mac_high_set_pb_m_callback
                0x00004abc                wlan_mac_high_set_pb_d_callback
                0x00004aec                wlan_mac_high_set_uart_rx_callback
                0x00004b1c                wlan_mac_high_set_mpdu_tx_done_callback
                0x00004b4c                wlan_mac_high_set_fcs_bad_rx_callback
                0x00004b7c                wlan_mac_high_set_mpdu_rx_callback
                0x00004bac                wlan_mac_high_set_mpdu_accept_callback
                0x00004bdc                wlan_mac_high_set_check_queue_callback
                0x00004c0c                wlan_mac_high_gpio_timestamp_init
                0x00004c84                get_usec_timestamp
                0x00004d4c                wlan_mac_high_process_tx_done
                0x00004df0                wlan_mac_high_display_mallinfo
                0x00005078                wlan_mac_high_malloc
                0x000050f8                wlan_mac_high_calloc
                0x00005164                wlan_mac_high_realloc
                0x000051ec                wlan_mac_high_free
                0x0000523c                wlan_mac_high_get_tx_rate
                0x000052c8                wlan_mac_high_write_hex_display
                0x00005370                wlan_mac_high_write_hex_display_dots
                0x00005414                wlan_mac_high_memory_test
                0x00005670                wlan_mac_high_is_tx_buffer_empty
                0x000056d8                wlan_mac_high_cdma_start_transfer
                0x00005760                wlan_mac_high_cdma_finish_transfer
                0x000057a4                wlan_mac_high_mpdu_transmit
                0x00005948                wlan_mac_high_get_eth_mac_addr
                0x00005970                wlan_mac_high_get_eeprom_mac_addr
                0x00005998                wlan_mac_high_valid_tagged_rate
                0x00005aa0                wlan_mac_high_tagged_rate_to_readable_rate
                0x00005cec                wlan_mac_high_setup_tx_header
                0x00005d30                wlan_mac_high_setup_tx_queue
                0x00005dc8                str2num
                0x00005eb0                usleep
                0x00005f3c                wlan_mac_high_ipc_rx
                0x00005f90                wlan_mac_high_process_ipc_msg
                0x00006430                wlan_mac_high_set_channel
                0x000064b8                wlan_mac_high_set_dsss
                0x00006540                wlan_mac_high_set_backoff_slot_value
                0x000065ac                wlan_mac_high_is_cpu_low_initialized
                0x000065e8                wlan_mac_high_is_cpu_low_ready
 .text          0x0000661c      0xbfc ./wlan_mac_high_framework/wlan_mac_ltg.o
                0x0000661c                wlan_mac_ltg_sched_init
                0x00006684                wlan_mac_ltg_sched_set_callback
                0x000066b4                ltg_sched_configure
                0x0000697c                ltg_sched_start
                0x000069ec                ltg_sched_start_l
                0x00006b9c                ltg_sched_check
                0x00006ca8                ltg_sched_stop
                0x00006d00                ltg_sched_stop_l
                0x00006d7c                ltg_sched_get_state
                0x00006eb0                ltg_sched_get_params
                0x00006f18                ltg_sched_get_callback_arg
                0x00006f7c                ltg_sched_remove
                0x0000709c                ltg_sched_create
                0x000070d4                ltg_sched_destroy_params
                0x0000714c                ltg_sched_destroy
                0x00007194                ltg_sched_find_tg_schedule
 .text          0x00007218     0x127c ./wlan_mac_high_framework/wlan_mac_packet_types.o
                0x00007218                wlan_create_beacon_probe_frame
                0x000075d8                wlan_create_probe_req_frame
                0x00007890                wlan_create_auth_frame
                0x00007a44                wlan_create_deauth_frame
                0x00007bd0                wlan_create_reassoc_assoc_req_frame
                0x00007f20                wlan_create_association_response_frame
                0x00008180                wlan_create_data_frame
                0x000082dc                rate_union
 .text          0x00008494      0x814 ./wlan_mac_high_framework/wlan_mac_queue.o
                0x00008494                queue_dram_present
                0x000084c8                queue_init
                0x000086a4                queue_total_size
                0x000086cc                purge_queue
                0x00008764                enqueue_after_end
                0x000088e8                dequeue_from_beginning
                0x00008a24                queue_num_free
                0x00008a4c                queue_num_queued
                0x00008aac                queue_checkout
                0x00008b80                queue_checkin
                0x00008c0c                wlan_mac_queue_poll
 .text          0x00008ca8      0xa30 ./wlan_mac_high_framework/wlan_mac_schedule.o
                0x00008ca8                wlan_mac_schedule_init
                0x00008da0                wlan_mac_schedule_setup_interrupt
                0x00008e28                wlan_mac_schedule_event_repeated
                0x00009000                wlan_mac_remove_schedule
                0x00009120                timer_handler
                0x00009494                find_schedule
                0x00009594                XTmrCtr_CustomInterruptHandler
 .text          0x000096d8      0x8c8 ./wlan_mac_common/wlan_mac_ipc_util.o
                0x000096d8                nullCallback
                0x000096fc                wlan_lib_init
                0x00009818                wlan_lib_mailbox_setup_interrupt
                0x000098f8                wlan_lib_mailbox_set_rx_callback
                0x00009928                MailboxIntrHandler
                0x000099d4                wlan_lib_mac_rate_to_mbps
                0x00009ab8                lock_pkt_buf_tx
                0x00009b34                lock_pkt_buf_rx
                0x00009bb8                unlock_pkt_buf_tx
                0x00009c34                unlock_pkt_buf_rx
                0x00009cb8                status_pkt_buf_tx
                0x00009d30                status_pkt_buf_rx
                0x00009db0                ipc_mailbox_write_msg
                0x00009e5c                ipc_mailbox_read_isempty
                0x00009e98                ipc_mailbox_read_msg
 .text          0x00009fa0        0x0 ./src/wlan_exp_node_ap.o
 .text          0x00009fa0     0x21ec ./src/wlan_mac_ap.o
                0x00009fa0                main
                0x0000a4ac                check_tx_queue
                0x0000a5e8                mpdu_transmit_done
                0x0000a75c                up_button
                0x0000a848                ltg_event
                0x0000aaa8                ethernet_receive
                0x0000aae0                beacon_transmit
                0x0000ac1c                eth_pkt_transmit
                0x0000adcc                print_packet
                0x0000ae84                association_timestamp_check
                0x0000b0f8                eth_pkt_send
                0x0000b328                mpdu_rx_process
                0x0000b3cc                bad_fcs_rx_process
                0x0000b430                print_associations
                0x0000b564                get_associations_status
                0x0000b59c                enable_associations
                0x0000b614                disable_associations
                0x0000b6a8                animate_hex
                0x0000b708                reset_station_statistics
                0x0000b7a4                deauthenticate_station
                0x0000b924                deauthenticate_stations
                0x0000b9a0                add_association
                0x0000bc88                add_statistics
                0x0000be88                remove_association
                0x0000bf44                is_valid_association
                0x0000bfc8                print_stats
                0x0000c050                reset_stats
                0x0000c088                send_test_packet
 .text          0x0000c18c     0x1d2c ./src/wlan_mac_ap_uart_menu.o
                0x0000c18c                uart_rx
                0x0000d2dc                print_ssid_menu
                0x0000d360                print_queue_status
                0x0000d4ec                print_menu
                0x0000d640                print_station_status
                0x0000dacc                print_all_observed_statistics
                0x0000dc7c                start_periodic_print
                0x0000dcec                stop_periodic_print
                0x0000dd44                ltg_cleanup
                0x0000dd84                is_qwerty_row
                0x0000dde8                qwerty_row_to_number
 .text          0x0000deb8      0x604 ../../wlan_bsp_cpu_high/mb_high/lib\libxil.a(xil_printf.o)
                0x0000e0a4                xil_printf
 .text          0x0000e4bc        0x8 ../../wlan_bsp_cpu_high/mb_high/lib\libxil.a(_exception_handler.o)
                0x0000e4bc                _exception_handler
 .text          0x0000e4c4        0x8 ../../wlan_bsp_cpu_high/mb_high/lib\libxil.a(_program_clean.o)
                0x0000e4c4                _program_clean
 .text          0x0000e4cc        0x8 ../../wlan_bsp_cpu_high/mb_high/lib\libxil.a(_program_init.o)
                0x0000e4cc                _program_init
 *fill*         0x0000e4d4        0xc 00
 .text          0x0000e4e0      0x460 ../../wlan_bsp_cpu_high/mb_high/lib\libxil.a(hw_exception_handler.o)
                0x0000e4e0                _hw_exception_handler
 .text          0x0000e940       0xb8 ../../wlan_bsp_cpu_high/mb_high/lib\libxil.a(microblaze_interrupt_handler.o)
                0x0000e940                _interrupt_handler
                0x0000e940                __interrupt_handler
                0x0000e9e4                microblaze_register_handler
 .text          0x0000e9f8        0x0 ../../wlan_bsp_cpu_high/mb_high/lib\libxil.a(microblaze_interrupts_g.o)
 .text          0x0000e9f8       0x2c ../../wlan_bsp_cpu_high/mb_high/lib\libxil.a(outbyte.o)
                0x0000e9f8                outbyte
 .text          0x0000ea24       0x48 ../../wlan_bsp_cpu_high/mb_high/lib\libxil.a(xil_assert.o)
                0x0000ea24                Xil_Assert
                0x0000ea5c                Xil_AssertSetCallback
 .text          0x0000ea6c       0xe8 ../../wlan_bsp_cpu_high/mb_high/lib\libxil.a(xil_exception.o)
                0x0000ea74                Xil_ExceptionInit
                0x0000ea7c                Xil_ExceptionEnable
                0x0000eaa8                Xil_ExceptionDisable
                0x0000ead4                Xil_ExceptionRegisterHandler
                0x0000eb0c                Xil_ExceptionRemoveHandler
 .text          0x0000eb54      0x118 ../../wlan_bsp_cpu_high/mb_high/lib\libxil.a(xil_io.o)
                0x0000eb54                Xil_EndianSwap16
                0x0000eb70                Xil_EndianSwap32
                0x0000eba8                Xil_In16BE
                0x0000ebd0                Xil_In32BE
                0x0000ec0c                Xil_Out16BE
                0x0000ec2c                Xil_Out32BE
 .text          0x0000ec6c      0x570 ../../wlan_bsp_cpu_high/mb_high/lib\libxil.a(xaxicdma.o)
                0x0000ec6c                XAxiCdma_GetError
                0x0000ec7c                XAxiCdma_Reset
                0x0000eca4                XAxiCdma_ResetIsDone
                0x0000ecbc                XAxiCdma_CfgInitialize
                0x0000ed9c                XAxiCdma_IsBusy
                0x0000edb4                XAxiCdma_IsSimpleMode
                0x0000edcc                XAxiCdma_SwitchMode
                0x0000eed8                XAxiCdma_SimpleTransfer
                0x0000f034                XAxiCdma_SetCoalesce
                0x0000f0c8                XAxiCdma_GetCoalesce
                0x0000f100                XAxiCdma_DumpRegisters
 .text          0x0000f1dc      0xab8 ../../wlan_bsp_cpu_high/mb_high/lib\libxil.a(xaxicdma_bdring.o)
                0x0000f1dc                XAxiCdma_BdRingCntCalc
                0x0000f218                XAxiCdma_BdRingMemCalc
                0x0000f22c                XAxiCdma_BdRingGetCnt
                0x0000f234                XAxiCdma_BdRingGetFreeCnt
                0x0000f23c                XAxiCdma_BdRingSnapShotCurrBd
                0x0000f28c                XAxiCdma_BdRingGetCurrBd
                0x0000f29c                XAxiCdma_BdRingNext
                0x0000f2e4                XAxiCdma_BdRingPrev
                0x0000f32c                XAxiCdma_BdRingCreate
                0x0000f570                XAxiCdma_BdRingClone
                0x0000f638                XAxiCdma_BdRingAlloc
                0x0000f6a0                XAxiCdma_BdRingUnAlloc
                0x0000f728                XAxiCdma_BdRingToHw
                0x0000f9a8                XAxiCdma_BdRingFromHw
                0x0000fb00                XAxiCdma_BdRingFree
                0x0000fbe0                XAxiCdma_BdRingStartTransfer
 .text          0x0000fc94      0x194 ../../wlan_bsp_cpu_high/mb_high/lib\libxil.a(xaxicdma_intr.o)
                0x0000fc94                XAxiCdma_IntrEnable
                0x0000fcb0                XAxiCdma_IntrGetEnabled
                0x0000fcc0                XAxiCdma_IntrDisable
                0x0000fce0                XAxiCdma_IntrHandler
 .text          0x0000fe28       0x24 ../../wlan_bsp_cpu_high/mb_high/lib\libxil.a(xaxicdma_sinit.o)
                0x0000fe28                XAxiCdma_LookupConfig
 .text          0x0000fe4c     0x135c ../../wlan_bsp_cpu_high/mb_high/lib\libxil.a(xaxiethernet.o)
                0x0000ff30                XAxiEthernet_Start
                0x0001002c                XAxiEthernet_Stop
                0x000100f4                XAxiEthernet_SetMacAddress
                0x00010274                XAxiEthernet_GetMacAddress
                0x000103a8                XAxiEthernet_SetOptions
                0x00010658                XAxiEthernet_ClearOptions
                0x00010900                XAxiEthernet_GetOptions
                0x0001099c                XAxiEthernet_GetOperatingSpeed
                0x00010a80                XAxiEthernet_SetOperatingSpeed
                0x00010c00                XAxiEthernet_SetBadFrmRcvOption
                0x00010c18                XAxiEthernet_ClearBadFrmRcvOption
                0x00010c30                XAxiEthernet_DisableControlFrameLenCheck
                0x00010c4c                XAxiEthernet_EnableControlFrameLenCheck
                0x00010c68                XAxiEthernet_PhySetMdioDivisor
                0x00010d30                XAxiEthernet_Reset
                0x00010ed4                XAxiEthernet_CfgInitialize
                0x00010f94                XAxiEthernet_PhyRead
                0x000110a0                XAxiEthernet_PhyWrite
 .text          0x000111a8       0x40 ../../wlan_bsp_cpu_high/mb_high/lib\libxil.a(xaxiethernet_sinit.o)
                0x000111a8                XAxiEthernet_LookupConfig
 .text          0x000111e8      0x758 ../../wlan_bsp_cpu_high/mb_high/lib\libxil.a(xaxidma.o)
                0x000111e8                XAxiDma_Reset
                0x000112f8                XAxiDma_ResetIsDone
                0x0001133c                XAxiDma_CfgInitialize
                0x0001151c                XAxiDma_Pause
                0x000115b0                XAxiDma_Resume
                0x000117c4                XAxiDma_Busy
                0x000117e4                XAxiDma_SelectKeyHole
                0x00011814                XAxiDma_SimpleTransfer
 .text          0x00011940      0x280 ../../wlan_bsp_cpu_high/mb_high/lib\libxil.a(xaxidma_bd.o)
                0x00011940                XAxiDma_BdSetLength
                0x00011974                XAxiDma_BdSetBufAddr
                0x000119d4                XAxiDma_BdSetAppWord
                0x00011a08                XAxiDma_BdGetAppWord
                0x00011a40                XAxiDma_BdSetCtrl
                0x00011a60                XAxiDma_DumpBd
 .text          0x00011bc0      0xd48 ../../wlan_bsp_cpu_high/mb_high/lib\libxil.a(xaxidma_bdring.o)
                0x00011bc0                XAxiDma_UpdateBdRingCDesc
                0x00011cb0                XAxiDma_BdRingCreate
                0x00011e88                XAxiDma_BdRingClone
                0x00011f60                XAxiDma_StartBdRingHw
                0x00012064                XAxiDma_BdRingStart
                0x00012098                XAxiDma_BdRingSetCoalesce
                0x00012104                XAxiDma_BdRingGetCoalesce
                0x00012128                XAxiDma_BdRingAlloc
                0x000121a0                XAxiDma_BdRingUnAlloc
                0x00012244                XAxiDma_BdRingToHw
                0x00012474                XAxiDma_BdRingFromHw
                0x000125f8                XAxiDma_BdRingFree
                0x00012674                XAxiDma_BdRingCheck
                0x000127e4                XAxiDma_BdRingDumpRegs
 .text          0x00012908       0x24 ../../wlan_bsp_cpu_high/mb_high/lib\libxil.a(xaxidma_sinit.o)
                0x00012908                XAxiDma_LookupConfig
 .text          0x0001292c      0xc18 ../../wlan_bsp_cpu_high/mb_high/lib\libxil.a(xintc.o)
                0x00012984                XIntc_Initialize
                0x00012b14                XIntc_Start
                0x00012c04                XIntc_Stop
                0x00012c94                XIntc_Connect
                0x00012da4                XIntc_Disconnect
                0x00012ea8                XIntc_Enable
                0x00012f84                XIntc_Disable
                0x00013064                XIntc_Acknowledge
                0x00013138                XIntc_LookupConfig
                0x0001315c                XIntc_ConnectFastHandler
                0x00013360                XIntc_SetNormalIntrMode
 .text          0x00013544        0x0 ../../wlan_bsp_cpu_high/mb_high/lib\libxil.a(xintc_g.o)
 .text          0x00013544       0x7c ../../wlan_bsp_cpu_high/mb_high/lib\libxil.a(xintc_intr.o)
                0x00013544                XIntc_VoidInterruptHandler
                0x00013564                XIntc_InterruptHandler
 .text          0x000135c0      0x1e8 ../../wlan_bsp_cpu_high/mb_high/lib\libxil.a(xintc_l.o)
                0x000135c0                XIntc_DeviceInterruptHandler
                0x000136b8                XIntc_LowLevelInterruptHandler
                0x000136d4                XIntc_SetIntrSvcOption
                0x000136fc                XIntc_RegisterHandler
                0x00013730                XIntc_RegisterFastHandler
 .text          0x000137a8      0x41c ../../wlan_bsp_cpu_high/mb_high/lib\libxil.a(xgpio.o)
                0x000137a8                XGpio_CfgInitialize
                0x0001381c                XGpio_SetDataDirection
                0x000138f8                XGpio_GetDataDirection
                0x000139f0                XGpio_DiscreteRead
                0x00013ae8                XGpio_DiscreteWrite
 .text          0x00013bc4      0x5d8 ../../wlan_bsp_cpu_high/mb_high/lib\libxil.a(xgpio_intr.o)
                0x00013bc4                XGpio_InterruptGlobalEnable
                0x00013c90                XGpio_InterruptGlobalDisable
                0x00013d54                XGpio_InterruptEnable
                0x00013e20                XGpio_InterruptDisable
                0x00013ef0                XGpio_InterruptClear
                0x00013fbc                XGpio_InterruptGetEnabled
                0x000140ac                XGpio_InterruptGetStatus
 .text          0x0001419c       0xe8 ../../wlan_bsp_cpu_high/mb_high/lib\libxil.a(xgpio_sinit.o)
                0x0001419c                XGpio_LookupConfig
                0x000141dc                XGpio_Initialize
 .text          0x00014284      0x7cc ../../wlan_bsp_cpu_high/mb_high/lib\libxil.a(xtmrctr.o)
                0x00014284                XTmrCtr_Initialize
                0x000143bc                XTmrCtr_Start
                0x000144ac                XTmrCtr_Stop
                0x00014588                XTmrCtr_GetValue
                0x0001467c                XTmrCtr_SetResetValue
                0x00014754                XTmrCtr_GetCaptureValue
                0x00014848                XTmrCtr_Reset
                0x00014934                XTmrCtr_IsExpired
                0x00014a2c                XTmrCtr_LookupConfig
 .text          0x00014a50        0x0 ../../wlan_bsp_cpu_high/mb_high/lib\libxil.a(xtmrctr_g.o)
 .text          0x00014a50      0x1c8 ../../wlan_bsp_cpu_high/mb_high/lib\libxil.a(xtmrctr_intr.o)
                0x00014a50                XTmrCtr_SetHandler
                0x00014b08                XTmrCtr_InterruptHandler
 .text          0x00014c18        0x0 ../../wlan_bsp_cpu_high/mb_high/lib\libxil.a(xtmrctr_l.o)
 .text          0x00014c18      0x240 ../../wlan_bsp_cpu_high/mb_high/lib\libxil.a(xtmrctr_options.o)
                0x00014c18                XTmrCtr_SetOptions
                0x00014d38                XTmrCtr_GetOptions
 .text          0x00014e58      0x5e8 ../../wlan_bsp_cpu_high/mb_high/lib\libxil.a(xuartlite.o)
                0x00014e8c                XUartLite_CfgInitialize
                0x00014f28                XUartLite_ResetFifos
                0x00014fc0                XUartLite_IsSending
                0x00015034                XUartLite_SendBuffer
                0x000150dc                XUartLite_Send
                0x00015228                XUartLite_ReceiveBuffer
                0x000152f4                XUartLite_Recv
 .text          0x00015440      0x384 ../../wlan_bsp_cpu_high/mb_high/lib\libxil.a(xuartlite_intr.o)
                0x00015440                XUartLite_SetRecvHandler
                0x000154f8                XUartLite_SetSendHandler
                0x000155b0                XUartLite_InterruptHandler
                0x000156a8                XUartLite_DisableInterrupt
                0x00015734                XUartLite_EnableInterrupt
 .text          0x000157c4       0x38 ../../wlan_bsp_cpu_high/mb_high/lib\libxil.a(xuartlite_l.o)
                0x000157c4                XUartLite_SendByte
                0x000157e0                XUartLite_RecvByte
 .text          0x000157fc       0xb0 ../../wlan_bsp_cpu_high/mb_high/lib\libxil.a(xuartlite_sinit.o)
                0x000157fc                XUartLite_LookupConfig
                0x00015820                XUartLite_Initialize
 .text          0x000158ac      0x188 ../../wlan_bsp_cpu_high/mb_high/lib\libxil.a(xuartlite_stats.o)
                0x000158ac                XUartLite_GetStats
                0x00015994                XUartLite_ClearStats
 .text          0x00015a34      0xd28 ../../wlan_bsp_cpu_high/mb_high/lib\libxil.a(xmbox.o)
                0x00015a34                XMbox_CfgInitialize
                0x00015b64                XMbox_Read
                0x00015d64                XMbox_ReadBlocking
                0x00015ea8                XMbox_Write
                0x000160a4                XMbox_WriteBlocking
                0x000161e8                XMbox_IsEmpty
                0x0001626c                XMbox_IsFull
                0x000162f0                XMbox_Flush
                0x00016384                XMbox_SetInterruptEnable
                0x00016408                XMbox_GetInterruptEnable
                0x000164a0                XMbox_GetInterruptStatus
                0x00016538                XMbox_ClearInterrupt
                0x000165bc                XMbox_SetSendThreshold
                0x00016640                XMbox_SetReceiveThreshold
                0x000166c4                XMbox_GetStatus
 .text          0x0001675c       0x24 ../../wlan_bsp_cpu_high/mb_high/lib\libxil.a(xmbox_sinit.o)
                0x0001675c                XMbox_LookupConfig
 .text          0x00016780      0x6ec ../../wlan_bsp_cpu_high/mb_high/lib\libxil.a(xmutex.o)
                0x00016780                XMutex_CfgInitialize
                0x000168d0                XMutex_Lock
                0x00016978                XMutex_Trylock
                0x00016a44                XMutex_Unlock
                0x00016b10                XMutex_IsLocked
                0x00016bb4                XMutex_GetStatus
                0x00016cac                XMutex_GetUser
                0x00016da8                XMutex_SetUser
 .text          0x00016e6c       0x24 ../../wlan_bsp_cpu_high/mb_high/lib\libxil.a(xmutex_sinit.o)
                0x00016e6c                XMutex_LookupConfig
 .text          0x00016e90       0x50 ../../wlan_bsp_cpu_high/mb_high/lib\libxil.a(xbasic_types.o)
                0x00016e90                XAssert
                0x00016ec8                XAssertSetCallback
                0x00016ed8                XNullHandler
 .text          0x00016ee0       0x14 ../../wlan_bsp_cpu_high/mb_high/lib\libxil.a(microblaze_disable_exceptions.o)
                0x00016ee0                microblaze_disable_exceptions
 .text          0x00016ef4       0x20 ../../wlan_bsp_cpu_high/mb_high/lib\libxil.a(microblaze_disable_interrupts.o)
                0x00016ef4                microblaze_disable_interrupts
 .text          0x00016f14       0x14 ../../wlan_bsp_cpu_high/mb_high/lib\libxil.a(microblaze_enable_exceptions.o)
                0x00016f14                microblaze_enable_exceptions
 .text          0x00016f28       0x20 ../../wlan_bsp_cpu_high/mb_high/lib\libxil.a(microblaze_enable_interrupts.o)
                0x00016f28                microblaze_enable_interrupts
 .text          0x00016f48       0x30 ../../wlan_bsp_cpu_high/mb_high/lib\libxil.a(microblaze_invalidate_dcache_range.o)
                0x00016f48                microblaze_invalidate_dcache_range
 .text          0x00016f78      0x2fc ../../wlan_bsp_cpu_high/mb_high/lib\libxil.a(xaxicdma_bd.o)
                0x00016f78                XAxiCdma_BdClear
                0x00016fa0                XAxiCdma_BdClone
                0x0001706c                XAxiCdma_BdGetNextPtr
                0x00017074                XAxiCdma_BdSetNextPtr
                0x0001707c                XAxiCdma_BdGetSts
                0x00017090                XAxiCdma_BdClearSts
                0x00017098                XAxiCdma_BdSetSrcBufAddr
                0x000170c8                XAxiCdma_BdGetSrcBufAddr
                0x000170d0                XAxiCdma_BdSetDstBufAddr
                0x00017100                XAxiCdma_BdGetDstBufAddr
                0x00017108                XAxiCdma_BdSetLength
                0x00017134                XAxiCdma_BdGetLength
                0x0001713c                XAxiCdma_BdSetPhysAddr
                0x00017144                XAxiCdma_BdSetIsLite
                0x0001714c                XAxiCdma_BdSetHasDRE
                0x00017154                XAxiCdma_BdSetWordLen
                0x0001715c                XAxiCdma_BdSetMaxLen
                0x00017164                XAxiCdma_BdGetPhysAddr
                0x0001716c                XAxiCdma_DumpBd
 .text          0x00017274        0x0 ../../wlan_bsp_cpu_high/mb_high/lib\libxil.a(xaxicdma_g.o)
 .text          0x00017274        0x0 ../../wlan_bsp_cpu_high/mb_high/lib\libxil.a(xaxiethernet_g.o)
 .text          0x00017274        0x0 ../../wlan_bsp_cpu_high/mb_high/lib\libxil.a(xaxidma_g.o)
 .text          0x00017274        0x0 ../../wlan_bsp_cpu_high/mb_high/lib\libxil.a(xgpio_g.o)
 .text          0x00017274        0x0 ../../wlan_bsp_cpu_high/mb_high/lib\libxil.a(xuartlite_g.o)
 .text          0x00017274        0x0 ../../wlan_bsp_cpu_high/mb_high/lib\libxil.a(xmbox_g.o)
 .text          0x00017274        0x0 ../../wlan_bsp_cpu_high/mb_high/lib\libxil.a(xmutex_g.o)
 .text          0x00017274       0x9c c:/xilinx/14.4/ise_ds/edk/gnu/microblaze/nt64/bin/../lib/gcc/microblaze-xilinx-elf/4.6.2/bs/m/le\libgcc.a(divsi3.o)
                0x00017274                __divsi3
 .text          0x00017310       0x9c c:/xilinx/14.4/ise_ds/edk/gnu/microblaze/nt64/bin/../lib/gcc/microblaze-xilinx-elf/4.6.2/bs/m/le\libgcc.a(modsi3.o)
                0x00017310                __modsi3
 .text          0x000173ac       0xa8 c:/xilinx/14.4/ise_ds/edk/gnu/microblaze/nt64/bin/../lib/gcc/microblaze-xilinx-elf/4.6.2/bs/m/le\libgcc.a(udivsi3.o)
                0x000173ac                __udivsi3
 .text          0x00017454       0xbc c:/xilinx/14.4/ise_ds/edk/gnu/microblaze/nt64/bin/../lib/gcc/microblaze-xilinx-elf/4.6.2/bs/m/le\libgcc.a(umodsi3.o)
                0x00017454                __umodsi3
 .text          0x00017510        0x0 ../../wlan_bsp_cpu_high/mb_high/lib\libc.a(lib_a-ctype_.o)
 .text          0x00017510       0x40 ../../wlan_bsp_cpu_high/mb_high/lib\libc.a(lib_a-exit.o)
                0x00017510                exit
 .text          0x00017550        0x0 ../../wlan_bsp_cpu_high/mb_high/lib\libc.a(lib_a-impure.o)
 .text          0x00017550       0x58 ../../wlan_bsp_cpu_high/mb_high/lib\libc.a(lib_a-malloc.o)
                0x00017550                malloc
                0x0001757c                free
 .text          0x000175a8      0x8b0 ../../wlan_bsp_cpu_high/mb_high/lib\libc.a(lib_a-mallocr.o)
                0x000175a8                _malloc_r
 .text          0x00017e58       0xa0 ../../wlan_bsp_cpu_high/mb_high/lib\libc.a(lib_a-memcmp.o)
                0x00017e58                memcmp
 .text          0x00017ef8      0x1bc ../../wlan_bsp_cpu_high/mb_high/lib\libc.a(lib_a-memcpy.o)
                0x00017ef8                memcpy
 .text          0x000180b4      0x20c ../../wlan_bsp_cpu_high/mb_high/lib\libc.a(lib_a-memmove.o)
                0x000180b4                memmove
 .text          0x000182c0      0x1e4 ../../wlan_bsp_cpu_high/mb_high/lib\libc.a(lib_a-memset.o)
                0x000182c0                memset
 .text          0x000184a4       0x10 ../../wlan_bsp_cpu_high/mb_high/lib\libc.a(lib_a-mlock.o)
                0x000184a4                __malloc_lock
                0x000184ac                __malloc_unlock
 .text          0x000184b4      0x154 ../../wlan_bsp_cpu_high/mb_high/lib\libc.a(lib_a-mstats.o)
                0x000184b4                mallinfo
                0x000184e8                malloc_stats
                0x00018510                mallopt
                0x00018540                _mstats_r
                0x000185a0                mstats
 .text          0x00018608      0x1dc ../../wlan_bsp_cpu_high/mb_high/lib\libc.a(lib_a-rand.o)
                0x00018608                srand
                0x000186c8                rand
 .text          0x000187e4       0x30 ../../wlan_bsp_cpu_high/mb_high/lib\libc.a(lib_a-realloc.o)
                0x000187e4                realloc
 .text          0x00018814      0x67c ../../wlan_bsp_cpu_high/mb_high/lib\libc.a(lib_a-reallocr.o)
                0x00018814                _realloc_r
 .text          0x00018e90       0x5c ../../wlan_bsp_cpu_high/mb_high/lib\libc.a(lib_a-sbrkr.o)
                0x00018e90                _sbrk_r
 .text          0x00018eec       0x90 ../../wlan_bsp_cpu_high/mb_high/lib\libc.a(lib_a-strcpy.o)
                0x00018eec                strcpy
 .text          0x00018f7c       0x5c ../../wlan_bsp_cpu_high/mb_high/lib\libc.a(lib_a-strlen.o)
                0x00018f7c                strlen
 .text          0x00018fd8      0x2e4 ../../wlan_bsp_cpu_high/mb_high/lib\libc.a(lib_a-__call_atexit.o)
                0x00018fd8                __call_exitprocs
 .text          0x000192bc      0x48c ../../wlan_bsp_cpu_high/mb_high/lib\libc.a(lib_a-findfp.o)
                0x000192cc                _cleanup_r
                0x000192f4                __sfmoreglue
                0x00019364                _cleanup
                0x00019394                __sinit
                0x00019578                __sfp
                0x000196c8                __sfp_lock_acquire
                0x000196d0                __sfp_lock_release
                0x000196d8                __sinit_lock_acquire
                0x000196e0                __sinit_lock_release
                0x000196e8                __fp_lock_all
                0x00019718                __fp_unlock_all
 .text          0x00019748       0x78 ../../wlan_bsp_cpu_high/mb_high/lib\libc.a(lib_a-fiprintf.o)
                0x00019748                _fiprintf_r
                0x00019778                fiprintf
 .text          0x000197c0      0x430 ../../wlan_bsp_cpu_high/mb_high/lib\libc.a(lib_a-freer.o)
                0x000197c0                _malloc_trim_r
                0x0001990c                _free_r
 .text          0x00019bf0      0x190 ../../wlan_bsp_cpu_high/mb_high/lib\libc.a(lib_a-fwalk.o)
                0x00019bf0                _fwalk
                0x00019cb0                _fwalk_reent
 .text          0x00019d80      0x1c4 ../../wlan_bsp_cpu_high/mb_high/lib\libc.a(lib_a-mallinfor.o)
                0x00019d80                __malloc_update_mallinfo
                0x00019e18                _mallinfo_r
 .text          0x00019f44      0x12c ../../wlan_bsp_cpu_high/mb_high/lib\libc.a(lib_a-malloptr.o)
                0x00019f44                _mallopt_r
 .text          0x0001a070       0xd4 ../../wlan_bsp_cpu_high/mb_high/lib\libc.a(lib_a-mallstatsr.o)
                0x0001a070                _malloc_stats_r
 .text          0x0001a144      0x374 ../../wlan_bsp_cpu_high/mb_high/lib\libc.a(lib_a-reent.o)
                0x0001a144                cleanup_glue
                0x0001a290                _reclaim_reent
                0x0001a430                _wrapup_reent
 .text          0x0001a4b8      0x184 ../../wlan_bsp_cpu_high/mb_high/lib\libc.a(lib_a-stdio.o)
                0x0001a4b8                __sread
                0x0001a514                __seofread
                0x0001a51c                __swrite
                0x0001a5b4                __sseek
                0x0001a618                __sclose
 .text          0x0001a63c     0x1c94 ../../wlan_bsp_cpu_high/mb_high/lib\libc.a(lib_a-vfiprintf.o)
                0x0001a63c                __sprint_r
                0x0001a738                _vfiprintf_r
                0x0001c29c                vfiprintf
 .text          0x0001c2d0       0x64 ../../wlan_bsp_cpu_high/mb_high/lib\libc.a(lib_a-writer.o)
                0x0001c2d0                _write_r
 .text          0x0001c334      0x1e4 ../../wlan_bsp_cpu_high/mb_high/lib\libc.a(lib_a-wsetup.o)
                0x0001c334                __swsetup_r
 .text          0x0001c518       0x5c ../../wlan_bsp_cpu_high/mb_high/lib\libc.a(lib_a-closer.o)
                0x0001c518                _close_r
 .text          0x0001c574      0x1ac ../../wlan_bsp_cpu_high/mb_high/lib\libc.a(lib_a-fclose.o)
                0x0001c574                _fclose_r
                0x0001c6f8                fclose
 .text          0x0001c720      0x448 ../../wlan_bsp_cpu_high/mb_high/lib\libc.a(lib_a-fflush.o)
                0x0001c720                __sflush_r
                0x0001c984                _fflush_r
                0x0001ca38                fflush
 .text          0x0001cb68      0x2b8 ../../wlan_bsp_cpu_high/mb_high/lib\libc.a(lib_a-fputwc.o)
                0x0001cd04                _fputwc_r
                0x0001cd44                fputwc
 .text          0x0001ce20      0x568 ../../wlan_bsp_cpu_high/mb_high/lib\libc.a(lib_a-fvwrite.o)
                0x0001ce20                __sfvwrite_r
 .text          0x0001d388      0x184 ../../wlan_bsp_cpu_high/mb_high/lib\libc.a(lib_a-locale.o)
                0x0001d388                _setlocale_r
                0x0001d41c                __locale_charset
                0x0001d42c                __locale_mb_cur_max
                0x0001d43c                __locale_msgcharset
                0x0001d44c                __locale_cjk_lang
                0x0001d454                _localeconv_r
                0x0001d464                setlocale
                0x0001d4fc                localeconv
 .text          0x0001d50c       0x64 ../../wlan_bsp_cpu_high/mb_high/lib\libc.a(lib_a-lseekr.o)
                0x0001d50c                _lseek_r
 .text          0x0001d570      0x1e4 ../../wlan_bsp_cpu_high/mb_high/lib\libc.a(lib_a-makebuf.o)
                0x0001d570                __smakebuf_r
 .text          0x0001d754       0xf8 ../../wlan_bsp_cpu_high/mb_high/lib\libc.a(lib_a-memchr.o)
                0x0001d754                memchr
 .text          0x0001d84c       0x64 ../../wlan_bsp_cpu_high/mb_high/lib\libc.a(lib_a-readr.o)
                0x0001d84c                _read_r
 .text          0x0001d8b0       0xb0 ../../wlan_bsp_cpu_high/mb_high/lib\libc.a(lib_a-strcmp.o)
                0x0001d8b0                strcmp
 .text          0x0001d960      0x208 ../../wlan_bsp_cpu_high/mb_high/lib\libc.a(lib_a-wbuf.o)
                0x0001d960                __swbuf_r
                0x0001db3c                __swbuf
 .text          0x0001db68      0x198 ../../wlan_bsp_cpu_high/mb_high/lib\libc.a(lib_a-wcrtomb.o)
                0x0001db68                _wcrtomb_r
                0x0001dc20                wcrtomb
 .text          0x0001dd00       0x90 ../../wlan_bsp_cpu_high/mb_high/lib\libc.a(lib_a-wctomb_r.o)
                0x0001dd00                __ascii_wctomb
                0x0001dd34                _wctomb_r
 .text          0x0001dd90       0x60 ../../wlan_bsp_cpu_high/mb_high/lib\libc.a(lib_a-fstatr.o)
                0x0001dd90                _fstat_r
 .text          0x0001ddf0       0x5c ../../wlan_bsp_cpu_high/mb_high/lib\libc.a(lib_a-isattyr.o)
                0x0001ddf0                _isatty_r
 .text          0x0001de4c       0x14 ../../wlan_bsp_cpu_high/mb_high/lib\libxil.a(fstat.o)
                0x0001de4c                fstat
 .text          0x0001de60        0x8 ../../wlan_bsp_cpu_high/mb_high/lib\libxil.a(isatty.o)
                0x0001de60                isatty
 .text          0x0001de68       0x2c ../../wlan_bsp_cpu_high/mb_high/lib\libxil.a(lseek.o)
                0x0001de68                lseek
 .text          0x0001de94       0x64 ../../wlan_bsp_cpu_high/mb_high/lib\libxil.a(sbrk.o)
                0x0001de94                sbrk
 .text          0x0001def8       0x94 ../../wlan_bsp_cpu_high/mb_high/lib\libxil.a(write.o)
                0x0001def8                write
 .text          0x0001df8c       0x8c ../../wlan_bsp_cpu_high/mb_high/lib\libxil.a(read.o)
                0x0001df8c                read
 .text          0x0001e018        0x8 ../../wlan_bsp_cpu_high/mb_high/lib\libxil.a(close.o)
                0x0001e018                close
 .text          0x0001e020       0x10 ../../wlan_bsp_cpu_high/mb_high/lib\libxil.a(errno.o)
                0x0001e020                __errno
 .text          0x0001e030       0x2c ../../wlan_bsp_cpu_high/mb_high/lib\libxil.a(inbyte.o)
                0x0001e030                inbyte
 .text          0x0001e05c       0x70 c:/xilinx/14.4/ise_ds/edk/gnu/microblaze/nt64/bin/../lib/gcc/microblaze-xilinx-elf/4.6.2/bs/m/le\libgcc.a(_muldi3.o)
                0x0001e05c                __muldi3
 .text          0x0001e0cc      0x6d8 c:/xilinx/14.4/ise_ds/edk/gnu/microblaze/nt64/bin/../lib/gcc/microblaze-xilinx-elf/4.6.2/bs/m/le\libgcc.a(_udivdi3.o)
                0x0001e0cc                __udivdi3
 .text          0x0001e7a4      0x69c c:/xilinx/14.4/ise_ds/edk/gnu/microblaze/nt64/bin/../lib/gcc/microblaze-xilinx-elf/4.6.2/bs/m/le\libgcc.a(_umoddi3.o)
                0x0001e7a4                __umoddi3
 .text          0x0001ee40        0x0 c:/xilinx/14.4/ise_ds/edk/gnu/microblaze/nt64/bin/../lib/gcc/microblaze-xilinx-elf/4.6.2/bs/m/le\libgcc.a(_clz.o)
 .text          0x0001ee40       0x4c c:/xilinx/14.4/ise_ds/edk/gnu/microblaze/nt64/bin/../lib/gcc/microblaze-xilinx-elf/4.6.2/bs/m/le/crtend.o
 .text          0x0001ee8c        0x0 c:/xilinx/14.4/ise_ds/edk/gnu/microblaze/nt64/bin/../lib/gcc/microblaze-xilinx-elf/4.6.2/bs/m/le/crtn.o
 *(.text.*)
 *(.gnu.linkonce.t.*)

.init           0x0001ee8c       0x3c
 *(.init)
 .init          0x0001ee8c       0x18 c:/xilinx/14.4/ise_ds/edk/gnu/microblaze/nt64/bin/../lib/gcc/microblaze-xilinx-elf/4.6.2/bs/m/le/crti.o
                0x0001ee8c                __init
 .init          0x0001eea4        0xc c:/xilinx/14.4/ise_ds/edk/gnu/microblaze/nt64/bin/../lib/gcc/microblaze-xilinx-elf/4.6.2/bs/m/le/crtbegin.o
 .init          0x0001eeb0        0xc c:/xilinx/14.4/ise_ds/edk/gnu/microblaze/nt64/bin/../lib/gcc/microblaze-xilinx-elf/4.6.2/bs/m/le/crtend.o
 .init          0x0001eebc        0xc c:/xilinx/14.4/ise_ds/edk/gnu/microblaze/nt64/bin/../lib/gcc/microblaze-xilinx-elf/4.6.2/bs/m/le/crtn.o

.fini           0x0001eec8       0x20
 *(.fini)
 .fini          0x0001eec8        0x8 c:/xilinx/14.4/ise_ds/edk/gnu/microblaze/nt64/bin/../lib/gcc/microblaze-xilinx-elf/4.6.2/bs/m/le/crti.o
                0x0001eec8                __fini
 .fini          0x0001eed0        0xc c:/xilinx/14.4/ise_ds/edk/gnu/microblaze/nt64/bin/../lib/gcc/microblaze-xilinx-elf/4.6.2/bs/m/le/crtbegin.o
 .fini          0x0001eedc        0xc c:/xilinx/14.4/ise_ds/edk/gnu/microblaze/nt64/bin/../lib/gcc/microblaze-xilinx-elf/4.6.2/bs/m/le/crtn.o

.ctors          0x00020000        0x8
                0x00020000                __CTOR_LIST__ = .
                0x00020000                ___CTORS_LIST___ = .
 *crtbegin.o(.ctors)
 .ctors         0x00020000        0x4 c:/xilinx/14.4/ise_ds/edk/gnu/microblaze/nt64/bin/../lib/gcc/microblaze-xilinx-elf/4.6.2/bs/m/le/crtbegin.o
 *(EXCLUDE_FILE(*crtend.o) .ctors)
 *(SORT(.ctors.*))
 *(.ctors)
 .ctors         0x00020004        0x4 c:/xilinx/14.4/ise_ds/edk/gnu/microblaze/nt64/bin/../lib/gcc/microblaze-xilinx-elf/4.6.2/bs/m/le/crtend.o
                0x00020008                __CTOR_END__ = .
                0x00020008                ___CTORS_END___ = .

.dtors          0x00020008        0x8
                0x00020008                __DTOR_LIST__ = .
                0x00020008                ___DTORS_LIST___ = .
 *crtbegin.o(.dtors)
 .dtors         0x00020008        0x4 c:/xilinx/14.4/ise_ds/edk/gnu/microblaze/nt64/bin/../lib/gcc/microblaze-xilinx-elf/4.6.2/bs/m/le/crtbegin.o
 *(EXCLUDE_FILE(*crtend.o) .dtors)
 *(SORT(.dtors.*))
 *(.dtors)
 .dtors         0x0002000c        0x4 c:/xilinx/14.4/ise_ds/edk/gnu/microblaze/nt64/bin/../lib/gcc/microblaze-xilinx-elf/4.6.2/bs/m/le/crtend.o
                0x0002000c                __DTOR_END__
                0x00020010                PROVIDE (__DTOR_END__, .)
                0x00020010                PROVIDE (___DTORS_END___, .)

.rodata         0x00020010     0x3194
                0x00020010                __rodata_start = .
 *(.rodata)
 .rodata        0x00020010      0x386 ./wlan_mac_high_framework/wlan_mac_eth_util.o
 *fill*         0x00020396        0x2 00
 .rodata        0x00020398      0x252 ./wlan_mac_high_framework/wlan_mac_event_log.o
 *fill*         0x000205ea        0x2 00
 .rodata        0x000205ec      0x22a ./wlan_mac_high_framework/wlan_mac_events.o
 *fill*         0x00020816        0x2 00
 .rodata        0x00020818      0x152 ./wlan_mac_high_framework/wlan_mac_fmc_pkt.o
 *fill*         0x0002096a        0x2 00
 .rodata        0x0002096c      0xa44 ./wlan_mac_high_framework/wlan_mac_high.o
 .rodata        0x000213b0       0xe5 ./wlan_mac_high_framework/wlan_mac_ltg.o
 *fill*         0x00021495        0x3 00
 .rodata        0x00021498        0x8 ./wlan_mac_high_framework/wlan_mac_packet_types.o
 .rodata        0x000214a0       0xb5 ./wlan_mac_high_framework/wlan_mac_queue.o
 *fill*         0x00021555        0x3 00
 .rodata        0x00021558       0xa2 ./wlan_mac_high_framework/wlan_mac_schedule.o
 *fill*         0x000215fa        0x2 00
 .rodata        0x000215fc      0x3cb ./src/wlan_mac_ap.o
 *fill*         0x000219c7        0x1 00
 .rodata        0x000219c8      0xbe8 ./src/wlan_mac_ap_uart_menu.o
 .rodata        0x000225b0      0x164 ../../wlan_bsp_cpu_high/mb_high/lib\libxil.a(xil_printf.o)
 .rodata        0x00022714       0xc7 ../../wlan_bsp_cpu_high/mb_high/lib\libxil.a(xaxicdma.o)
 *fill*         0x000227db        0x1 00
 .rodata        0x000227dc        0xf ../../wlan_bsp_cpu_high/mb_high/lib\libxil.a(xaxiethernet.o)
 *fill*         0x000227eb        0x1 00
 .rodata        0x000227ec      0x12f ../../wlan_bsp_cpu_high/mb_high/lib\libxil.a(xaxidma_bd.o)
 *fill*         0x0002291b        0x1 00
 .rodata        0x0002291c       0x6b ../../wlan_bsp_cpu_high/mb_high/lib\libxil.a(xaxidma_bdring.o)
 *fill*         0x00022987        0x1 00
 .rodata        0x00022988        0x8 ../../wlan_bsp_cpu_high/mb_high/lib\libxil.a(xintc.o)
 .rodata        0x00022990        0xd ../../wlan_bsp_cpu_high/mb_high/lib\libxil.a(xintc_intr.o)
 *fill*         0x0002299d        0x3 00
 .rodata        0x000229a0        0x8 ../../wlan_bsp_cpu_high/mb_high/lib\libxil.a(xgpio.o)
 .rodata        0x000229a8        0xd ../../wlan_bsp_cpu_high/mb_high/lib\libxil.a(xgpio_intr.o)
 *fill*         0x000229b5        0x3 00
 .rodata        0x000229b8        0xe ../../wlan_bsp_cpu_high/mb_high/lib\libxil.a(xgpio_sinit.o)
 *fill*         0x000229c6        0x2 00
 .rodata        0x000229c8        0xa ../../wlan_bsp_cpu_high/mb_high/lib\libxil.a(xtmrctr.o)
 *fill*         0x000229d2        0x2 00
 .rodata        0x000229d4        0xf ../../wlan_bsp_cpu_high/mb_high/lib\libxil.a(xtmrctr_intr.o)
 *fill*         0x000229e3        0x1 00
 .rodata        0x000229e4       0x4c ../../wlan_bsp_cpu_high/mb_high/lib\libxil.a(xtmrctr_options.o)
 .rodata        0x00022a30        0xc ../../wlan_bsp_cpu_high/mb_high/lib\libxil.a(xuartlite.o)
 .rodata        0x00022a3c       0x11 ../../wlan_bsp_cpu_high/mb_high/lib\libxil.a(xuartlite_intr.o)
 *fill*         0x00022a4d        0x3 00
 .rodata        0x00022a50       0x12 ../../wlan_bsp_cpu_high/mb_high/lib\libxil.a(xuartlite_sinit.o)
 *fill*         0x00022a62        0x2 00
 .rodata        0x00022a64       0x12 ../../wlan_bsp_cpu_high/mb_high/lib\libxil.a(xuartlite_stats.o)
 *fill*         0x00022a76        0x2 00
 .rodata        0x00022a78        0x8 ../../wlan_bsp_cpu_high/mb_high/lib\libxil.a(xmbox.o)
 .rodata        0x00022a80        0x9 ../../wlan_bsp_cpu_high/mb_high/lib\libxil.a(xmutex.o)
 *fill*         0x00022a89        0x3 00
 .rodata        0x00022a8c       0xeb ../../wlan_bsp_cpu_high/mb_high/lib\libxil.a(xaxicdma_bd.o)
 *fill*         0x00022b77        0x1 00
 .rodata        0x00022b78      0x284 ../../wlan_bsp_cpu_high/mb_high/lib\libc.a(lib_a-ctype_.o)
                0x00022b78                _ctype_
 .rodata        0x00022dfc        0x6 ../../wlan_bsp_cpu_high/mb_high/lib\libc.a(lib_a-impure.o)
                0x00022dfc                _global_impure_ptr
 *fill*         0x00022e02        0x2 00
 .rodata        0x00022e04       0x21 ../../wlan_bsp_cpu_high/mb_high/lib\libc.a(lib_a-mstats.o)
 *fill*         0x00022e25        0x3 00
 .rodata        0x00022e28       0x60 ../../wlan_bsp_cpu_high/mb_high/lib\libc.a(lib_a-findfp.o)
                0x00022e28                __sf_fake_stderr
                0x00022e48                __sf_fake_stdout
                0x00022e68                __sf_fake_stdin
 .rodata        0x00022e88       0x51 ../../wlan_bsp_cpu_high/mb_high/lib\libc.a(lib_a-mallstatsr.o)
 *fill*         0x00022ed9        0x3 00
 .rodata        0x00022edc      0x1b4 ../../wlan_bsp_cpu_high/mb_high/lib\libc.a(lib_a-vfiprintf.o)
 .rodata        0x00023090       0x12 ../../wlan_bsp_cpu_high/mb_high/lib\libc.a(lib_a-locale.o)
 *fill*         0x000230a2        0x2 00
 .rodata        0x000230a4      0x100 c:/xilinx/14.4/ise_ds/edk/gnu/microblaze/nt64/bin/../lib/gcc/microblaze-xilinx-elf/4.6.2/bs/m/le\libgcc.a(_clz.o)
                0x000230a4                __clz_tab
 *(.rodata.*)
 *(.gnu.linkonce.r.*)
                0x000231a4                __rodata_end = .

.rela.dyn       0x000231a4        0x0
 .rela.text     0x00000000        0x0 c:/xilinx/14.4/ise_ds/edk/gnu/microblaze/nt64/bin/../lib/gcc/microblaze-xilinx-elf/4.6.2/../../../../microblaze-xilinx-elf/lib/bs/m/le/crt0.o
 .rela.vectors.sw_exception
                0x00000000        0x0 c:/xilinx/14.4/ise_ds/edk/gnu/microblaze/nt64/bin/../lib/gcc/microblaze-xilinx-elf/4.6.2/../../../../microblaze-xilinx-elf/lib/bs/m/le/crt0.o
 .rela.vectors.interrupt
                0x00000000        0x0 c:/xilinx/14.4/ise_ds/edk/gnu/microblaze/nt64/bin/../lib/gcc/microblaze-xilinx-elf/4.6.2/../../../../microblaze-xilinx-elf/lib/bs/m/le/crt0.o
 .rela.vectors.hw_exception
                0x00000000        0x0 c:/xilinx/14.4/ise_ds/edk/gnu/microblaze/nt64/bin/../lib/gcc/microblaze-xilinx-elf/4.6.2/../../../../microblaze-xilinx-elf/lib/bs/m/le/crt0.o
 .rela.data     0x00000000        0x0 c:/xilinx/14.4/ise_ds/edk/gnu/microblaze/nt64/bin/../lib/gcc/microblaze-xilinx-elf/4.6.2/../../../../microblaze-xilinx-elf/lib/bs/m/le/crt0.o

.sdata2         0x000231a4        0x4
                0x000231a8                . = ALIGN (0x8)
 *fill*         0x000231a4        0x4 00
                0x000231a8                __sdata2_start = .
 *(.sdata2)
 *(.sdata2.*)
 *(.gnu.linkonce.s2.*)
                0x000231a8                . = ALIGN (0x8)
                0x000231a8                __sdata2_end = .

.sbss2          0x000231a8        0x0
                0x000231a8                __sbss2_start = .
 *(.sbss2)
 *(.sbss2.*)
 *(.gnu.linkonce.sb2.*)
                0x000231a8                __sbss2_end = .

.data           0x000231a8      0x768
                0x000231a8                . = ALIGN (0x4)
                0x000231a8                __data_start = .
 *(.data)
 .data          0x000231a8        0x0 c:/xilinx/14.4/ise_ds/edk/gnu/microblaze/nt64/bin/../lib/gcc/microblaze-xilinx-elf/4.6.2/../../../../microblaze-xilinx-elf/lib/bs/m/le/crt0.o
 .data          0x000231a8        0x0 c:/xilinx/14.4/ise_ds/edk/gnu/microblaze/nt64/bin/../lib/gcc/microblaze-xilinx-elf/4.6.2/bs/m/le/crti.o
 .data          0x000231a8        0x8 c:/xilinx/14.4/ise_ds/edk/gnu/microblaze/nt64/bin/../lib/gcc/microblaze-xilinx-elf/4.6.2/bs/m/le/crtbegin.o
                0x000231ac                __dso_handle
 .data          0x000231b0        0x0 c:/xilinx/14.4/ise_ds/edk/gnu/microblaze/nt64/bin/../lib/gcc/microblaze-xilinx-elf/4.6.2/../../../../microblaze-xilinx-elf/lib/bs/m/le/crtinit.o
 .data          0x000231b0        0x0 ./wlan_mac_high_framework/wlan_exp_common.o
 .data          0x000231b0        0x0 ./wlan_mac_high_framework/wlan_exp_node.o
 .data          0x000231b0        0x0 ./wlan_mac_high_framework/wlan_exp_transport.o
 .data          0x000231b0        0x0 ./wlan_mac_high_framework/wlan_mac_dl_list.o
 .data          0x000231b0        0x0 ./wlan_mac_high_framework/wlan_mac_eth_util.o
 .data          0x000231b0        0x0 ./wlan_mac_high_framework/wlan_mac_event_log.o
 .data          0x000231b0        0x0 ./wlan_mac_high_framework/wlan_mac_events.o
 .data          0x000231b0        0x0 ./wlan_mac_high_framework/wlan_mac_fmc_pkt.o
 .data          0x000231b0        0x0 ./wlan_mac_high_framework/wlan_mac_high.o
 .data          0x000231b0        0x0 ./wlan_mac_high_framework/wlan_mac_ltg.o
 .data          0x000231b0        0x0 ./wlan_mac_high_framework/wlan_mac_packet_types.o
 .data          0x000231b0        0x0 ./wlan_mac_high_framework/wlan_mac_queue.o
 .data          0x000231b0        0x0 ./wlan_mac_high_framework/wlan_mac_schedule.o
 .data          0x000231b0        0x0 ./wlan_mac_common/wlan_mac_ipc_util.o
 .data          0x000231b0        0x0 ./src/wlan_exp_node_ap.o
 .data          0x000231b0       0x28 ./src/wlan_mac_ap.o
                0x000231b8                print_enable
                0x000231cc                ip_dest
                0x000231d0                ip_src
 .data          0x000231d8        0x4 ./src/wlan_mac_ap_uart_menu.o
                0x000231d8                num_slots
 .data          0x000231dc        0x0 ../../wlan_bsp_cpu_high/mb_high/lib\libxil.a(xil_printf.o)
 .data          0x000231dc        0x0 ../../wlan_bsp_cpu_high/mb_high/lib\libxil.a(_exception_handler.o)
 .data          0x000231dc        0x0 ../../wlan_bsp_cpu_high/mb_high/lib\libxil.a(_program_clean.o)
 .data          0x000231dc        0x0 ../../wlan_bsp_cpu_high/mb_high/lib\libxil.a(_program_init.o)
 .data          0x000231dc       0x48 ../../wlan_bsp_cpu_high/mb_high/lib\libxil.a(hw_exception_handler.o)
                0x000231e4                MB_ExceptionVectorTable
 .data          0x00023224        0x0 ../../wlan_bsp_cpu_high/mb_high/lib\libxil.a(microblaze_interrupt_handler.o)
 .data          0x00023224        0x8 ../../wlan_bsp_cpu_high/mb_high/lib\libxil.a(microblaze_interrupts_g.o)
                0x00023224                MB_InterruptVectorTable
 .data          0x0002322c        0x0 ../../wlan_bsp_cpu_high/mb_high/lib\libxil.a(outbyte.o)
 .data          0x0002322c        0x4 ../../wlan_bsp_cpu_high/mb_high/lib\libxil.a(xil_assert.o)
                0x0002322c                Xil_AssertWait
 .data          0x00023230        0x0 ../../wlan_bsp_cpu_high/mb_high/lib\libxil.a(xil_exception.o)
 .data          0x00023230        0x0 ../../wlan_bsp_cpu_high/mb_high/lib\libxil.a(xil_io.o)
 .data          0x00023230        0x0 ../../wlan_bsp_cpu_high/mb_high/lib\libxil.a(xaxicdma.o)
 .data          0x00023230        0x0 ../../wlan_bsp_cpu_high/mb_high/lib\libxil.a(xaxicdma_bdring.o)
 .data          0x00023230        0x0 ../../wlan_bsp_cpu_high/mb_high/lib\libxil.a(xaxicdma_intr.o)
 .data          0x00023230        0x0 ../../wlan_bsp_cpu_high/mb_high/lib\libxil.a(xaxicdma_sinit.o)
 .data          0x00023230        0x0 ../../wlan_bsp_cpu_high/mb_high/lib\libxil.a(xaxiethernet.o)
 .data          0x00023230        0x0 ../../wlan_bsp_cpu_high/mb_high/lib\libxil.a(xaxiethernet_sinit.o)
 .data          0x00023230        0x0 ../../wlan_bsp_cpu_high/mb_high/lib\libxil.a(xaxidma.o)
 .data          0x00023230        0x0 ../../wlan_bsp_cpu_high/mb_high/lib\libxil.a(xaxidma_bd.o)
 .data          0x00023230        0x0 ../../wlan_bsp_cpu_high/mb_high/lib\libxil.a(xaxidma_bdring.o)
 .data          0x00023230        0x0 ../../wlan_bsp_cpu_high/mb_high/lib\libxil.a(xaxidma_sinit.o)
 .data          0x00023230        0x0 ../../wlan_bsp_cpu_high/mb_high/lib\libxil.a(xintc.o)
 .data          0x00023230       0x68 ../../wlan_bsp_cpu_high/mb_high/lib\libxil.a(xintc_g.o)
                0x00023230                XIntc_ConfigTable
 .data          0x00023298        0x0 ../../wlan_bsp_cpu_high/mb_high/lib\libxil.a(xintc_intr.o)
 .data          0x00023298        0x0 ../../wlan_bsp_cpu_high/mb_high/lib\libxil.a(xintc_l.o)
 .data          0x00023298        0x0 ../../wlan_bsp_cpu_high/mb_high/lib\libxil.a(xgpio.o)
 .data          0x00023298        0x0 ../../wlan_bsp_cpu_high/mb_high/lib\libxil.a(xgpio_intr.o)
 .data          0x00023298        0x0 ../../wlan_bsp_cpu_high/mb_high/lib\libxil.a(xgpio_sinit.o)
 .data          0x00023298        0x0 ../../wlan_bsp_cpu_high/mb_high/lib\libxil.a(xtmrctr.o)
 .data          0x00023298        0x8 ../../wlan_bsp_cpu_high/mb_high/lib\libxil.a(xtmrctr_g.o)
                0x00023298                XTmrCtr_ConfigTable
 .data          0x000232a0        0x0 ../../wlan_bsp_cpu_high/mb_high/lib\libxil.a(xtmrctr_intr.o)
 .data          0x000232a0        0x2 ../../wlan_bsp_cpu_high/mb_high/lib\libxil.a(xtmrctr_l.o)
                0x000232a0                XTmrCtr_Offsets
 .data          0x000232a2        0x0 ../../wlan_bsp_cpu_high/mb_high/lib\libxil.a(xtmrctr_options.o)
 .data          0x000232a2        0x0 ../../wlan_bsp_cpu_high/mb_high/lib\libxil.a(xuartlite.o)
 .data          0x000232a2        0x0 ../../wlan_bsp_cpu_high/mb_high/lib\libxil.a(xuartlite_intr.o)
 .data          0x000232a2        0x0 ../../wlan_bsp_cpu_high/mb_high/lib\libxil.a(xuartlite_l.o)
 .data          0x000232a2        0x0 ../../wlan_bsp_cpu_high/mb_high/lib\libxil.a(xuartlite_sinit.o)
 .data          0x000232a2        0x0 ../../wlan_bsp_cpu_high/mb_high/lib\libxil.a(xuartlite_stats.o)
 .data          0x000232a2        0x0 ../../wlan_bsp_cpu_high/mb_high/lib\libxil.a(xmbox.o)
 .data          0x000232a2        0x0 ../../wlan_bsp_cpu_high/mb_high/lib\libxil.a(xmbox_sinit.o)
 .data          0x000232a2        0x0 ../../wlan_bsp_cpu_high/mb_high/lib\libxil.a(xmutex.o)
 .data          0x000232a2        0x0 ../../wlan_bsp_cpu_high/mb_high/lib\libxil.a(xmutex_sinit.o)
 *fill*         0x000232a2        0x2 00
 .data          0x000232a4        0x4 ../../wlan_bsp_cpu_high/mb_high/lib\libxil.a(xbasic_types.o)
                0x000232a4                XWaitInAssert
 .data          0x000232a8        0x0 ../../wlan_bsp_cpu_high/mb_high/lib\libxil.a(microblaze_disable_exceptions.o)
 .data          0x000232a8        0x0 ../../wlan_bsp_cpu_high/mb_high/lib\libxil.a(microblaze_disable_interrupts.o)
 .data          0x000232a8        0x0 ../../wlan_bsp_cpu_high/mb_high/lib\libxil.a(microblaze_enable_exceptions.o)
 .data          0x000232a8        0x0 ../../wlan_bsp_cpu_high/mb_high/lib\libxil.a(microblaze_enable_interrupts.o)
 .data          0x000232a8        0x0 ../../wlan_bsp_cpu_high/mb_high/lib\libxil.a(microblaze_invalidate_dcache_range.o)
 .data          0x000232a8        0x0 ../../wlan_bsp_cpu_high/mb_high/lib\libxil.a(xaxicdma_bd.o)
 .data          0x000232a8       0x18 ../../wlan_bsp_cpu_high/mb_high/lib\libxil.a(xaxicdma_g.o)
                0x000232a8                XAxiCdma_ConfigTable
 .data          0x000232c0       0x48 ../../wlan_bsp_cpu_high/mb_high/lib\libxil.a(xaxiethernet_g.o)
                0x000232c0                XAxiEthernet_ConfigTable
 .data          0x00023308       0x30 ../../wlan_bsp_cpu_high/mb_high/lib\libxil.a(xaxidma_g.o)
                0x00023308                XAxiDma_ConfigTable
 .data          0x00023338       0x20 ../../wlan_bsp_cpu_high/mb_high/lib\libxil.a(xgpio_g.o)
                0x00023338                XGpio_ConfigTable
 .data          0x00023358       0x10 ../../wlan_bsp_cpu_high/mb_high/lib\libxil.a(xuartlite_g.o)
                0x00023358                XUartLite_ConfigTable
 .data          0x00023368        0xc ../../wlan_bsp_cpu_high/mb_high/lib\libxil.a(xmbox_g.o)
                0x00023368                XMbox_ConfigTable
 .data          0x00023374       0x10 ../../wlan_bsp_cpu_high/mb_high/lib\libxil.a(xmutex_g.o)
                0x00023374                XMutex_ConfigTable
 .data          0x00023384        0x0 c:/xilinx/14.4/ise_ds/edk/gnu/microblaze/nt64/bin/../lib/gcc/microblaze-xilinx-elf/4.6.2/bs/m/le\libgcc.a(divsi3.o)
 .data          0x00023384        0x0 c:/xilinx/14.4/ise_ds/edk/gnu/microblaze/nt64/bin/../lib/gcc/microblaze-xilinx-elf/4.6.2/bs/m/le\libgcc.a(modsi3.o)
 .data          0x00023384        0x0 c:/xilinx/14.4/ise_ds/edk/gnu/microblaze/nt64/bin/../lib/gcc/microblaze-xilinx-elf/4.6.2/bs/m/le\libgcc.a(udivsi3.o)
 .data          0x00023384        0x0 c:/xilinx/14.4/ise_ds/edk/gnu/microblaze/nt64/bin/../lib/gcc/microblaze-xilinx-elf/4.6.2/bs/m/le\libgcc.a(umodsi3.o)
 .data          0x00023384        0x4 ../../wlan_bsp_cpu_high/mb_high/lib\libc.a(lib_a-ctype_.o)
                0x00023384                __ctype_ptr__
 .data          0x00023388        0x0 ../../wlan_bsp_cpu_high/mb_high/lib\libc.a(lib_a-exit.o)
 .data          0x00023388       0xf4 ../../wlan_bsp_cpu_high/mb_high/lib\libc.a(lib_a-impure.o)
                0x00023388                _impure_ptr
 .data          0x0002347c        0x0 ../../wlan_bsp_cpu_high/mb_high/lib\libc.a(lib_a-malloc.o)
 .data          0x0002347c      0x410 ../../wlan_bsp_cpu_high/mb_high/lib\libc.a(lib_a-mallocr.o)
                0x0002347c                __malloc_sbrk_base
                0x00023480                __malloc_trim_threshold
                0x00023484                __malloc_av_
 .data          0x0002388c        0x0 ../../wlan_bsp_cpu_high/mb_high/lib\libc.a(lib_a-memcmp.o)
 .data          0x0002388c        0x0 ../../wlan_bsp_cpu_high/mb_high/lib\libc.a(lib_a-memcpy.o)
 .data          0x0002388c        0x0 ../../wlan_bsp_cpu_high/mb_high/lib\libc.a(lib_a-memmove.o)
 .data          0x0002388c        0x0 ../../wlan_bsp_cpu_high/mb_high/lib\libc.a(lib_a-memset.o)
 .data          0x0002388c        0x0 ../../wlan_bsp_cpu_high/mb_high/lib\libc.a(lib_a-mlock.o)
 .data          0x0002388c        0x0 ../../wlan_bsp_cpu_high/mb_high/lib\libc.a(lib_a-mstats.o)
 .data          0x0002388c        0x0 ../../wlan_bsp_cpu_high/mb_high/lib\libc.a(lib_a-rand.o)
 .data          0x0002388c        0x0 ../../wlan_bsp_cpu_high/mb_high/lib\libc.a(lib_a-realloc.o)
 .data          0x0002388c        0x0 ../../wlan_bsp_cpu_high/mb_high/lib\libc.a(lib_a-reallocr.o)
 .data          0x0002388c        0x0 ../../wlan_bsp_cpu_high/mb_high/lib\libc.a(lib_a-sbrkr.o)
 .data          0x0002388c        0x0 ../../wlan_bsp_cpu_high/mb_high/lib\libc.a(lib_a-strcpy.o)
 .data          0x0002388c        0x0 ../../wlan_bsp_cpu_high/mb_high/lib\libc.a(lib_a-strlen.o)
 .data          0x0002388c        0x0 ../../wlan_bsp_cpu_high/mb_high/lib\libc.a(lib_a-__call_atexit.o)
 .data          0x0002388c        0x0 ../../wlan_bsp_cpu_high/mb_high/lib\libc.a(lib_a-findfp.o)
 .data          0x0002388c        0x0 ../../wlan_bsp_cpu_high/mb_high/lib\libc.a(lib_a-fiprintf.o)
 .data          0x0002388c        0x0 ../../wlan_bsp_cpu_high/mb_high/lib\libc.a(lib_a-freer.o)
 .data          0x0002388c        0x0 ../../wlan_bsp_cpu_high/mb_high/lib\libc.a(lib_a-fwalk.o)
 .data          0x0002388c        0x0 ../../wlan_bsp_cpu_high/mb_high/lib\libc.a(lib_a-mallinfor.o)
 .data          0x0002388c        0x0 ../../wlan_bsp_cpu_high/mb_high/lib\libc.a(lib_a-malloptr.o)
 .data          0x0002388c        0x0 ../../wlan_bsp_cpu_high/mb_high/lib\libc.a(lib_a-mallstatsr.o)
 .data          0x0002388c        0x0 ../../wlan_bsp_cpu_high/mb_high/lib\libc.a(lib_a-reent.o)
 .data          0x0002388c        0x0 ../../wlan_bsp_cpu_high/mb_high/lib\libc.a(lib_a-stdio.o)
 .data          0x0002388c        0x0 ../../wlan_bsp_cpu_high/mb_high/lib\libc.a(lib_a-vfiprintf.o)
 .data          0x0002388c        0x0 ../../wlan_bsp_cpu_high/mb_high/lib\libc.a(lib_a-writer.o)
 .data          0x0002388c        0x0 ../../wlan_bsp_cpu_high/mb_high/lib\libc.a(lib_a-wsetup.o)
 .data          0x0002388c        0x0 ../../wlan_bsp_cpu_high/mb_high/lib\libc.a(lib_a-closer.o)
 .data          0x0002388c        0x0 ../../wlan_bsp_cpu_high/mb_high/lib\libc.a(lib_a-fclose.o)
 .data          0x0002388c        0x0 ../../wlan_bsp_cpu_high/mb_high/lib\libc.a(lib_a-fflush.o)
 .data          0x0002388c        0x0 ../../wlan_bsp_cpu_high/mb_high/lib\libc.a(lib_a-fputwc.o)
 .data          0x0002388c        0x0 ../../wlan_bsp_cpu_high/mb_high/lib\libc.a(lib_a-fvwrite.o)
 .data          0x0002388c       0x7c ../../wlan_bsp_cpu_high/mb_high/lib\libc.a(lib_a-locale.o)
                0x0002388c                __mb_cur_max
 .data          0x00023908        0x0 ../../wlan_bsp_cpu_high/mb_high/lib\libc.a(lib_a-lseekr.o)
 .data          0x00023908        0x0 ../../wlan_bsp_cpu_high/mb_high/lib\libc.a(lib_a-makebuf.o)
 .data          0x00023908        0x0 ../../wlan_bsp_cpu_high/mb_high/lib\libc.a(lib_a-memchr.o)
 .data          0x00023908        0x0 ../../wlan_bsp_cpu_high/mb_high/lib\libc.a(lib_a-readr.o)
 .data          0x00023908        0x0 ../../wlan_bsp_cpu_high/mb_high/lib\libc.a(lib_a-strcmp.o)
 .data          0x00023908        0x0 ../../wlan_bsp_cpu_high/mb_high/lib\libc.a(lib_a-wbuf.o)
 .data          0x00023908        0x0 ../../wlan_bsp_cpu_high/mb_high/lib\libc.a(lib_a-wcrtomb.o)
 .data          0x00023908        0x4 ../../wlan_bsp_cpu_high/mb_high/lib\libc.a(lib_a-wctomb_r.o)
                0x00023908                __wctomb
 .data          0x0002390c        0x0 ../../wlan_bsp_cpu_high/mb_high/lib\libc.a(lib_a-fstatr.o)
 .data          0x0002390c        0x0 ../../wlan_bsp_cpu_high/mb_high/lib\libc.a(lib_a-isattyr.o)
 .data          0x0002390c        0x0 ../../wlan_bsp_cpu_high/mb_high/lib\libxil.a(fstat.o)
 .data          0x0002390c        0x0 ../../wlan_bsp_cpu_high/mb_high/lib\libxil.a(isatty.o)
 .data          0x0002390c        0x0 ../../wlan_bsp_cpu_high/mb_high/lib\libxil.a(lseek.o)
 .data          0x0002390c        0x0 ../../wlan_bsp_cpu_high/mb_high/lib\libxil.a(sbrk.o)
 .data          0x0002390c        0x0 ../../wlan_bsp_cpu_high/mb_high/lib\libxil.a(write.o)
 .data          0x0002390c        0x0 ../../wlan_bsp_cpu_high/mb_high/lib\libxil.a(read.o)
 .data          0x0002390c        0x0 ../../wlan_bsp_cpu_high/mb_high/lib\libxil.a(close.o)
 .data          0x0002390c        0x0 ../../wlan_bsp_cpu_high/mb_high/lib\libxil.a(errno.o)
 .data          0x0002390c        0x0 ../../wlan_bsp_cpu_high/mb_high/lib\libxil.a(inbyte.o)
 .data          0x0002390c        0x0 c:/xilinx/14.4/ise_ds/edk/gnu/microblaze/nt64/bin/../lib/gcc/microblaze-xilinx-elf/4.6.2/bs/m/le\libgcc.a(_muldi3.o)
 .data          0x0002390c        0x0 c:/xilinx/14.4/ise_ds/edk/gnu/microblaze/nt64/bin/../lib/gcc/microblaze-xilinx-elf/4.6.2/bs/m/le\libgcc.a(_udivdi3.o)
 .data          0x0002390c        0x0 c:/xilinx/14.4/ise_ds/edk/gnu/microblaze/nt64/bin/../lib/gcc/microblaze-xilinx-elf/4.6.2/bs/m/le\libgcc.a(_umoddi3.o)
 .data          0x0002390c        0x0 c:/xilinx/14.4/ise_ds/edk/gnu/microblaze/nt64/bin/../lib/gcc/microblaze-xilinx-elf/4.6.2/bs/m/le\libgcc.a(_clz.o)
 .data          0x0002390c        0x4 c:/xilinx/14.4/ise_ds/edk/gnu/microblaze/nt64/bin/../lib/gcc/microblaze-xilinx-elf/4.6.2/bs/m/le/crtend.o
 .data          0x00023910        0x0 c:/xilinx/14.4/ise_ds/edk/gnu/microblaze/nt64/bin/../lib/gcc/microblaze-xilinx-elf/4.6.2/bs/m/le/crtn.o
 *(.data.*)
 *(.gnu.linkonce.d.*)
                0x00023910                __data_end = .

.got
 *(.got)

.got1
 *(.got1)

.got2
 *(.got2)

.eh_frame       0x00023910       0x7c
 *(.eh_frame)
 .eh_frame      0x00023910        0x0 c:/xilinx/14.4/ise_ds/edk/gnu/microblaze/nt64/bin/../lib/gcc/microblaze-xilinx-elf/4.6.2/bs/m/le/crtbegin.o
 .eh_frame      0x00023910       0x3c c:/xilinx/14.4/ise_ds/edk/gnu/microblaze/nt64/bin/../lib/gcc/microblaze-xilinx-elf/4.6.2/bs/m/le\libgcc.a(_udivdi3.o)
 .eh_frame      0x0002394c       0x3c c:/xilinx/14.4/ise_ds/edk/gnu/microblaze/nt64/bin/../lib/gcc/microblaze-xilinx-elf/4.6.2/bs/m/le\libgcc.a(_umoddi3.o)
 .eh_frame      0x00023988        0x4 c:/xilinx/14.4/ise_ds/edk/gnu/microblaze/nt64/bin/../lib/gcc/microblaze-xilinx-elf/4.6.2/bs/m/le/crtend.o

.jcr            0x0002398c        0x4
 *(.jcr)
 .jcr           0x0002398c        0x0 c:/xilinx/14.4/ise_ds/edk/gnu/microblaze/nt64/bin/../lib/gcc/microblaze-xilinx-elf/4.6.2/bs/m/le/crtbegin.o
 .jcr           0x0002398c        0x4 c:/xilinx/14.4/ise_ds/edk/gnu/microblaze/nt64/bin/../lib/gcc/microblaze-xilinx-elf/4.6.2/bs/m/le/crtend.o

.gcc_except_table
 *(.gcc_except_table)

.sdata          0x00023990        0x0
                0x00023990                . = ALIGN (0x8)
                0x00023990                __sdata_start = .
 *(.sdata)
 *(.sdata.*)
 *(.gnu.linkonce.s.*)
                0x00023990                __sdata_end = .

.sbss           0x00023990        0x0
                0x00023990                . = ALIGN (0x4)
                0x00023990                __sbss_start = .
 *(.sbss)
 *(.sbss.*)
 *(.gnu.linkonce.sb.*)
                0x00023990                . = ALIGN (0x8)
                0x00023990                __sbss_end = .

.tdata          0x00023990        0x0
                0x00023990                __tdata_start = .
 *(.tdata)
 *(.tdata.*)
 *(.gnu.linkonce.td.*)
                0x00023990                __tdata_end = .

.tbss           0x00023990        0x0
                0x00023990                __tbss_start = .
 *(.tbss)
 *(.tbss.*)
 *(.gnu.linkonce.tb.*)
                0x00023990                __tbss_end = .

.bss            0x00023990      0xb90
                0x00023990                . = ALIGN (0x4)
                0x00023990                __bss_start = .
 *(.bss)
 .bss           0x00023990        0x0 c:/xilinx/14.4/ise_ds/edk/gnu/microblaze/nt64/bin/../lib/gcc/microblaze-xilinx-elf/4.6.2/../../../../microblaze-xilinx-elf/lib/bs/m/le/crt0.o
 .bss           0x00023990        0x0 c:/xilinx/14.4/ise_ds/edk/gnu/microblaze/nt64/bin/../lib/gcc/microblaze-xilinx-elf/4.6.2/bs/m/le/crti.o
 .bss           0x00023990       0x20 c:/xilinx/14.4/ise_ds/edk/gnu/microblaze/nt64/bin/../lib/gcc/microblaze-xilinx-elf/4.6.2/bs/m/le/crtbegin.o
 .bss           0x000239b0        0x0 c:/xilinx/14.4/ise_ds/edk/gnu/microblaze/nt64/bin/../lib/gcc/microblaze-xilinx-elf/4.6.2/../../../../microblaze-xilinx-elf/lib/bs/m/le/crtinit.o
 .bss           0x000239b0        0x0 ./wlan_mac_high_framework/wlan_exp_common.o
 .bss           0x000239b0        0x0 ./wlan_mac_high_framework/wlan_exp_node.o
 .bss           0x000239b0        0x0 ./wlan_mac_high_framework/wlan_exp_transport.o
 .bss           0x000239b0        0x0 ./wlan_mac_high_framework/wlan_mac_dl_list.o
 .bss           0x000239b0      0x684 ./wlan_mac_high_framework/wlan_mac_eth_util.o
 .bss           0x00024034       0x21 ./wlan_mac_high_framework/wlan_mac_event_log.o
 .bss           0x00024055        0x0 ./wlan_mac_high_framework/wlan_mac_events.o
 *fill*         0x00024055        0x3 00
 .bss           0x00024058        0x4 ./wlan_mac_high_framework/wlan_mac_fmc_pkt.o
 .bss           0x0002405c       0x34 ./wlan_mac_high_framework/wlan_mac_high.o
 .bss           0x00024090       0x15 ./wlan_mac_high_framework/wlan_mac_ltg.o
 .bss           0x000240a5        0x0 ./wlan_mac_high_framework/wlan_mac_packet_types.o
 *fill*         0x000240a5        0x3 00
 .bss           0x000240a8       0x13 ./wlan_mac_high_framework/wlan_mac_queue.o
 *fill*         0x000240bb        0x1 00
 .bss           0x000240bc       0x34 ./wlan_mac_high_framework/wlan_mac_schedule.o
 .bss           0x000240f0        0x4 ./wlan_mac_common/wlan_mac_ipc_util.o
 .bss           0x000240f4        0x0 ./src/wlan_exp_node_ap.o
 .bss           0x000240f4       0x2c ./src/wlan_mac_ap.o
 .bss           0x00024120       0x30 ./src/wlan_mac_ap_uart_menu.o
 .bss           0x00024150        0x0 ../../wlan_bsp_cpu_high/mb_high/lib\libxil.a(xil_printf.o)
 .bss           0x00024150        0x0 ../../wlan_bsp_cpu_high/mb_high/lib\libxil.a(_exception_handler.o)
 .bss           0x00024150        0x0 ../../wlan_bsp_cpu_high/mb_high/lib\libxil.a(_program_clean.o)
 .bss           0x00024150        0x0 ../../wlan_bsp_cpu_high/mb_high/lib\libxil.a(_program_init.o)
 .bss           0x00024150        0x0 ../../wlan_bsp_cpu_high/mb_high/lib\libxil.a(hw_exception_handler.o)
 .bss           0x00024150        0x0 ../../wlan_bsp_cpu_high/mb_high/lib\libxil.a(microblaze_interrupt_handler.o)
 .bss           0x00024150        0x0 ../../wlan_bsp_cpu_high/mb_high/lib\libxil.a(microblaze_interrupts_g.o)
 .bss           0x00024150        0x0 ../../wlan_bsp_cpu_high/mb_high/lib\libxil.a(outbyte.o)
 .bss           0x00024150        0x4 ../../wlan_bsp_cpu_high/mb_high/lib\libxil.a(xil_assert.o)
 .bss           0x00024154        0x0 ../../wlan_bsp_cpu_high/mb_high/lib\libxil.a(xil_exception.o)
 .bss           0x00024154        0x0 ../../wlan_bsp_cpu_high/mb_high/lib\libxil.a(xil_io.o)
 .bss           0x00024154        0x0 ../../wlan_bsp_cpu_high/mb_high/lib\libxil.a(xaxicdma.o)
 .bss           0x00024154        0x0 ../../wlan_bsp_cpu_high/mb_high/lib\libxil.a(xaxicdma_bdring.o)
 .bss           0x00024154        0x0 ../../wlan_bsp_cpu_high/mb_high/lib\libxil.a(xaxicdma_intr.o)
 .bss           0x00024154        0x0 ../../wlan_bsp_cpu_high/mb_high/lib\libxil.a(xaxicdma_sinit.o)
 .bss           0x00024154        0x0 ../../wlan_bsp_cpu_high/mb_high/lib\libxil.a(xaxiethernet.o)
 .bss           0x00024154        0x0 ../../wlan_bsp_cpu_high/mb_high/lib\libxil.a(xaxiethernet_sinit.o)
 .bss           0x00024154        0x0 ../../wlan_bsp_cpu_high/mb_high/lib\libxil.a(xaxidma.o)
 .bss           0x00024154        0x0 ../../wlan_bsp_cpu_high/mb_high/lib\libxil.a(xaxidma_bd.o)
 .bss           0x00024154        0x0 ../../wlan_bsp_cpu_high/mb_high/lib\libxil.a(xaxidma_bdring.o)
 .bss           0x00024154        0x0 ../../wlan_bsp_cpu_high/mb_high/lib\libxil.a(xaxidma_sinit.o)
 .bss           0x00024154        0x0 ../../wlan_bsp_cpu_high/mb_high/lib\libxil.a(xintc.o)
 .bss           0x00024154        0x0 ../../wlan_bsp_cpu_high/mb_high/lib\libxil.a(xintc_g.o)
 .bss           0x00024154        0x0 ../../wlan_bsp_cpu_high/mb_high/lib\libxil.a(xintc_intr.o)
 .bss           0x00024154        0x0 ../../wlan_bsp_cpu_high/mb_high/lib\libxil.a(xintc_l.o)
 .bss           0x00024154        0x0 ../../wlan_bsp_cpu_high/mb_high/lib\libxil.a(xgpio.o)
 .bss           0x00024154        0x0 ../../wlan_bsp_cpu_high/mb_high/lib\libxil.a(xgpio_intr.o)
 .bss           0x00024154        0x0 ../../wlan_bsp_cpu_high/mb_high/lib\libxil.a(xgpio_sinit.o)
 .bss           0x00024154        0x0 ../../wlan_bsp_cpu_high/mb_high/lib\libxil.a(xtmrctr.o)
 .bss           0x00024154        0x0 ../../wlan_bsp_cpu_high/mb_high/lib\libxil.a(xtmrctr_g.o)
 .bss           0x00024154        0x0 ../../wlan_bsp_cpu_high/mb_high/lib\libxil.a(xtmrctr_intr.o)
 .bss           0x00024154        0x0 ../../wlan_bsp_cpu_high/mb_high/lib\libxil.a(xtmrctr_l.o)
 .bss           0x00024154        0x0 ../../wlan_bsp_cpu_high/mb_high/lib\libxil.a(xtmrctr_options.o)
 .bss           0x00024154        0x0 ../../wlan_bsp_cpu_high/mb_high/lib\libxil.a(xuartlite.o)
 .bss           0x00024154        0x0 ../../wlan_bsp_cpu_high/mb_high/lib\libxil.a(xuartlite_intr.o)
 .bss           0x00024154        0x0 ../../wlan_bsp_cpu_high/mb_high/lib\libxil.a(xuartlite_l.o)
 .bss           0x00024154        0x0 ../../wlan_bsp_cpu_high/mb_high/lib\libxil.a(xuartlite_sinit.o)
 .bss           0x00024154        0x0 ../../wlan_bsp_cpu_high/mb_high/lib\libxil.a(xuartlite_stats.o)
 .bss           0x00024154        0x0 ../../wlan_bsp_cpu_high/mb_high/lib\libxil.a(xmbox.o)
 .bss           0x00024154        0x0 ../../wlan_bsp_cpu_high/mb_high/lib\libxil.a(xmbox_sinit.o)
 .bss           0x00024154        0x0 ../../wlan_bsp_cpu_high/mb_high/lib\libxil.a(xmutex.o)
 .bss           0x00024154        0x0 ../../wlan_bsp_cpu_high/mb_high/lib\libxil.a(xmutex_sinit.o)
 .bss           0x00024154        0x4 ../../wlan_bsp_cpu_high/mb_high/lib\libxil.a(xbasic_types.o)
 .bss           0x00024158        0x0 ../../wlan_bsp_cpu_high/mb_high/lib\libxil.a(microblaze_disable_exceptions.o)
 .bss           0x00024158        0x0 ../../wlan_bsp_cpu_high/mb_high/lib\libxil.a(microblaze_disable_interrupts.o)
 .bss           0x00024158        0x0 ../../wlan_bsp_cpu_high/mb_high/lib\libxil.a(microblaze_enable_exceptions.o)
 .bss           0x00024158        0x0 ../../wlan_bsp_cpu_high/mb_high/lib\libxil.a(microblaze_enable_interrupts.o)
 .bss           0x00024158        0x0 ../../wlan_bsp_cpu_high/mb_high/lib\libxil.a(microblaze_invalidate_dcache_range.o)
 .bss           0x00024158        0x0 ../../wlan_bsp_cpu_high/mb_high/lib\libxil.a(xaxicdma_bd.o)
 .bss           0x00024158        0x0 ../../wlan_bsp_cpu_high/mb_high/lib\libxil.a(xaxicdma_g.o)
 .bss           0x00024158        0x0 ../../wlan_bsp_cpu_high/mb_high/lib\libxil.a(xaxiethernet_g.o)
 .bss           0x00024158        0x0 ../../wlan_bsp_cpu_high/mb_high/lib\libxil.a(xaxidma_g.o)
 .bss           0x00024158        0x0 ../../wlan_bsp_cpu_high/mb_high/lib\libxil.a(xgpio_g.o)
 .bss           0x00024158        0x0 ../../wlan_bsp_cpu_high/mb_high/lib\libxil.a(xuartlite_g.o)
 .bss           0x00024158        0x0 ../../wlan_bsp_cpu_high/mb_high/lib\libxil.a(xmbox_g.o)
 .bss           0x00024158        0x0 ../../wlan_bsp_cpu_high/mb_high/lib\libxil.a(xmutex_g.o)
 .bss           0x00024158        0x0 c:/xilinx/14.4/ise_ds/edk/gnu/microblaze/nt64/bin/../lib/gcc/microblaze-xilinx-elf/4.6.2/bs/m/le\libgcc.a(divsi3.o)
 .bss           0x00024158        0x0 c:/xilinx/14.4/ise_ds/edk/gnu/microblaze/nt64/bin/../lib/gcc/microblaze-xilinx-elf/4.6.2/bs/m/le\libgcc.a(modsi3.o)
 .bss           0x00024158        0x0 c:/xilinx/14.4/ise_ds/edk/gnu/microblaze/nt64/bin/../lib/gcc/microblaze-xilinx-elf/4.6.2/bs/m/le\libgcc.a(udivsi3.o)
 .bss           0x00024158        0x0 c:/xilinx/14.4/ise_ds/edk/gnu/microblaze/nt64/bin/../lib/gcc/microblaze-xilinx-elf/4.6.2/bs/m/le\libgcc.a(umodsi3.o)
 .bss           0x00024158        0x0 ../../wlan_bsp_cpu_high/mb_high/lib\libc.a(lib_a-ctype_.o)
 .bss           0x00024158        0x0 ../../wlan_bsp_cpu_high/mb_high/lib\libc.a(lib_a-exit.o)
 .bss           0x00024158        0x0 ../../wlan_bsp_cpu_high/mb_high/lib\libc.a(lib_a-impure.o)
 .bss           0x00024158        0x0 ../../wlan_bsp_cpu_high/mb_high/lib\libc.a(lib_a-malloc.o)
 .bss           0x00024158       0x34 ../../wlan_bsp_cpu_high/mb_high/lib\libc.a(lib_a-mallocr.o)
                0x00024158                __malloc_current_mallinfo
                0x00024180                __malloc_max_total_mem
                0x00024184                __malloc_max_sbrked_mem
                0x00024188                __malloc_top_pad
 .bss           0x0002418c        0x0 ../../wlan_bsp_cpu_high/mb_high/lib\libc.a(lib_a-memcmp.o)
 .bss           0x0002418c        0x0 ../../wlan_bsp_cpu_high/mb_high/lib\libc.a(lib_a-memcpy.o)
 .bss           0x0002418c        0x0 ../../wlan_bsp_cpu_high/mb_high/lib\libc.a(lib_a-memmove.o)
 .bss           0x0002418c        0x0 ../../wlan_bsp_cpu_high/mb_high/lib\libc.a(lib_a-memset.o)
 .bss           0x0002418c        0x0 ../../wlan_bsp_cpu_high/mb_high/lib\libc.a(lib_a-mlock.o)
 .bss           0x0002418c        0x0 ../../wlan_bsp_cpu_high/mb_high/lib\libc.a(lib_a-mstats.o)
 .bss           0x0002418c        0x0 ../../wlan_bsp_cpu_high/mb_high/lib\libc.a(lib_a-rand.o)
 .bss           0x0002418c        0x0 ../../wlan_bsp_cpu_high/mb_high/lib\libc.a(lib_a-realloc.o)
 .bss           0x0002418c        0x0 ../../wlan_bsp_cpu_high/mb_high/lib\libc.a(lib_a-reallocr.o)
 .bss           0x0002418c        0x0 ../../wlan_bsp_cpu_high/mb_high/lib\libc.a(lib_a-sbrkr.o)
 .bss           0x0002418c        0x0 ../../wlan_bsp_cpu_high/mb_high/lib\libc.a(lib_a-strcpy.o)
 .bss           0x0002418c        0x0 ../../wlan_bsp_cpu_high/mb_high/lib\libc.a(lib_a-strlen.o)
 .bss           0x0002418c        0x0 ../../wlan_bsp_cpu_high/mb_high/lib\libc.a(lib_a-__call_atexit.o)
 .bss           0x0002418c        0x0 ../../wlan_bsp_cpu_high/mb_high/lib\libc.a(lib_a-findfp.o)
 .bss           0x0002418c        0x0 ../../wlan_bsp_cpu_high/mb_high/lib\libc.a(lib_a-fiprintf.o)
 .bss           0x0002418c        0x0 ../../wlan_bsp_cpu_high/mb_high/lib\libc.a(lib_a-freer.o)
 .bss           0x0002418c        0x0 ../../wlan_bsp_cpu_high/mb_high/lib\libc.a(lib_a-fwalk.o)
 .bss           0x0002418c        0x0 ../../wlan_bsp_cpu_high/mb_high/lib\libc.a(lib_a-mallinfor.o)
 .bss           0x0002418c        0x0 ../../wlan_bsp_cpu_high/mb_high/lib\libc.a(lib_a-malloptr.o)
 .bss           0x0002418c        0x0 ../../wlan_bsp_cpu_high/mb_high/lib\libc.a(lib_a-mallstatsr.o)
 .bss           0x0002418c        0x0 ../../wlan_bsp_cpu_high/mb_high/lib\libc.a(lib_a-reent.o)
 .bss           0x0002418c        0x0 ../../wlan_bsp_cpu_high/mb_high/lib\libc.a(lib_a-stdio.o)
 .bss           0x0002418c        0x0 ../../wlan_bsp_cpu_high/mb_high/lib\libc.a(lib_a-vfiprintf.o)
 .bss           0x0002418c        0x0 ../../wlan_bsp_cpu_high/mb_high/lib\libc.a(lib_a-writer.o)
 .bss           0x0002418c        0x0 ../../wlan_bsp_cpu_high/mb_high/lib\libc.a(lib_a-wsetup.o)
 .bss           0x0002418c        0x0 ../../wlan_bsp_cpu_high/mb_high/lib\libc.a(lib_a-closer.o)
 .bss           0x0002418c        0x0 ../../wlan_bsp_cpu_high/mb_high/lib\libc.a(lib_a-fclose.o)
 .bss           0x0002418c        0x0 ../../wlan_bsp_cpu_high/mb_high/lib\libc.a(lib_a-fflush.o)
 .bss           0x0002418c        0x0 ../../wlan_bsp_cpu_high/mb_high/lib\libc.a(lib_a-fputwc.o)
 .bss           0x0002418c        0x0 ../../wlan_bsp_cpu_high/mb_high/lib\libc.a(lib_a-fvwrite.o)
 .bss           0x0002418c        0xc ../../wlan_bsp_cpu_high/mb_high/lib\libc.a(lib_a-locale.o)
                0x0002418c                _PathLocale
                0x00024190                __mlocale_changed
                0x00024194                __nlocale_changed
 .bss           0x00024198        0x0 ../../wlan_bsp_cpu_high/mb_high/lib\libc.a(lib_a-lseekr.o)
 .bss           0x00024198        0x0 ../../wlan_bsp_cpu_high/mb_high/lib\libc.a(lib_a-makebuf.o)
 .bss           0x00024198        0x0 ../../wlan_bsp_cpu_high/mb_high/lib\libc.a(lib_a-memchr.o)
 .bss           0x00024198        0x0 ../../wlan_bsp_cpu_high/mb_high/lib\libc.a(lib_a-readr.o)
 .bss           0x00024198        0x0 ../../wlan_bsp_cpu_high/mb_high/lib\libc.a(lib_a-strcmp.o)
 .bss           0x00024198        0x0 ../../wlan_bsp_cpu_high/mb_high/lib\libc.a(lib_a-wbuf.o)
 .bss           0x00024198        0x0 ../../wlan_bsp_cpu_high/mb_high/lib\libc.a(lib_a-wcrtomb.o)
 .bss           0x00024198        0x0 ../../wlan_bsp_cpu_high/mb_high/lib\libc.a(lib_a-wctomb_r.o)
 .bss           0x00024198        0x0 ../../wlan_bsp_cpu_high/mb_high/lib\libc.a(lib_a-fstatr.o)
 .bss           0x00024198        0x0 ../../wlan_bsp_cpu_high/mb_high/lib\libc.a(lib_a-isattyr.o)
 .bss           0x00024198        0x0 ../../wlan_bsp_cpu_high/mb_high/lib\libxil.a(fstat.o)
 .bss           0x00024198        0x0 ../../wlan_bsp_cpu_high/mb_high/lib\libxil.a(isatty.o)
 .bss           0x00024198        0x0 ../../wlan_bsp_cpu_high/mb_high/lib\libxil.a(lseek.o)
 .bss           0x00024198        0x4 ../../wlan_bsp_cpu_high/mb_high/lib\libxil.a(sbrk.o)
 .bss           0x0002419c        0x0 ../../wlan_bsp_cpu_high/mb_high/lib\libxil.a(write.o)
 .bss           0x0002419c        0x0 ../../wlan_bsp_cpu_high/mb_high/lib\libxil.a(read.o)
 .bss           0x0002419c        0x0 ../../wlan_bsp_cpu_high/mb_high/lib\libxil.a(close.o)
 .bss           0x0002419c        0x0 ../../wlan_bsp_cpu_high/mb_high/lib\libxil.a(errno.o)
 .bss           0x0002419c        0x0 ../../wlan_bsp_cpu_high/mb_high/lib\libxil.a(inbyte.o)
 .bss           0x0002419c        0x0 c:/xilinx/14.4/ise_ds/edk/gnu/microblaze/nt64/bin/../lib/gcc/microblaze-xilinx-elf/4.6.2/bs/m/le\libgcc.a(_muldi3.o)
 .bss           0x0002419c        0x0 c:/xilinx/14.4/ise_ds/edk/gnu/microblaze/nt64/bin/../lib/gcc/microblaze-xilinx-elf/4.6.2/bs/m/le\libgcc.a(_udivdi3.o)
 .bss           0x0002419c        0x0 c:/xilinx/14.4/ise_ds/edk/gnu/microblaze/nt64/bin/../lib/gcc/microblaze-xilinx-elf/4.6.2/bs/m/le\libgcc.a(_umoddi3.o)
 .bss           0x0002419c        0x0 c:/xilinx/14.4/ise_ds/edk/gnu/microblaze/nt64/bin/../lib/gcc/microblaze-xilinx-elf/4.6.2/bs/m/le\libgcc.a(_clz.o)
 .bss           0x0002419c        0x0 c:/xilinx/14.4/ise_ds/edk/gnu/microblaze/nt64/bin/../lib/gcc/microblaze-xilinx-elf/4.6.2/bs/m/le/crtend.o
 .bss           0x0002419c        0x0 c:/xilinx/14.4/ise_ds/edk/gnu/microblaze/nt64/bin/../lib/gcc/microblaze-xilinx-elf/4.6.2/bs/m/le/crtn.o
 *(.bss.*)
 *(.gnu.linkonce.b.*)
 *(COMMON)
 COMMON         0x0002419c        0x4 ./wlan_mac_high_framework/wlan_exp_common.o
                0x0002419c                hw_info_ptr
 COMMON         0x000241a0       0x1c ./wlan_mac_high_framework/wlan_mac_eth_util.o
                0x000241a0                eth_mac_addr
                0x000241a6                eth_encap_mode
                0x000241a8                ETH_A_NUM_RX_BD
                0x000241ac                eth_rx_callback
                0x000241b0                eth_sta_mac_addr
                0x000241b8                transmit_callback
 COMMON         0x000241bc        0x1 ./wlan_mac_high_framework/wlan_mac_event_log.o
                0x000241bc                enable_event_logging
 *fill*         0x000241bd        0x3 00
 COMMON         0x000241c0       0x18 ./wlan_mac_high_framework/wlan_mac_fmc_pkt.o
                0x000241c0                ipc_msg_from_fmc
                0x000241c8                fmc_ipc_mailbox
 COMMON         0x000241d8      0x269 ./wlan_mac_high_framework/wlan_mac_high.o
                0x000241d8                UartLite
                0x00024224                pb_d_callback
                0x00024228                cdma_inst
                0x0002438c                check_queue_callback
                0x00024390                ipc_msg_from_low
                0x00024398                hw_info
                0x000243b8                pb_u_callback
                0x000243bc                tx_pkt_buf
                0x000243c0                ipc_msg_from_low_payload
                0x00024410                uart_callback
                0x00024414                fcs_bad_rx_callback
                0x00024418                mpdu_tx_accept_callback
                0x0002441c                pb_m_callback
                0x00024420                mpdu_rx_callback
                0x00024424                mpdu_tx_done_callback
                0x00024428                dram_present
                0x0002442c                InterruptController
                0x00024440                uart_rx_buffer
 *fill*         0x00024441        0x3 00
 COMMON         0x00024444        0x8 ./wlan_mac_high_framework/wlan_mac_queue.o
                0x00024444                PQUEUE_BUFFER_SPACE_BASE
                0x00024448                PQUEUE_LEN
 COMMON         0x0002444c       0x28 ./wlan_mac_common/wlan_mac_ipc_util.o
                0x0002444c                mailbox_rx_callback
                0x00024450                ipc_mailbox
                0x00024460                pkt_buf_mutex
 COMMON         0x00024474       0x58 ./src/wlan_mac_ap.o
                0x00024474                animation_schedule_id
                0x00024478                max_queue_size
                0x0002447c                default_tx_gain_target
                0x00024480                tx_header_common
                0x00024490                mac_param_chan
                0x00024494                statistics_table
                0x000244a0                default_unicast_rate