
**** Build of configuration Debug for project wlan_mac_low_dcf ****

make all 
Building file: ../src/wlan_mac_dcf.c
Invoking: MicroBlaze gcc compiler
mb-gcc -Wall -O0 -g3 -I"C:\Users\Ahmed.Youssef\Desktop\w3_802.11_EDK_v0.71_beta\SDK_Workspace\wlan_mac_shared\wlan_mac_common\include" -I"C:\Users\Ahmed.Youssef\Desktop\w3_802.11_EDK_v0.71_beta\SDK_Workspace\wlan_mac_low_dcf\src\include" -c -fmessage-length=0 -Wl,--no-relax -I../../wlan_bsp_cpu_low/mb_low/include -mlittle-endian -mxl-barrel-shift -mxl-pattern-compare -mcpu=v8.40.b -mno-xl-soft-mul -MMD -MP -MF"src/wlan_mac_dcf.d" -MT"src/wlan_mac_dcf.d" -o"src/wlan_mac_dcf.o" "../src/wlan_mac_dcf.c"
In file included from ../src/wlan_mac_dcf.c:32:0:
../../wlan_bsp_cpu_low/mb_low/include/radio_controller.h:245:1: warning: multi-line comment [-Wcomment]
Finished building: ../src/wlan_mac_dcf.c
' '
Building target: wlan_mac_low_dcf.elf
Invoking: MicroBlaze gcc linker
mb-gcc -Wl,--no-relax -Wl,-Map=executable.map -Wl,-T -Wl,../src/lscript.ld -L../../wlan_bsp_cpu_low/mb_low/lib -mlittle-endian -mxl-barrel-shift -mxl-pattern-compare -mcpu=v8.40.b -mno-xl-soft-mul -o"wlan_mac_low_dcf.elf"  ./wlan_mac_common/wlan_mac_ipc_util.o  ./src/wlan_mac_dcf.o ./src/wlan_phy_util.o   -Wl,--start-group,-lxil,-lgcc,-lc,--end-group
Finished building target: wlan_mac_low_dcf.elf
' '
Invoking: MicroBlaze Print Size
mb-size wlan_mac_low_dcf.elf  |tee "wlan_mac_low_dcf.elf.size"
   text	   data	    bss	    dec	    hex	filename
  44770	   1452	   2346	  48568	   bdb8	wlan_mac_low_dcf.elf
Finished building: wlan_mac_low_dcf.elf.size
' '
Invoking: Xilinx ELF Check
elfcheck wlan_mac_low_dcf.elf -hw ../../wlan_xps_v35_hw_platform/system.xml -pe mb_low  |tee "wlan_mac_low_dcf.elf.elfcheck"
elfcheck
Xilinx EDK 14.4 Build EDK_P.49d
Copyright (c) 1995-2012 Xilinx, Inc.  All rights reserved.

Command Line: elfcheck -hw ../../wlan_xps_v35_hw_platform/system.xml -pe mb_low
wlan_mac_low_dcf.elf 

ELF file	: wlan_mac_low_dcf.elf
elfcheck passed.
Finished building: wlan_mac_low_dcf.elf.elfcheck
' '
